Component: ARM Compiler 5.06 update 7 (build 960) Tool: armlink [4d3601]

==============================================================================

Section Cross References

    startup_stm32f407xx.o(STACK) refers (Special) to heapauxi.o(.text) for __use_two_region_memory
    startup_stm32f407xx.o(HEAP) refers (Special) to heapauxi.o(.text) for __use_two_region_memory
    startup_stm32f407xx.o(RESET) refers (Special) to heapauxi.o(.text) for __use_two_region_memory
    startup_stm32f407xx.o(RESET) refers to startup_stm32f407xx.o(STACK) for __initial_sp
    startup_stm32f407xx.o(RESET) refers to startup_stm32f407xx.o(.text) for Reset_Handler
    startup_stm32f407xx.o(RESET) refers to stm32f4xx_it.o(i.NMI_Handler) for NMI_Handler
    startup_stm32f407xx.o(RESET) refers to stm32f4xx_it.o(i.HardFault_Handler) for HardFault_Handler
    startup_stm32f407xx.o(RESET) refers to stm32f4xx_it.o(i.MemManage_Handler) for MemManage_Handler
    startup_stm32f407xx.o(RESET) refers to stm32f4xx_it.o(i.BusFault_Handler) for BusFault_Handler
    startup_stm32f407xx.o(RESET) refers to stm32f4xx_it.o(i.UsageFault_Handler) for UsageFault_Handler
    startup_stm32f407xx.o(RESET) refers to port.o(.emb_text) for SVC_Handler
    startup_stm32f407xx.o(RESET) refers to stm32f4xx_it.o(i.DebugMon_Handler) for DebugMon_Handler
    startup_stm32f407xx.o(RESET) refers to port.o(i.SysTick_Handler) for SysTick_Handler
    startup_stm32f407xx.o(RESET) refers to stm32f4xx_it.o(i.EXTI0_IRQHandler) for EXTI0_IRQHandler
    startup_stm32f407xx.o(RESET) refers to stm32f4xx_it.o(i.EXTI4_IRQHandler) for EXTI4_IRQHandler
    startup_stm32f407xx.o(RESET) refers to stm32f4xx_it.o(i.DMA1_Stream1_IRQHandler) for DMA1_Stream1_IRQHandler
    startup_stm32f407xx.o(RESET) refers to stm32f4xx_it.o(i.CAN1_RX0_IRQHandler) for CAN1_RX0_IRQHandler
    startup_stm32f407xx.o(RESET) refers to stm32f4xx_it.o(i.EXTI9_5_IRQHandler) for EXTI9_5_IRQHandler
    startup_stm32f407xx.o(RESET) refers to stm32f4xx_it.o(i.TIM3_IRQHandler) for TIM3_IRQHandler
    startup_stm32f407xx.o(RESET) refers to stm32f4xx_it.o(i.USART1_IRQHandler) for USART1_IRQHandler
    startup_stm32f407xx.o(RESET) refers to remote_control.o(i.USART3_IRQHandler) for USART3_IRQHandler
    startup_stm32f407xx.o(RESET) refers to stm32f4xx_it.o(i.DMA2_Stream1_IRQHandler) for DMA2_Stream1_IRQHandler
    startup_stm32f407xx.o(RESET) refers to ins_task.o(i.DMA2_Stream2_IRQHandler) for DMA2_Stream2_IRQHandler
    startup_stm32f407xx.o(RESET) refers to stm32f4xx_it.o(i.DMA2_Stream3_IRQHandler) for DMA2_Stream3_IRQHandler
    startup_stm32f407xx.o(RESET) refers to stm32f4xx_it.o(i.CAN2_RX0_IRQHandler) for CAN2_RX0_IRQHandler
    startup_stm32f407xx.o(RESET) refers to stm32f4xx_it.o(i.DMA2_Stream6_IRQHandler) for DMA2_Stream6_IRQHandler
    startup_stm32f407xx.o(RESET) refers to referee_task.o(i.USART6_IRQHandler) for USART6_IRQHandler
    startup_stm32f407xx.o(.text) refers (Special) to heapauxi.o(.text) for __use_two_region_memory
    startup_stm32f407xx.o(.text) refers to system_stm32f4xx.o(i.SystemInit) for SystemInit
    startup_stm32f407xx.o(.text) refers to __main.o(!!!main) for __main
    startup_stm32f407xx.o(.text) refers to startup_stm32f407xx.o(HEAP) for Heap_Mem
    startup_stm32f407xx.o(.text) refers to startup_stm32f407xx.o(STACK) for Stack_Mem
    main.o(i.HAL_TIM_PeriodElapsedCallback) refers to stm32f4xx_hal.o(i.HAL_IncTick) for HAL_IncTick
    main.o(i.SystemClock_Config) refers to rt_memclr_w.o(.text) for __aeabi_memclr4
    main.o(i.SystemClock_Config) refers to stm32f4xx_hal_rcc.o(i.HAL_RCC_OscConfig) for HAL_RCC_OscConfig
    main.o(i.SystemClock_Config) refers to main.o(i.Error_Handler) for Error_Handler
    main.o(i.SystemClock_Config) refers to stm32f4xx_hal_rcc.o(i.HAL_RCC_ClockConfig) for HAL_RCC_ClockConfig
    main.o(i.main) refers to stm32f4xx_hal.o(i.HAL_Init) for HAL_Init
    main.o(i.main) refers to main.o(i.SystemClock_Config) for SystemClock_Config
    main.o(i.main) refers to stm32f4xx_hal.o(i.HAL_Delay) for HAL_Delay
    main.o(i.main) refers to gpio.o(i.MX_GPIO_Init) for MX_GPIO_Init
    main.o(i.main) refers to dma.o(i.MX_DMA_Init) for MX_DMA_Init
    main.o(i.main) refers to can.o(i.MX_CAN1_Init) for MX_CAN1_Init
    main.o(i.main) refers to can.o(i.MX_CAN2_Init) for MX_CAN2_Init
    main.o(i.main) refers to spi.o(i.MX_SPI1_Init) for MX_SPI1_Init
    main.o(i.main) refers to usart.o(i.MX_USART1_UART_Init) for MX_USART1_UART_Init
    main.o(i.main) refers to usart.o(i.MX_USART3_UART_Init) for MX_USART3_UART_Init
    main.o(i.main) refers to usart.o(i.MX_USART6_UART_Init) for MX_USART6_UART_Init
    main.o(i.main) refers to tim.o(i.MX_TIM5_Init) for MX_TIM5_Init
    main.o(i.main) refers to tim.o(i.MX_TIM4_Init) for MX_TIM4_Init
    main.o(i.main) refers to tim.o(i.MX_TIM10_Init) for MX_TIM10_Init
    main.o(i.main) refers to stm32f4xx_hal_tim.o(i.HAL_TIM_PWM_Start) for HAL_TIM_PWM_Start
    main.o(i.main) refers to bsp_can.o(i.can_filter_init) for can_filter_init
[...]
    _d2f                                     0x08014011   Thumb Code    98  d2f.o(x$fpl$d2f)
    __aeabi_dadd                             0x08014075   Thumb Code     0  daddsub_clz.o(x$fpl$dadd)
    _dadd                                    0x08014075   Thumb Code   332  daddsub_clz.o(x$fpl$dadd)
    __fpl_dcmp_Inf                           0x080141c5   Thumb Code    24  dcmpi.o(x$fpl$dcmpinf)
    __aeabi_ddiv                             0x080141dd   Thumb Code     0  ddiv.o(x$fpl$ddiv)
    _ddiv                                    0x080141dd   Thumb Code   552  ddiv.o(x$fpl$ddiv)
    __aeabi_cdcmpeq                          0x0801448d   Thumb Code     0  deqf.o(x$fpl$deqf)
    _dcmpeq                                  0x0801448d   Thumb Code   120  deqf.o(x$fpl$deqf)
    __aeabi_d2iz                             0x08014505   Thumb Code     0  dfix.o(x$fpl$dfix)
    _dfix                                    0x08014505   Thumb Code    94  dfix.o(x$fpl$dfix)
    __aeabi_d2uiz                            0x08014565   Thumb Code     0  dfixu.o(x$fpl$dfixu)
    _dfixu                                   0x08014565   Thumb Code    90  dfixu.o(x$fpl$dfixu)
    __aeabi_i2d                              0x080145bf   Thumb Code     0  dflt_clz.o(x$fpl$dflt)
    _dflt                                    0x080145bf   Thumb Code    46  dflt_clz.o(x$fpl$dflt)
    __aeabi_ui2d                             0x080145ed   Thumb Code     0  dflt_clz.o(x$fpl$dfltu)
    _dfltu                                   0x080145ed   Thumb Code    38  dflt_clz.o(x$fpl$dfltu)
    __aeabi_cdcmple                          0x08014615   Thumb Code     0  dleqf.o(x$fpl$dleqf)
    _dcmple                                  0x08014615   Thumb Code   120  dleqf.o(x$fpl$dleqf)
    __fpl_dcmple_InfNaN                      0x08014677   Thumb Code     0  dleqf.o(x$fpl$dleqf)
    __aeabi_dmul                             0x0801468d   Thumb Code     0  dmul.o(x$fpl$dmul)
    _dmul                                    0x0801468d   Thumb Code   332  dmul.o(x$fpl$dmul)
    __fpl_dnaninf                            0x080147e1   Thumb Code   156  dnaninf.o(x$fpl$dnaninf)
    __fpl_dretinf                            0x0801487d   Thumb Code    12  dretinf.o(x$fpl$dretinf)
    __aeabi_cdrcmple                         0x08014889   Thumb Code     0  drleqf.o(x$fpl$drleqf)
    _drcmple                                 0x08014889   Thumb Code   108  drleqf.o(x$fpl$drleqf)
    __aeabi_drsub                            0x080148f5   Thumb Code     0  daddsub_clz.o(x$fpl$drsb)
    _drsb                                    0x080148f5   Thumb Code    22  daddsub_clz.o(x$fpl$drsb)
    _dsqrt                                   0x0801490d   Thumb Code   404  dsqrt_umaal.o(x$fpl$dsqrt)
    __aeabi_dsub                             0x08014aa5   Thumb Code     0  daddsub_clz.o(x$fpl$dsub)
    _dsub                                    0x08014aa5   Thumb Code   464  daddsub_clz.o(x$fpl$dsub)
    __aeabi_f2d                              0x08014c79   Thumb Code     0  f2d.o(x$fpl$f2d)
    _f2d                                     0x08014c79   Thumb Code    86  f2d.o(x$fpl$f2d)
    __fpl_fnaninf                            0x08014ccf   Thumb Code   140  fnaninf.o(x$fpl$fnaninf)
    _fp_init                                 0x08014d5b   Thumb Code    10  fpinit.o(x$fpl$fpinit)
    __fplib_config_fpu_vfp                   0x08014d63   Thumb Code     0  fpinit.o(x$fpl$fpinit)
    __fplib_config_pureend_doubles           0x08014d63   Thumb Code     0  fpinit.o(x$fpl$fpinit)
    __fpl_fretinf                            0x08014d65   Thumb Code    10  fretinf.o(x$fpl$fretinf)
    __I$use$fp                               0x08014d6e   Number         0  usenofp.o(x$fpl$usenofp)
    AHBPrescTable                            0x08014eac   Data          16  system_stm32f4xx.o(.constdata)
    APBPrescTable                            0x08014ebc   Data           8  system_stm32f4xx.o(.constdata)
    CRC8_INIT                                0x08014fa2   Data           1  crc8_crc16.o(.constdata)
    CRC8_table                               0x08014fa3   Data         256  crc8_crc16.o(.constdata)
    wCRC_table                               0x080150a4   Data         512  crc8_crc16.o(.constdata)
    __mathlib_zero                           0x08015408   Data           8  qnan.o(.constdata)
    Region$$Table$$Base                      0x080155b8   Number         0  anon$$obj.o(Region$$Table)
    Region$$Table$$Limit                     0x080155d8   Number         0  anon$$obj.o(Region$$Table)
    defaultTaskHandle                        0x20000000   Data           4  freertos.o(.data)
    led_taskHandle                           0x20000004   Data           4  freertos.o(.data)
    buzzer_taskHandle                        0x20000008   Data           4  freertos.o(.data)
    chassis_taskHandle                       0x2000000c   Data           4  freertos.o(.data)
    supercap_taskHandle                      0x20000010   Data           4  freertos.o(.data)
    referee_taskHandle                       0x20000014   Data           4  freertos.o(.data)
    ins_taskHandle                           0x20000018   Data           4  freertos.o(.data)
    calibrate_taskHandle                     0x2000001c   Data           4  freertos.o(.data)
    detect_taskHandle                        0x20000020   Data           4  freertos.o(.data)
    gimbal_taskHandle                        0x20000024   Data           4  freertos.o(.data)
    telescope_taskHandle                     0x20000028   Data           4  freertos.o(.data)
    uwTick                                   0x20000030   Data           4  stm32f4xx_hal.o(.data)
    uwTickPrio                               0x20000034   Data           4  stm32f4xx_hal.o(.data)
    uwTickFreq                               0x20000038   Data           1  stm32f4xx_hal.o(.data)
    SystemCoreClock                          0x2000003c   Data           4  system_stm32f4xx.o(.data)
    pxCurrentTCB                             0x20000040   Data           4  tasks.o(.data)
    BuzzerCount                              0x200000a8   Data           1  buzzer_task.o(.data)
    calibrate_flag                           0x200000ac   Data           1  calibrate_task.o(.data)
    start_count                              0x200000ae   Data           2  calibrate_task.o(.data)
    calibration_count                        0x200000b0   Data           2  calibrate_task.o(.data)
    gyro_x_zero                              0x200000b4   Data           4  calibrate_task.o(.data)
    gyro_y_zero                              0x200000b8   Data           4  calibrate_task.o(.data)
    gyro_z_zero                              0x200000bc   Data           4  calibrate_task.o(.data)
    sum_x                                    0x200000c0   Data           4  calibrate_task.o(.data)
    sum_y                                    0x200000c4   Data           4  calibrate_task.o(.data)
    sum_z                                    0x200000c8   Data           4  calibrate_task.o(.data)
    send_num                                 0x200000cc   Data           2  chassis_task.o(.data)
    cap_send_num                             0x200000ce   Data           1  chassis_task.o(.data)
    chassis_send_num                         0x200000cf   Data           1  chassis_task.o(.data)
    chassis_mode_time                        0x200000d0   Data           2  chassis_task.o(.data)
    spin_w_count                             0x200000d2   Data           2  chassis_task.o(.data)
    spin_w_flag                              0x200000d4   Data           1  chassis_task.o(.data)
    relative_Pmax                            0x200000d8   Data           4  chassis_task.o(.data)
    Reset_cont                               0x200000e2   Data           1  detect_task.o(.data)
    remote_control_data_error_flag           0x200000e3   Data           1  detect_task.o(.data)
    rollover_flag                            0x200000e4   Data           1  detect_task.o(.data)
    trigger_motor3508_block_flag             0x200000e5   Data           1  detect_task.o(.data)
    rc_receive_flag                          0x200000e6   Data           1  detect_task.o(.data)
    shoot_mode_sned_num                      0x200000f0   Data           2  gimbal_task.o(.data)
    q_send_num                               0x200000f2   Data           2  gimbal_task.o(.data)
    fric_send_num                            0x200000f4   Data           1  gimbal_task.o(.data)
    gimbal_init_over_time                    0x200000f6   Data           2  gimbal_task.o(.data)
    gimbal_init_time                         0x200000f8   Data           2  gimbal_task.o(.data)
    gimbal_init_flag                         0x200000fa   Data           1  gimbal_task.o(.data)
    turnover_cold_time                       0x200000fc   Data           2  gimbal_task.o(.data)
    shoot_mode_flag                          0x200000fe   Data           1  gimbal_task.o(.data)
    gimbal_into_zero_force_time              0x20000100   Data           2  gimbal_task.o(.data)
    gyro_dma_rx_buf                          0x20000108   Data           8  ins_task.o(.data)
    gyro_dma_tx_buf                          0x20000110   Data           8  ins_task.o(.data)
    accel_dma_tx_buf                         0x20000118   Data           9  ins_task.o(.data)
    accel_temp_dma_rx_buf                    0x20000121   Data           4  ins_task.o(.data)
    accel_temp_dma_tx_buf                    0x20000125   Data           4  ins_task.o(.data)
    gyro_update_flag                         0x20000129   Data           1  ins_task.o(.data)
    accel_update_flag                        0x2000012a   Data           1  ins_task.o(.data)
    accel_temp_update_flag                   0x2000012b   Data           1  ins_task.o(.data)
    imu_start_dma_flag                       0x2000012c   Data           1  ins_task.o(.data)
    first_temperate                          0x2000012d   Data           1  ins_task.o(.data)
    timing_time                              0x20000130   Data           4  ins_task.o(.data)
    twoKp                                    0x20000134   Data           4  ins_task.o(.data)
    twoKi                                    0x20000138   Data           4  ins_task.o(.data)
    integralFBx                              0x2000013c   Data           4  ins_task.o(.data)
    integralFBy                              0x20000140   Data           4  ins_task.o(.data)
    integralFBz                              0x20000144   Data           4  ins_task.o(.data)
    af_ImuTempPID                            0x20000148   Data          12  ins_task.o(.data)
    blue                                     0x2000015c   Data           2  led_task.o(.data)
    green                                    0x2000015e   Data           2  led_task.o(.data)
    red                                      0x20000160   Data           2  led_task.o(.data)
    capdraw                                  0x20000164   Data           1  referee_task.o(.data)
    auto_state                               0x20000165   Data           1  referee_task.o(.data)
    shoot                                    0x20000166   Data           1  referee_task.o(.data)
    MY_CLIENT_ID                             0x20000168   Data           2  referee_task.o(.data)
    MY_ROBOT_ID                              0x2000016c   Data           4  referee_task.o(.data)
    cmd_id                                   0x20000170   Data           2  referee_task.o(.data)
    ext_game_result                          0x20000172   Data           1  referee_task.o(.data)
    ext_event_data                           0x20000173   Data           4  referee_task.o(.data)
    ext_supply_projectile_action             0x20000177   Data           4  referee_task.o(.data)
    ext_referee_warning                      0x2000017b   Data           3  referee_task.o(.data)
    ext_dart_info                            0x2000017e   Data           3  referee_task.o(.data)
    ext_buff                                 0x20000181   Data           6  referee_task.o(.data)
    ext_air_support_data                     0x20000187   Data           2  referee_task.o(.data)
    ext_hurt_data                            0x20000189   Data           1  referee_task.o(.data)
    ext_robot_shoot_data                     0x2000018a   Data           7  referee_task.o(.data)
    ext_projectile_allowance                 0x20000191   Data           6  referee_task.o(.data)
    ext_rfid_status                          0x20000197   Data           4  referee_task.o(.data)
    ext_dart_client_cmd                      0x2000019b   Data           5  referee_task.o(.data)
    ext_radar_mark_data                      0x200001a0   Data           6  referee_task.o(.data)
    ext_sentry_info                          0x200001a6   Data           4  referee_task.o(.data)
    ext_radar_info                           0x200001aa   Data           1  referee_task.o(.data)
    ext_robot_interactive_header_data        0x200001ab   Data           6  referee_task.o(.data)
    ext_interaction_layer_delete             0x200001b1   Data           8  referee_task.o(.data)
    ext_custom_client_data                   0x200001b9   Data           8  referee_task.o(.data)
    ext_referee_receive_header               0x200001c1   Data           5  referee_task.o(.data)
    ext_referee_send_header                  0x200001c6   Data           5  referee_task.o(.data)
    supercap_high_water                      0x200001d0   Data           4  supercap_task.o(.data)
    cap_num                                  0x200001d4   Data           2  supercap_task.o(.data)
    cap_en_flag                              0x200001d6   Data           1  supercap_task.o(.data)
    Power_Limitation_Num                     0x200001d8   Data           4  supercap_task.o(.data)
    Residue_Power                            0x200001dc   Data           4  supercap_task.o(.data)
    Last_reside_power                        0x200001e0   Data           4  supercap_task.o(.data)
    CAN2_Cap_flag                            0x200001e4   Data           1  supercap_task.o(.data)
    Cap_Switch_Flag                          0x200001e5   Data           1  supercap_task.o(.data)
    Lost_Connection_Count                    0x200001e8   Data           4  supercap_task.o(.data)
    Cap_Switch_Count                         0x200001ec   Data           1  supercap_task.o(.data)
    Cap_Toutuous_Uppest                      0x200001f0   Data           4  supercap_task.o(.data)
    Cap_Toutuous_Up                          0x200001f4   Data           4  supercap_task.o(.data)
    Cap_Toutuous_Down                        0x200001f8   Data           4  supercap_task.o(.data)
    Chassis_Power                            0x200001fc   Data           4  supercap_task.o(.data)
    cap_FSM                                  0x20000200   Data           1  supercap_task.o(.data)
    cap_FSM_ex                               0x20000201   Data           1  supercap_task.o(.data)
    cap_flag                                 0x20000202   Data           1  supercap_task.o(.data)
    cap_mode_change_cold_time                0x20000204   Data           2  supercap_task.o(.data)
    low_vol_flag                             0x20000206   Data           1  supercap_task.o(.data)
    BMI088_ACCEL_SEN                         0x20000208   Data           4  bmi088driver.o(.data)
    BMI088_GYRO_SEN                          0x2000020c   Data           4  bmi088driver.o(.data)
    can1_flag                                0x20000234   Data           1  can_task.o(.data)
    can2_flag                                0x20000235   Data           1  can_task.o(.data)
    byte                                     0x20000236   Data           4  can_task.o(.data)
    Motor_Can_ID                             0x2000023c   Data           4  can_task.o(.data)
    CRC16_INIT                               0x20000242   Data           2  crc8_crc16.o(.data)
    Pin                                      0x20000244   Data           4  power_control.o(.data)
    K                                        0x20000248   Data           4  power_control.o(.data)
    K_buffer                                 0x2000024c   Data           4  power_control.o(.data)
    infact_Pmax                              0x20000250   Data           4  power_control.o(.data)
    count_Pmax                               0x20000254   Data           4  power_control.o(.data)
    filter_Pmax                              0x20000258   Data           4  power_control.o(.data)
    w_match                                  0x2000025c   Data           4  power_control.o(.data)
    vx_match                                 0x20000260   Data           4  power_control.o(.data)
    vy_match                                 0x20000264   Data           4  power_control.o(.data)
    speed_match_flag                         0x20000268   Data           1  power_control.o(.data)
    w_match_flag                             0x20000269   Data           1  power_control.o(.data)
    rc_receive_num                           0x20000274   Data           2  remote_control.o(.data)
    shoot_speed                              0x20000278   Data           4  shoot_task.o(.data)
    shoot_init_time                          0x2000027c   Data           2  shoot_task.o(.data)
    shoot_init_over_time                     0x2000027e   Data           2  shoot_task.o(.data)
    shoot_continue_time                      0x20000280   Data           2  shoot_task.o(.data)
    shoot_single_time_count                  0x20000282   Data           2  shoot_task.o(.data)
    shooting_single_count                    0x20000284   Data           2  shoot_task.o(.data)
    mode_time                                0x20000286   Data           2  shoot_task.o(.data)
    continue_shoot_mode_time                 0x20000288   Data           2  shoot_task.o(.data)
    continue_shoot_mode                      0x2000028a   Data           1  shoot_task.o(.data)
    clear_time                               0x2000028c   Data           2  shoot_task.o(.data)
    hcan1                                    0x200004e4   Data          40  can.o(.bss)
    hcan2                                    0x2000050c   Data          40  can.o(.bss)
    hspi1                                    0x20000534   Data          88  spi.o(.bss)
    hdma_spi1_rx                             0x2000058c   Data          96  spi.o(.bss)
    hdma_spi1_tx                             0x200005ec   Data          96  spi.o(.bss)
    htim4                                    0x2000064c   Data          72  tim.o(.bss)
    htim5                                    0x20000694   Data          72  tim.o(.bss)
    htim10                                   0x200006dc   Data          72  tim.o(.bss)
    huart1                                   0x20000724   Data          72  usart.o(.bss)
    huart3                                   0x2000076c   Data          72  usart.o(.bss)
    huart6                                   0x200007b4   Data          72  usart.o(.bss)
    hdma_usart3_rx                           0x200007fc   Data          96  usart.o(.bss)
    hdma_usart6_rx                           0x2000085c   Data          96  usart.o(.bss)
    hdma_usart6_tx                           0x200008bc   Data          96  usart.o(.bss)
    htim3                                    0x2000091c   Data          72  stm32f4xx_hal_timebase_tim.o(.bss)
    chassis_move_data                        0x20005b08   Data         116  chassis_task.o(.bss)
    gimbal_data                              0x20005b7c   Data         548  gimbal_task.o(.bss)
    accel_dma_rx_buf                         0x20005da0   Data           9  ins_task.o(.bss)
    imu_temp_pid                             0x20005dac   Data          64  ins_task.o(.bss)
    bmi088_real_data                         0x20005dec   Data          36  ins_task.o(.bss)
    INS_gyro                                 0x20005e10   Data          12  ins_task.o(.bss)
    INS_accel                                0x20005e1c   Data          12  ins_task.o(.bss)
    INS_accel_z                              0x20005e28   Data          24  ins_task.o(.bss)
    INS_quat                                 0x20005e40   Data          16  ins_task.o(.bss)
    INS_eulers                               0x20005e50   Data          12  ins_task.o(.bss)
    ext_game_status                          0x20005e5c   Data          11  referee_task.o(.bss)
    ext_game_robot_HP                        0x20005e67   Data          32  referee_task.o(.bss)
    ext_robot_status                         0x20005e87   Data          13  referee_task.o(.bss)
    ext_power_heat_data                      0x20005e94   Data          16  referee_task.o(.bss)
    ext_robot_pos                            0x20005ea4   Data          12  referee_task.o(.bss)
    ext_ground_robot_position                0x20005eb0   Data          40  referee_task.o(.bss)
    robot_interactive_data                   0x20005ed8   Data         119  referee_task.o(.bss)
    graphic_data_struct                      0x20005f4f   Data          15  referee_task.o(.bss)
    ext_interaction_figure                   0x20005f5e   Data          21  referee_task.o(.bss)
    ext_interaction_figure_double            0x20005f73   Data          36  referee_task.o(.bss)
    ext_interaction_figure_five              0x20005f97   Data          75  referee_task.o(.bss)
    ext_interaction_figure_seven             0x20005fe2   Data         105  referee_task.o(.bss)
    ext_client_custom_character              0x2000604b   Data          45  referee_task.o(.bss)
    ext_custom_robot_data                    0x20006078   Data          30  referee_task.o(.bss)
    ext_map_command                          0x20006096   Data          16  referee_task.o(.bss)
    ext_remote_control                       0x200060a6   Data          12  referee_task.o(.bss)
    ext_client_map_command                   0x200060b2   Data          10  referee_task.o(.bss)
    ext_map_data                             0x200060bc   Data         105  referee_task.o(.bss)
    ext_custom_info                          0x20006125   Data          34  referee_task.o(.bss)
    referee_fifo                             0x20006148   Data          24  referee_task.o(.bss)
    referee_fifo_buf                         0x20006160   Data        1024  referee_task.o(.bss)
    referee_unpack_obj                       0x20006560   Data         137  referee_task.o(.bss)
    usart6_buf                               0x200065e9   Data        1024  referee_task.o(.bss)
    USART6_dma                               0x200069e9   Data          80  referee_task.o(.bss)
    Personal_Data                            0x20006a39   Data         128  referee_task.o(.bss)
    cap_control                              0x20006c18   Data          68  supercap_task.o(.bss)
    chassis_state                            0x20006c5c   Data          20  supercap_task.o(.bss)
    chassis_motor3508_measure                0x20006c70   Data          40  can_task.o(.bss)
    trigger_motor3508_measure                0x20006c98   Data          10  can_task.o(.bss)
    gimbal_motor3508_measure                 0x20006ca2   Data          30  can_task.o(.bss)
    gimbal_motor2006_measure                 0x20006cc0   Data          20  can_task.o(.bss)
    gimbal_motormi_measure                   0x20006cd4   Data         200  can_task.o(.bss)
    chassis_motor3508_data                   0x20006d9c   Data        1168  can_task.o(.bss)
    trigger_motor3508_data                   0x2000722c   Data         292  can_task.o(.bss)
    gimbal_motor3508_data                    0x20007350   Data         876  can_task.o(.bss)
    gimbal_motor2006_data                    0x200076bc   Data         584  can_task.o(.bss)
    gimbal_motor4310_data                    0x20007904   Data         180  can_task.o(.bss)
    gimbal_motormi_data                      0x200079b8   Data         292  can_task.o(.bss)
    rxMsg                                    0x20007adc   Data          28  can_task.o(.bss)
    txMsg                                    0x20007af8   Data          24  can_task.o(.bss)
    cap_data                                 0x20007b10   Data          16  can_task.o(.bss)
    autoaim_measure                          0x20007b20   Data          12  can_task.o(.bss)
    plot_frame                               0x20007b2c   Data          43  plot.o(.bss)
    ctl                                      0x20007b58   Data          20  remote_control.o(.bss)
    shoot_data                               0x20007b6c   Data          28  shoot_task.o(.bss)
    sbus_buf                                 0x20007b88   Data          36  bsp_usart.o(.bss)
    __libspace_start                         0x20007bac   Data          96  libspace.o(.bss)
    __temporary_stack_top$libspace           0x20007c0c   Data           0  libspace.o(.bss)



==============================================================================

Memory Map of the image

  Image Entry point : 0x08000189

  Load Region LR_IROM1 (Base: 0x08000000, Size: 0x00015868, Max: 0x00100000, ABSOLUTE, COMPRESSED[0x00015654])

    Execution Region ER_IROM1 (Exec base: 0x08000000, Load base: 0x08000000, Size: 0x000155d8, Max: 0x00100000, ABSOLUTE)

    Exec Addr    Load Addr    Size         Type   Attr      Idx    E Section Name        Object

    0x08000000   0x08000000   0x00000188   Data   RO            3    RESET               startup_stm32f407xx.o
    0x08000188   0x08000188   0x00000008   Code   RO         7472  * !!!main             c_w.l(__main.o)
    0x08000190   0x08000190   0x00000034   Code   RO         7908    !!!scatter          c_w.l(__scatter.o)
    0x080001c4   0x080001c4   0x0000005a   Code   RO         7906    !!dczerorl2         c_w.l(__dczerorl2.o)
    0x0800021e   0x0800021e   0x00000002   PAD
    0x08000220   0x08000220   0x0000001c   Code   RO         7910    !!handler_zi        c_w.l(__scatter_zi.o)
    0x0800023c   0x0800023c   0x00000002   Code   RO         7847    .ARM.Collect$$libinit$$00000000  c_w.l(libinit.o)
    0x0800023e   0x0800023e   0x00000004   Code   RO         7648    .ARM.Collect$$libinit$$00000001  c_w.l(libinit2.o)
    0x08000242   0x08000242   0x00000000   Code   RO         7651    .ARM.Collect$$libinit$$00000004  c_w.l(libinit2.o)
    0x08000242   0x08000242   0x00000000   Code   RO         7654    .ARM.Collect$$libinit$$0000000A  c_w.l(libinit2.o)
    0x08000242   0x08000242   0x00000000   Code   RO         7656    .ARM.Collect$$libinit$$0000000C  c_w.l(libinit2.o)
    0x08000242   0x08000242   0x00000000   Code   RO         7658    .ARM.Collect$$libinit$$0000000E  c_w.l(libinit2.o)
    0x08000242   0x08000242   0x00000000   Code   RO         7661    .ARM.Collect$$libinit$$00000011  c_w.l(libinit2.o)
    0x08000242   0x08000242   0x00000000   Code   RO         7663    .ARM.Collect$$libinit$$00000013  c_w.l(libinit2.o)
    0x08000242   0x08000242   0x00000000   Code   RO         7665    .ARM.Collect$$libinit$$00000015  c_w.l(libinit2.o)
    0x08000242   0x08000242   0x00000000   Code   RO         7667    .ARM.Collect$$libinit$$00000017  c_w.l(libinit2.o)
    0x08000242   0x08000242   0x00000000   Code   RO         7669    .ARM.Collect$$libinit$$00000019  c_w.l(libinit2.o)
    0x08000242   0x08000242   0x00000000   Code   RO         7671    .ARM.Collect$$libinit$$0000001B  c_w.l(libinit2.o)
    0x08000242   0x08000242   0x00000000   Code   RO         7673    .ARM.Collect$$libinit$$0000001D  c_w.l(libinit2.o)
    0x08000242   0x08000242   0x00000000   Code   RO         7675    .ARM.Collect$$libinit$$0000001F  c_w.l(libinit2.o)
    0x08000242   0x08000242   0x00000000   Code   RO         7677    .ARM.Collect$$libinit$$00000021  c_w.l(libinit2.o)
    0x08000242   0x08000242   0x00000000   Code   RO         7679    .ARM.Collect$$libinit$$00000023  c_w.l(libinit2.o)
    0x08000242   0x08000242   0x00000000   Code   RO         7681    .ARM.Collect$$libinit$$00000025  c_w.l(libinit2.o)
    0x08000242   0x08000242   0x00000000   Code   RO         7685    .ARM.Collect$$libinit$$0000002C  c_w.l(libinit2.o)
    0x08000242   0x08000242   0x00000000   Code   RO         7687    .ARM.Collect$$libinit$$0000002E  c_w.l(libinit2.o)
    0x08000242   0x08000242   0x00000000   Code   RO         7689    .ARM.Collect$$libinit$$00000030  c_w.l(libinit2.o)
    0x08000242   0x08000242   0x00000000   Code   RO         7691    .ARM.Collect$$libinit$$00000032  c_w.l(libinit2.o)
    0x08000242   0x08000242   0x00000002   Code   RO         7692    .ARM.Collect$$libinit$$00000033  c_w.l(libinit2.o)
    0x08000244   0x08000244   0x00000002   Code   RO         7903    .ARM.Collect$$libshutdown$$00000000  c_w.l(libshutdown.o)
    0x08000246   0x08000246   0x00000000   Code   RO         7861    .ARM.Collect$$libshutdown$$00000002  c_w.l(libshutdown2.o)
    0x08000246   0x08000246   0x00000000   Code   RO         7863    .ARM.Collect$$libshutdown$$00000004  c_w.l(libshutdown2.o)
    0x08000246   0x08000246   0x00000000   Code   RO         7865    .ARM.Collect$$libshutdown$$00000006  c_w.l(libshutdown2.o)
    0x08000246   0x08000246   0x00000000   Code   RO         7868    .ARM.Collect$$libshutdown$$00000009  c_w.l(libshutdown2.o)
    0x08000246   0x08000246   0x00000000   Code   RO         7871    .ARM.Collect$$libshutdown$$0000000C  c_w.l(libshutdown2.o)
    0x08000246   0x08000246   0x00000000   Code   RO         7873    .ARM.Collect$$libshutdown$$0000000E  c_w.l(libshutdown2.o)
    0x08000246   0x08000246   0x00000000   Code   RO         7876    .ARM.Collect$$libshutdown$$00000011  c_w.l(libshutdown2.o)
    0x08000246   0x08000246   0x00000002   Code   RO         7877    .ARM.Collect$$libshutdown$$00000012  c_w.l(libshutdown2.o)
    0x08000248   0x08000248   0x00000000   Code   RO         7614    .ARM.Collect$$rtentry$$00000000  c_w.l(__rtentry.o)
    0x08000248   0x08000248   0x00000000   Code   RO         7776    .ARM.Collect$$rtentry$$00000002  c_w.l(__rtentry2.o)
    0x08000248   0x08000248   0x00000006   Code   RO         7788    .ARM.Collect$$rtentry$$00000004  c_w.l(__rtentry4.o)
    0x0800024e   0x0800024e   0x00000000   Code   RO         7778    .ARM.Collect$$rtentry$$00000009  c_w.l(__rtentry2.o)
    0x0800024e   0x0800024e   0x00000004   Code   RO         7779    .ARM.Collect$$rtentry$$0000000A  c_w.l(__rtentry2.o)
    0x08000252   0x08000252   0x00000000   Code   RO         7781    .ARM.Collect$$rtentry$$0000000C  c_w.l(__rtentry2.o)
    0x08000252   0x08000252   0x00000008   Code   RO         7782    .ARM.Collect$$rtentry$$0000000D  c_w.l(__rtentry2.o)
    0x0800025a   0x0800025a   0x00000002   Code   RO         7848    .ARM.Collect$$rtexit$$00000000  c_w.l(rtexit.o)
    0x0800025c   0x0800025c   0x00000000   Code   RO         7879    .ARM.Collect$$rtexit$$00000002  c_w.l(rtexit2.o)
    0x0800025c   0x0800025c   0x00000004   Code   RO         7880    .ARM.Collect$$rtexit$$00000003  c_w.l(rtexit2.o)
    0x08000260   0x08000260   0x00000006   Code   RO         7881    .ARM.Collect$$rtexit$$00000004  c_w.l(rtexit2.o)
    0x08000266   0x08000266   0x00000002   PAD
    0x08000268   0x08000268   0x000000be   Code   RO         5303    .emb_text           port.o
    0x08000326   0x08000326   0x00000002   PAD
    0x08000328   0x08000328   0x00000040   Code   RO            4    .text               startup_stm32f407xx.o
    0x08000368   0x08000368   0x00000002   Code   RO         7390    .text               c_w.l(use_no_semi_2.o)
    0x0800036a   0x0800036a   0x000000ee   Code   RO         7454    .text               c_w.l(lludivv7m.o)
    0x08000458   0x08000458   0x0000003e   Code   RO         7456    .text               c_w.l(strlen.o)
    0x08000496   0x08000496   0x0000008a   Code   RO         7458    .text               c_w.l(rt_memcpy_v6.o)
    0x08000520   0x08000520   0x00000064   Code   RO         7460    .text               c_w.l(rt_memcpy_w.o)
    0x08000584   0x08000584   0x00000010   Code   RO         7464    .text               c_w.l(aeabi_memset.o)
    0x08000594   0x08000594   0x00000044   Code   RO         7466    .text               c_w.l(rt_memclr.o)
    0x080005d8   0x080005d8   0x0000004e   Code   RO         7468    .text               c_w.l(rt_memclr_w.o)
    0x08000626   0x08000626   0x00000006   Code   RO         7470    .text               c_w.l(heapauxi.o)
    0x0800062c   0x0800062c   0x00000002   Code   RO         7610    .text               c_w.l(use_no_semi.o)
    0x0800062e   0x0800062e   0x00000016   Code   RO         7644    .text               c_w.l(_rserrno.o)
    0x08000644   0x08000644   0x00000008   Code   RO         7772    .text               c_w.l(libspace.o)
    0x0800064c   0x0800064c   0x00000008   Code   RO         7795    .text               c_w.l(rt_errno_addr_intlibspace.o)
    0x08000654   0x08000654   0x0000004a   Code   RO         7822    .text               c_w.l(sys_stackheap_outer.o)
    0x0800069e   0x0800069e   0x00000012   Code   RO         7828    .text               c_w.l(exit.o)
    0x080006b0   0x080006b0   0x00000014   Code   RO         6309    i.BMI088_ACCEL_NS_H  bmi088middleware.o
    0x080006c4   0x080006c4   0x00000014   Code   RO         6310    i.BMI088_ACCEL_NS_L  bmi088middleware.o
    0x080006d8   0x080006d8   0x00000002   Code   RO         6311    i.BMI088_GPIO_init  bmi088middleware.o
    0x080006da   0x080006da   0x00000002   PAD
    0x080006dc   0x080006dc   0x00000014   Code   RO         6312    i.BMI088_GYRO_NS_H  bmi088middleware.o
    0x080006f0   0x080006f0   0x00000014   Code   RO         6313    i.BMI088_GYRO_NS_L  bmi088middleware.o
    0x08000704   0x08000704   0x00000090   Code   RO         6169    i.BMI088_accel_read_over  bmi088driver.o
    0x08000794   0x08000794   0x00000002   Code   RO         6314    i.BMI088_com_init   bmi088middleware.o
    0x08000796   0x08000796   0x0000001a   Code   RO         6315    i.BMI088_delay_ms   bmi088middleware.o
    0x080007b0   0x080007b0   0x0000004a   Code   RO         6316    i.BMI088_delay_us   bmi088middleware.o
    0x080007fa   0x080007fa   0x00000002   PAD
    0x080007fc   0x080007fc   0x00000068   Code   RO         6170    i.BMI088_gyro_read_over  bmi088driver.o
    0x08000864   0x08000864   0x00000034   Code   RO         6171    i.BMI088_init       bmi088driver.o
    0x08000898   0x08000898   0x0000017c   Code   RO         6172    i.BMI088_read       bmi088driver.o
    0x08000a14   0x08000a14   0x00000026   Code   RO         6175    i.BMI088_read_muli_reg  bmi088driver.o
    0x08000a3a   0x08000a3a   0x00000018   Code   RO         6176    i.BMI088_read_single_reg  bmi088driver.o
    0x08000a52   0x08000a52   0x00000002   PAD
    0x08000a54   0x08000a54   0x00000020   Code   RO         6317    i.BMI088_read_write_byte  bmi088middleware.o
    0x08000a74   0x08000a74   0x00000034   Code   RO         6177    i.BMI088_temperature_read_over  bmi088driver.o
    0x08000aa8   0x08000aa8   0x00000014   Code   RO         6178    i.BMI088_write_single_reg  bmi088driver.o
    0x08000abc   0x08000abc   0x00000004   Code   RO          664    i.BusFault_Handler  stm32f4xx_it.o
    0x08000ac0   0x08000ac0   0x00000060   Code   RO         5383    i.Buzzer_Task       buzzer_task.o
    0x08000b20   0x08000b20   0x00000010   Code   RO          665    i.CAN1_RX0_IRQHandler  stm32f4xx_it.o
    0x08000b30   0x08000b30   0x00000010   Code   RO          666    i.CAN2_RX0_IRQHandler  stm32f4xx_it.o
    0x08000b40   0x08000b40   0x0000001e   Code   RO         5464    i.Calibrate_Task    calibrate_task.o
    0x08000b5e   0x08000b5e   0x00000002   PAD
    0x08000b60   0x08000b60   0x000001c0   Code   RO         5542    i.Chassis_Task      chassis_task.o
    0x08000d20   0x08000d20   0x00000010   Code   RO          667    i.DMA1_Stream1_IRQHandler  stm32f4xx_it.o
    0x08000d30   0x08000d30   0x00000010   Code   RO          668    i.DMA2_Stream1_IRQHandler  stm32f4xx_it.o
    0x08000d40   0x08000d40   0x00000898   Code   RO         5757    i.DMA2_Stream2_IRQHandler  ins_task.o
    0x080015d8   0x080015d8   0x00000010   Code   RO          669    i.DMA2_Stream3_IRQHandler  stm32f4xx_it.o
    0x080015e8   0x080015e8   0x00000010   Code   RO          670    i.DMA2_Stream6_IRQHandler  stm32f4xx_it.o
    0x080015f8   0x080015f8   0x00000034   Code   RO         1589    i.DMA_CalcBaseAndBitshift  stm32f4xx_hal_dma.o
    0x0800162c   0x0800162c   0x000000aa   Code   RO         1590    i.DMA_CheckFifoParam  stm32f4xx_hal_dma.o
    0x080016d6   0x080016d6   0x00000002   Code   RO          671    i.DebugMon_Handler  stm32f4xx_it.o
    0x080016d8   0x080016d8   0x0000008c   Code   RO         5631    i.Detect_Task       detect_task.o
    0x08001764   0x08001764   0x0000000a   Code   RO          672    i.EXTI0_IRQHandler  stm32f4xx_it.o
    0x0800176e   0x0800176e   0x0000000a   Code   RO          673    i.EXTI4_IRQHandler  stm32f4xx_it.o
    0x08001778   0x08001778   0x0000000a   Code   RO          674    i.EXTI9_5_IRQHandler  stm32f4xx_it.o
    0x08001782   0x08001782   0x00000006   Code   RO           13    i.Error_Handler     main.o
    0x08001788   0x08001788   0x00000020   Code   RO         6382    i.Float_to_Byte     can_task.o
    0x080017a8   0x080017a8   0x00000008   Code   RO         6383    i.Get_Motor_ID      can_task.o
    0x080017b0   0x080017b0   0x00000174   Code   RO         5691    i.Gimbal_Task       gimbal_task.o
    0x08001924   0x08001924   0x0000002a   Code   RO          852    i.HAL_CAN_ActivateNotification  stm32f4xx_hal_can.o
    0x0800194e   0x0800194e   0x0000014a   Code   RO          853    i.HAL_CAN_AddTxMessage  stm32f4xx_hal_can.o
    0x08001a98   0x08001a98   0x00000124   Code   RO          854    i.HAL_CAN_ConfigFilter  stm32f4xx_hal_can.o
    0x08001bbc   0x08001bbc   0x00000002   Code   RO          857    i.HAL_CAN_ErrorCallback  stm32f4xx_hal_can.o
    0x08001bbe   0x08001bbe   0x00000194   Code   RO          860    i.HAL_CAN_GetRxMessage  stm32f4xx_hal_can.o
    0x08001d52   0x08001d52   0x0000024e   Code   RO          864    i.HAL_CAN_IRQHandler  stm32f4xx_hal_can.o
    0x08001fa0   0x08001fa0   0x00000174   Code   RO          865    i.HAL_CAN_Init      stm32f4xx_hal_can.o
    0x08002114   0x08002114   0x00000160   Code   RO          395    i.HAL_CAN_MspInit   can.o
    0x08002274   0x08002274   0x00000002   Code   RO          872    i.HAL_CAN_RxFifo0FullCallback  stm32f4xx_hal_can.o
    0x08002276   0x08002276   0x00000002   PAD
    0x08002278   0x08002278   0x000001c4   Code   RO         6384    i.HAL_CAN_RxFifo0MsgPendingCallback  can_task.o
    0x0800243c   0x0800243c   0x00000002   Code   RO          874    i.HAL_CAN_RxFifo1FullCallback  stm32f4xx_hal_can.o
    0x0800243e   0x0800243e   0x00000002   Code   RO          875    i.HAL_CAN_RxFifo1MsgPendingCallback  stm32f4xx_hal_can.o
    0x08002440   0x08002440   0x00000002   Code   RO          876    i.HAL_CAN_SleepCallback  stm32f4xx_hal_can.o
    0x08002442   0x08002442   0x0000005e   Code   RO          877    i.HAL_CAN_Start     stm32f4xx_hal_can.o
    0x080024a0   0x080024a0   0x00000002   Code   RO          879    i.HAL_CAN_TxMailbox0AbortCallback  stm32f4xx_hal_can.o
    0x080024a2   0x080024a2   0x00000002   Code   RO          880    i.HAL_CAN_TxMailbox0CompleteCallback  stm32f4xx_hal_can.o
    0x080024a4   0x080024a4   0x00000002   Code   RO          881    i.HAL_CAN_TxMailbox1AbortCallback  stm32f4xx_hal_can.o
    0x080024a6   0x080024a6   0x00000002   Code   RO          882    i.HAL_CAN_TxMailbox1CompleteCallback  stm32f4xx_hal_can.o
    0x080024a8   0x080024a8   0x00000002   Code   RO          883    i.HAL_CAN_TxMailbox2AbortCallback  stm32f4xx_hal_can.o
    0x080024aa   0x080024aa   0x00000002   Code   RO          884    i.HAL_CAN_TxMailbox2CompleteCallback  stm32f4xx_hal_can.o
    0x080024ac   0x080024ac   0x00000002   Code   RO          886    i.HAL_CAN_WakeUpFromRxMsgCallback  stm32f4xx_hal_can.o
    0x080024ae   0x080024ae   0x000000ac   Code   RO         1592    i.HAL_DMA_Abort     stm32f4xx_hal_dma.o
    0x0800255a   0x0800255a   0x00000028   Code   RO         1593    i.HAL_DMA_Abort_IT  stm32f4xx_hal_dma.o
    0x08002582   0x08002582   0x00000002   PAD
    0x08002584   0x08002584   0x00000240   Code   RO         1597    i.HAL_DMA_IRQHandler  stm32f4xx_hal_dma.o
    0x080027c4   0x080027c4   0x000000ec   Code   RO         1598    i.HAL_DMA_Init      stm32f4xx_hal_dma.o
    0x080028b0   0x080028b0   0x00000028   Code   RO         2034    i.HAL_Delay         stm32f4xx_hal.o
    0x080028d8   0x080028d8   0x00000090   Code   RO         5758    i.HAL_GPIO_EXTI_Callback  ins_task.o
    0x08002968   0x08002968   0x0000001c   Code   RO         1484    i.HAL_GPIO_EXTI_IRQHandler  stm32f4xx_hal_gpio.o
    0x08002984   0x08002984   0x000001f4   Code   RO         1485    i.HAL_GPIO_Init     stm32f4xx_hal_gpio.o
    0x08002b78   0x08002b78   0x0000000c   Code   RO         1489    i.HAL_GPIO_WritePin  stm32f4xx_hal_gpio.o
    0x08002b84   0x08002b84   0x0000000c   Code   RO         2040    i.HAL_GetTick       stm32f4xx_hal.o
    0x08002b90   0x08002b90   0x00000018   Code   RO         2046    i.HAL_IncTick       stm32f4xx_hal.o
    0x08002ba8   0x08002ba8   0x0000003c   Code   RO         2047    i.HAL_Init          stm32f4xx_hal.o
    0x08002be4   0x08002be4   0x000000b4   Code   RO          812    i.HAL_InitTick      stm32f4xx_hal_timebase_tim.o
    0x08002c98   0x08002c98   0x00000054   Code   RO          788    i.HAL_MspInit       stm32f4xx_hal_msp.o
    0x08002cec   0x08002cec   0x00000028   Code   RO         1877    i.HAL_NVIC_EnableIRQ  stm32f4xx_hal_cortex.o
    0x08002d14   0x08002d14   0x0000007c   Code   RO         1883    i.HAL_NVIC_SetPriority  stm32f4xx_hal_cortex.o
    0x08002d90   0x08002d90   0x00000028   Code   RO         1884    i.HAL_NVIC_SetPriorityGrouping  stm32f4xx_hal_cortex.o
    0x08002db8   0x08002db8   0x0000002c   Code   RO         1885    i.HAL_NVIC_SystemReset  stm32f4xx_hal_cortex.o
    0x08002de4   0x08002de4   0x00000184   Code   RO         1086    i.HAL_RCC_ClockConfig  stm32f4xx_hal_rcc.o
    0x08002f68   0x08002f68   0x00000044   Code   RO         1090    i.HAL_RCC_GetClockConfig  stm32f4xx_hal_rcc.o
    0x08002fac   0x08002fac   0x0000000c   Code   RO         1091    i.HAL_RCC_GetHCLKFreq  stm32f4xx_hal_rcc.o
    0x08002fb8   0x08002fb8   0x00000020   Code   RO         1093    i.HAL_RCC_GetPCLK1Freq  stm32f4xx_hal_rcc.o
    0x08002fd8   0x08002fd8   0x00000020   Code   RO         1094    i.HAL_RCC_GetPCLK2Freq  stm32f4xx_hal_rcc.o
    0x08002ff8   0x08002ff8   0x000000b0   Code   RO         1095    i.HAL_RCC_GetSysClockFreq  stm32f4xx_hal_rcc.o
    0x080030a8   0x080030a8   0x0000049c   Code   RO         1098    i.HAL_RCC_OscConfig  stm32f4xx_hal_rcc.o
    0x08003544   0x08003544   0x000000c8   Code   RO         2296    i.HAL_SPI_Init      stm32f4xx_hal_spi.o
    0x0800360c   0x0800360c   0x00000158   Code   RO          468    i.HAL_SPI_MspInit   spi.o
    0x08003764   0x08003764   0x00000248   Code   RO         2305    i.HAL_SPI_TransmitReceive  stm32f4xx_hal_spi.o
    0x080039ac   0x080039ac   0x00000002   Code   RO         3324    i.HAL_TIMEx_BreakCallback  stm32f4xx_hal_tim_ex.o
    0x080039ae   0x080039ae   0x00000002   Code   RO         3325    i.HAL_TIMEx_CommutCallback  stm32f4xx_hal_tim_ex.o
    0x080039b0   0x080039b0   0x000000b4   Code   RO         3343    i.HAL_TIMEx_MasterConfigSynchronization  stm32f4xx_hal_tim_ex.o
    0x08003a64   0x08003a64   0x00000066   Code   RO         2609    i.HAL_TIM_Base_Init  stm32f4xx_hal_tim.o
    0x08003aca   0x08003aca   0x00000002   PAD
    0x08003acc   0x08003acc   0x00000064   Code   RO          510    i.HAL_TIM_Base_MspInit  tim.o
    0x08003b30   0x08003b30   0x000000a8   Code   RO         2614    i.HAL_TIM_Base_Start_IT  stm32f4xx_hal_tim.o
    0x08003bd8   0x08003bd8   0x0000010c   Code   RO         2618    i.HAL_TIM_ConfigClockSource  stm32f4xx_hal_tim.o
    0x08003ce4   0x08003ce4   0x00000002   Code   RO         2643    i.HAL_TIM_IC_CaptureCallback  stm32f4xx_hal_tim.o
    0x08003ce6   0x08003ce6   0x0000016c   Code   RO         2657    i.HAL_TIM_IRQHandler  stm32f4xx_hal_tim.o
    0x08003e52   0x08003e52   0x00000002   PAD
    0x08003e54   0x08003e54   0x00000100   Code   RO          511    i.HAL_TIM_MspPostInit  tim.o
    0x08003f54   0x08003f54   0x00000002   Code   RO         2660    i.HAL_TIM_OC_DelayElapsedCallback  stm32f4xx_hal_tim.o
    0x08003f56   0x08003f56   0x00000104   Code   RO         2681    i.HAL_TIM_PWM_ConfigChannel  stm32f4xx_hal_tim.o
    0x0800405a   0x0800405a   0x00000066   Code   RO         2684    i.HAL_TIM_PWM_Init  stm32f4xx_hal_tim.o
    0x080040c0   0x080040c0   0x00000034   Code   RO          513    i.HAL_TIM_PWM_MspInit  tim.o
    0x080040f4   0x080040f4   0x00000002   Code   RO         2687    i.HAL_TIM_PWM_PulseFinishedCallback  stm32f4xx_hal_tim.o
    0x080040f6   0x080040f6   0x00000002   PAD
    0x080040f8   0x080040f8   0x0000010c   Code   RO         2689    i.HAL_TIM_PWM_Start  stm32f4xx_hal_tim.o
    0x08004204   0x08004204   0x00000018   Code   RO           14    i.HAL_TIM_PeriodElapsedCallback  main.o
    0x0800421c   0x0800421c   0x00000002   Code   RO         2700    i.HAL_TIM_TriggerCallback  stm32f4xx_hal_tim.o
    0x0800421e   0x0800421e   0x00000002   Code   RO         3603    i.HAL_UARTEx_RxEventCallback  stm32f4xx_hal_uart.o
    0x08004220   0x08004220   0x00000002   Code   RO         3617    i.HAL_UART_ErrorCallback  stm32f4xx_hal_uart.o
    0x08004222   0x08004222   0x00000002   PAD
    0x08004224   0x08004224   0x000002e8   Code   RO         3620    i.HAL_UART_IRQHandler  stm32f4xx_hal_uart.o
    0x0800450c   0x0800450c   0x00000076   Code   RO         3621    i.HAL_UART_Init     stm32f4xx_hal_uart.o
    0x08004582   0x08004582   0x00000002   PAD
    0x08004584   0x08004584   0x000002bc   Code   RO          582    i.HAL_UART_MspInit  usart.o
    0x08004840   0x08004840   0x00000002   Code   RO         3627    i.HAL_UART_RxCpltCallback  stm32f4xx_hal_uart.o
    0x08004842   0x08004842   0x000000be   Code   RO         3629    i.HAL_UART_Transmit  stm32f4xx_hal_uart.o
    0x08004900   0x08004900   0x00000002   Code   RO         3632    i.HAL_UART_TxCpltCallback  stm32f4xx_hal_uart.o
    0x08004902   0x08004902   0x00000004   Code   RO          675    i.HardFault_Handler  stm32f4xx_it.o
    0x08004906   0x08004906   0x00000002   PAD
    0x08004908   0x08004908   0x00000278   Code   RO         5759    i.Ins_Task          ins_task.o
    0x08004b80   0x08004b80   0x00000040   Code   RO         5852    i.LED_Task          led_task.o
    0x08004bc0   0x08004bc0   0x00000044   Code   RO          396    i.MX_CAN1_Init      can.o
    0x08004c04   0x08004c04   0x00000048   Code   RO          397    i.MX_CAN2_Init      can.o
    0x08004c4c   0x08004c4c   0x00000098   Code   RO          443    i.MX_DMA_Init       dma.o
    0x08004ce4   0x08004ce4   0x00000140   Code   RO          291    i.MX_FREERTOS_Init  freertos.o
    0x08004e24   0x08004e24   0x00000194   Code   RO          260    i.MX_GPIO_Init      gpio.o
    0x08004fb8   0x08004fb8   0x00000048   Code   RO          469    i.MX_SPI1_Init      spi.o
    0x08005000   0x08005000   0x0000006c   Code   RO          514    i.MX_TIM10_Init     tim.o
    0x0800506c   0x0800506c   0x0000007c   Code   RO          515    i.MX_TIM4_Init      tim.o
    0x080050e8   0x080050e8   0x000000c4   Code   RO          516    i.MX_TIM5_Init      tim.o
    0x080051ac   0x080051ac   0x00000038   Code   RO          583    i.MX_USART1_UART_Init  usart.o
    0x080051e4   0x080051e4   0x0000003c   Code   RO          584    i.MX_USART3_UART_Init  usart.o
    0x08005220   0x08005220   0x00000038   Code   RO          585    i.MX_USART6_UART_Init  usart.o
    0x08005258   0x08005258   0x00000004   Code   RO          676    i.MemManage_Handler  stm32f4xx_it.o
    0x0800525c   0x0800525c   0x00000004   Code   RO          677    i.NMI_Handler       stm32f4xx_it.o
    0x08005260   0x08005260   0x0000009c   Code   RO         7349    i.RC_Init           bsp_usart.o
    0x080052fc   0x080052fc   0x000000dc   Code   RO         5906    i.Referee_Task      referee_task.o
    0x080053d8   0x080053d8   0x0000273c   Code   RO         7306    i.SPI1_DMA_enable   bsp_spi.o
    0x08007b14   0x08007b14   0x00000180   Code   RO         7307    i.SPI1_DMA_init     bsp_spi.o
    0x08007c94   0x08007c94   0x00000088   Code   RO         2334    i.SPI_EndRxTxTransaction  stm32f4xx_hal_spi.o
    0x08007d1c   0x08007d1c   0x000000d8   Code   RO         2339    i.SPI_WaitFlagStateUntilTimeout  stm32f4xx_hal_spi.o
    0x08007df4   0x08007df4   0x000000a0   Code   RO         6385    i.Set_Motor_Parameter  can_task.o
    0x08007e94   0x08007e94   0x0000000a   Code   RO          293    i.StartDefaultTask  freertos.o
    0x08007e9e   0x08007e9e   0x00000002   PAD
    0x08007ea0   0x08007ea0   0x00000030   Code   RO         6087    i.SuperCap_Task     supercap_task.o
    0x08007ed0   0x08007ed0   0x00000034   Code   RO         5304    i.SysTick_Handler   port.o
    0x08007f04   0x08007f04   0x000000b4   Code   RO           15    i.SystemClock_Config  main.o
    0x08007fb8   0x08007fb8   0x00000014   Code   RO         3965    i.SystemInit        system_stm32f4xx.o
    0x08007fcc   0x08007fcc   0x00000010   Code   RO          678    i.TIM3_IRQHandler   stm32f4xx_it.o
    0x08007fdc   0x08007fdc   0x000000e8   Code   RO         2702    i.TIM_Base_SetConfig  stm32f4xx_hal_tim.o
    0x080080c4   0x080080c4   0x00000022   Code   RO         2703    i.TIM_CCxChannelCmd  stm32f4xx_hal_tim.o
    0x080080e6   0x080080e6   0x00000016   Code   RO         2713    i.TIM_ETR_SetConfig  stm32f4xx_hal_tim.o
    0x080080fc   0x080080fc   0x00000012   Code   RO         2714    i.TIM_ITRx_SetConfig  stm32f4xx_hal_tim.o
    0x0800810e   0x0800810e   0x00000002   PAD
    0x08008110   0x08008110   0x00000070   Code   RO         2715    i.TIM_OC1_SetConfig  stm32f4xx_hal_tim.o
    0x08008180   0x08008180   0x0000007c   Code   RO         2716    i.TIM_OC2_SetConfig  stm32f4xx_hal_tim.o
    0x080081fc   0x080081fc   0x00000078   Code   RO         2717    i.TIM_OC3_SetConfig  stm32f4xx_hal_tim.o
    0x08008274   0x08008274   0x00000054   Code   RO         2718    i.TIM_OC4_SetConfig  stm32f4xx_hal_tim.o
    0x080082c8   0x080082c8   0x00000026   Code   RO         2720    i.TIM_TI1_ConfigInputStage  stm32f4xx_hal_tim.o
    0x080082ee   0x080082ee   0x00000028   Code   RO         2722    i.TIM_TI2_ConfigInputStage  stm32f4xx_hal_tim.o
    0x08008316   0x08008316   0x00000018   Code   RO         6130    i.Telescope_Task    telescope_task.o
    0x0800832e   0x0800832e   0x00000014   Code   RO         3634    i.UART_DMAAbortOnError  stm32f4xx_hal_uart.o
    0x08008342   0x08008342   0x0000006c   Code   RO         3644    i.UART_EndRxTransfer  stm32f4xx_hal_uart.o
    0x080083ae   0x080083ae   0x00000020   Code   RO         3645    i.UART_EndTransmit_IT  stm32f4xx_hal_uart.o
    0x080083ce   0x080083ce   0x000000fc   Code   RO         3647    i.UART_Receive_IT   stm32f4xx_hal_uart.o
    0x080084ca   0x080084ca   0x00000002   PAD
    0x080084cc   0x080084cc   0x0000022c   Code   RO         3648    i.UART_SetConfig    stm32f4xx_hal_uart.o
    0x080086f8   0x080086f8   0x00000060   Code   RO         3651    i.UART_Transmit_IT  stm32f4xx_hal_uart.o
    0x08008758   0x08008758   0x0000008c   Code   RO         3652    i.UART_WaitOnFlagUntilTimeout  stm32f4xx_hal_uart.o
    0x080087e4   0x080087e4   0x00000010   Code   RO          679    i.USART1_IRQHandler  stm32f4xx_it.o
    0x080087f4   0x080087f4   0x00000124   Code   RO         7004    i.USART3_IRQHandler  remote_control.o
    0x08008918   0x08008918   0x0000011c   Code   RO         5907    i.USART6_IRQHandler  referee_task.o
    0x08008a34   0x08008a34   0x00000004   Code   RO          680    i.UsageFault_Handler  stm32f4xx_it.o
    0x08008a38   0x08008a38   0x00000030   Code   RO         7820    i.__ARM_fpclassify  m_wm.l(fpclassify.o)
    0x08008a68   0x08008a68   0x00000026   Code   RO         7739    i.__ARM_fpclassifyf  m_wm.l(fpclassifyf.o)
    0x08008a8e   0x08008a8e   0x00000002   PAD
    0x08008a90   0x08008a90   0x00000010   Code   RO         1890    i.__NVIC_GetPriorityGrouping  stm32f4xx_hal_cortex.o
    0x08008aa0   0x08008aa0   0x00000028   Code   RO         1891    i.__NVIC_SetPriority  stm32f4xx_hal_cortex.o
    0x08008ac8   0x08008ac8   0x00000006   Code   RO         6658    i.__get_PRIMASK     fifo.o
    0x08008ace   0x08008ace   0x00000002   PAD
    0x08008ad0   0x08008ad0   0x00000358   Code   RO         7506    i.__hardfp_acos     m_wm.l(acos.o)
    0x08008e28   0x08008e28   0x000002d8   Code   RO         7708    i.__hardfp_atan     m_wm.l(atan.o)
    0x08009100   0x08009100   0x00000200   Code   RO         7520    i.__hardfp_atan2    m_wm.l(atan2.o)
    0x08009300   0x08009300   0x000002ac   Code   RO         7532    i.__hardfp_atan2f   m_wm.l(atan2f.o)
    0x080095ac   0x080095ac   0x00000004   PAD
    0x080095b0   0x080095b0   0x000000c8   Code   RO         7544    i.__hardfp_cos      m_wm.l(cos.o)
    0x08009678   0x08009678   0x00000150   Code   RO         7556    i.__hardfp_cosf     m_wm.l(cosf.o)
    0x080097c8   0x080097c8   0x00000014   Code   RO         7568    i.__hardfp_fabs     m_wm.l(fabs.o)
    0x080097dc   0x080097dc   0x00000004   PAD
    0x080097e0   0x080097e0   0x000000c8   Code   RO         7574    i.__hardfp_sin      m_wm.l(sin.o)
    0x080098a8   0x080098a8   0x00000190   Code   RO         7586    i.__hardfp_sinf     m_wm.l(sinf.o)
    0x08009a38   0x08009a38   0x0000007a   Code   RO         7598    i.__hardfp_sqrt     m_wm.l(sqrt.o)
    0x08009ab2   0x08009ab2   0x00000006   PAD
    0x08009ab8   0x08009ab8   0x00000438   Code   RO         7758    i.__ieee754_rem_pio2  m_wm.l(rred.o)
    0x08009ef0   0x08009ef0   0x00000170   Code   RO         7722    i.__kernel_cos      m_wm.l(cos_i.o)
    0x0800a060   0x0800a060   0x000000f8   Code   RO         7755    i.__kernel_poly     m_wm.l(poly.o)
    0x0800a158   0x0800a158   0x00000130   Code   RO         7766    i.__kernel_sin      m_wm.l(sin_i.o)
    0x0800a288   0x0800a288   0x00000014   Code   RO         7726    i.__mathlib_dbl_infnan  m_wm.l(dunder.o)
    0x0800a29c   0x0800a29c   0x00000014   Code   RO         7727    i.__mathlib_dbl_infnan2  m_wm.l(dunder.o)
    0x0800a2b0   0x0800a2b0   0x00000020   Code   RO         7728    i.__mathlib_dbl_invalid  m_wm.l(dunder.o)
    0x0800a2d0   0x0800a2d0   0x00000020   Code   RO         7731    i.__mathlib_dbl_underflow  m_wm.l(dunder.o)
    0x0800a2f0   0x0800a2f0   0x00000006   Code   RO         7742    i.__mathlib_flt_infnan  m_wm.l(funder.o)
    0x0800a2f6   0x0800a2f6   0x00000006   Code   RO         7743    i.__mathlib_flt_infnan2  m_wm.l(funder.o)
    0x0800a2fc   0x0800a2fc   0x00000010   Code   RO         7744    i.__mathlib_flt_invalid  m_wm.l(funder.o)
    0x0800a30c   0x0800a30c   0x00000010   Code   RO         7747    i.__mathlib_flt_underflow  m_wm.l(funder.o)
    0x0800a31c   0x0800a31c   0x00000154   Code   RO         7763    i.__mathlib_rredf2  m_wm.l(rredf.o)
    0x0800a470   0x0800a470   0x00000006   Code   RO         6659    i.__set_PRIMASK     fifo.o
    0x0800a476   0x0800a476   0x00000004   Code   RO          587    i._sys_exit         usart.o
    0x0800a47a   0x0800a47a   0x00000002   PAD
    0x0800a47c   0x0800a47c   0x00000030   Code   RO         6597    i.append_CRC16_check_sum  crc8_crc16.o
    0x0800a4ac   0x0800a4ac   0x00000024   Code   RO         6598    i.append_CRC8_check_sum  crc8_crc16.o
    0x0800a4d0   0x0800a4d0   0x00000010   Code   RO         7710    i.atan              m_wm.l(atan.o)
    0x0800a4e0   0x0800a4e0   0x00000134   Code   RO         6179    i.bmi088_accel_init  bmi088driver.o
    0x0800a614   0x0800a614   0x000002fc   Code   RO         6180    i.bmi088_accel_self_test  bmi088driver.o
    0x0800a910   0x0800a910   0x000000f4   Code   RO         6181    i.bmi088_gyro_init  bmi088driver.o
    0x0800aa04   0x0800aa04   0x000000d0   Code   RO         6182    i.bmi088_gyro_self_test  bmi088driver.o
    0x0800aad4   0x0800aad4   0x0000005c   Code   RO         7279    i.can_filter_init   bsp_can.o
    0x0800ab30   0x0800ab30   0x00000018   Code   RO         7570    i.fabs              m_wm.l(fabs.o)
    0x0800ab48   0x0800ab48   0x0000003a   Code   RO         6677    i.fifo_s_get        fifo.o
    0x0800ab82   0x0800ab82   0x00000016   Code   RO         6680    i.fifo_s_init       fifo.o
    0x0800ab98   0x0800ab98   0x000000a0   Code   RO         6686    i.fifo_s_puts       fifo.o
    0x0800ac38   0x0800ac38   0x00000006   Code   RO         6688    i.fifo_s_used       fifo.o
    0x0800ac3e   0x0800ac3e   0x00000032   Code   RO         7137    i.float_to_uint     math_lib.o
    0x0800ac70   0x0800ac70   0x00000050   Code   RO         6386    i.float_to_uint_mi  can_task.o
    0x0800acc0   0x0800acc0   0x000001c8   Code   RO         5760    i.fn_AHRS_init      ins_task.o
    0x0800ae88   0x0800ae88   0x00000010   Code   RO         5384    i.fn_BuzzerClose    buzzer_task.o
    0x0800ae98   0x0800ae98   0x0000002a   Code   RO         5385    i.fn_BuzzerPrompt   buzzer_task.o
    0x0800aec2   0x0800aec2   0x00000002   PAD
    0x0800aec4   0x0800aec4   0x00000074   Code   RO         5465    i.fn_CalibrationInit  calibrate_task.o
    0x0800af38   0x0800af38   0x000000ac   Code   RO         5466    i.fn_CalibrationStart  calibrate_task.o
    0x0800afe4   0x0800afe4   0x000000e8   Code   RO         5543    i.fn_ChassisInit    chassis_task.o
    0x0800b0cc   0x0800b0cc   0x00000120   Code   RO         5544    i.fn_ChassisMode    chassis_task.o
    0x0800b1ec   0x0800b1ec   0x000000b4   Code   RO         6387    i.fn_ChassisMotor3508Data  can_task.o
    0x0800b2a0   0x0800b2a0   0x00000194   Code   RO         5545    i.fn_ChassisMotorInit  chassis_task.o
    0x0800b434   0x0800b434   0x0000154c   Code   RO         5546    i.fn_ChassisMove    chassis_task.o
    0x0800c980   0x0800c980   0x0000004c   Code   RO         6389    i.fn_DM_start_motor  can_task.o
    0x0800c9cc   0x0800c9cc   0x00000028   Code   RO         5632    i.fn_ErrorFlagInit  detect_task.o
    0x0800c9f4   0x0800c9f4   0x00000028   Code   RO         7138    i.fn_Fp32Limit      math_lib.o
    0x0800ca1c   0x0800ca1c   0x000001a0   Code   RO         5692    i.fn_GimbalInit     gimbal_task.o
    0x0800cbbc   0x0800cbbc   0x000000d4   Code   RO         5693    i.fn_GimbalMode     gimbal_task.o
    0x0800cc90   0x0800cc90   0x000001b0   Code   RO         6390    i.fn_GimbalMotor2006data  can_task.o
    0x0800ce40   0x0800ce40   0x00000054   Code   RO         6391    i.fn_GimbalMotor3508Data  can_task.o
    0x0800ce94   0x0800ce94   0x000001a0   Code   RO         5694    i.fn_GimbalMotorInit  gimbal_task.o
    0x0800d034   0x0800d034   0x00000064   Code   RO         6392    i.fn_GimbalMotorMidata  can_task.o
    0x0800d098   0x0800d098   0x00000a08   Code   RO         5695    i.fn_GimbalMove     gimbal_task.o
    0x0800daa0   0x0800daa0   0x000000f0   Code   RO         5467    i.fn_GyroCalibration  calibrate_task.o
    0x0800db90   0x0800db90   0x00000054   Code   RO         5761    i.fn_INSInit        ins_task.o
    0x0800dbe4   0x0800dbe4   0x000000cc   Code   RO         7237    i.fn_Iclear_PidClac  pid.o
    0x0800dcb0   0x0800dcb0   0x000000f8   Code   RO         7238    i.fn_Iclear_PidClacAngle  pid.o
    0x0800dda8   0x0800dda8   0x0000003c   Code   RO         7140    i.fn_InvSqrt        math_lib.o
    0x0800dde4   0x0800dde4   0x00000058   Code   RO         5853    i.fn_LedBlue        led_task.o
    0x0800de3c   0x0800de3c   0x00000058   Code   RO         5854    i.fn_LedGreen       led_task.o
    0x0800de94   0x0800de94   0x00000034   Code   RO         5855    i.fn_LedInit        led_task.o
    0x0800dec8   0x0800dec8   0x00000058   Code   RO         5856    i.fn_LedRed         led_task.o
    0x0800df20   0x0800df20   0x00000308   Code   RO         5762    i.fn_MahonyAHRSupdateIMU  ins_task.o
    0x0800e228   0x0800e228   0x00000054   Code   RO         5696    i.fn_MotorMode      gimbal_task.o
    0x0800e27c   0x0800e27c   0x000000b6   Code   RO         7239    i.fn_PidClac        pid.o
    0x0800e332   0x0800e332   0x00000002   PAD
    0x0800e334   0x0800e334   0x000000e0   Code   RO         7240    i.fn_PidClacAngle   pid.o
    0x0800e414   0x0800e414   0x00000070   Code   RO         7241    i.fn_PidInit        pid.o
    0x0800e484   0x0800e484   0x00000064   Code   RO         7141    i.fn_RadFormat      math_lib.o
    0x0800e4e8   0x0800e4e8   0x00000104   Code   RO         5633    i.fn_RemoteControlDataErrorTest  detect_task.o
    0x0800e5ec   0x0800e5ec   0x00000060   Code   RO         5634    i.fn_RolloverTest   detect_task.o
    0x0800e64c   0x0800e64c   0x00000178   Code   RO         7047    i.fn_ShootMode      shoot_task.o
    0x0800e7c4   0x0800e7c4   0x00000148   Code   RO         7048    i.fn_ShootMotorInit  shoot_task.o
    0x0800e90c   0x0800e90c   0x0000065c   Code   RO         7049    i.fn_ShootMove      shoot_task.o
    0x0800ef68   0x0800ef68   0x000001c4   Code   RO         6131    i.fn_TelescopeInit  telescope_task.o
    0x0800f12c   0x0800f12c   0x000000ec   Code   RO         6132    i.fn_TelescopeMode  telescope_task.o
    0x0800f218   0x0800f218   0x000001cc   Code   RO         6393    i.fn_TriggerMotor3508Data  can_task.o
    0x0800f3e4   0x0800f3e4   0x00000154   Code   RO         7144    i.fn_WheelSpeedW1   math_lib.o
    0x0800f538   0x0800f538   0x00000158   Code   RO         7145    i.fn_WheelSpeedW2   math_lib.o
    0x0800f690   0x0800f690   0x00000158   Code   RO         7146    i.fn_WheelSpeedW3   math_lib.o
    0x0800f7e8   0x0800f7e8   0x00000154   Code   RO         7147    i.fn_WheelSpeedW4   math_lib.o
    0x0800f93c   0x0800f93c   0x00000158   Code   RO         6088    i.fn_cap_Contorl    supercap_task.o
    0x0800fa94   0x0800fa94   0x00000038   Code   RO         6089    i.fn_cap_init       supercap_task.o
    0x0800facc   0x0800facc   0x00000348   Code   RO         6938    i.fn_chassis_power_control  power_control.o
    0x0800fe14   0x0800fe14   0x0000021c   Code   RO         6939    i.fn_chassis_speed_autoset  power_control.o
    0x08010030   0x08010030   0x00000024   Code   RO         6940    i.fn_chassis_speed_reset_speed  power_control.o
    0x08010054   0x08010054   0x00000024   Code   RO         6941    i.fn_chassis_speed_reset_w  power_control.o
    0x08010078   0x08010078   0x00000064   Code   RO         6394    i.fn_cmd_CAN1GimbalMotor1  can_task.o
    0x080100dc   0x080100dc   0x00000064   Code   RO         6396    i.fn_cmd_CAN2ChassisMotor  can_task.o
    0x08010140   0x08010140   0x0000006c   Code   RO         6397    i.fn_cmd_CAN2TriggerMotor  can_task.o
    0x080101ac   0x080101ac   0x000000f8   Code   RO         6398    i.fn_cmd_quat_to_computer  can_task.o
    0x080102a4   0x080102a4   0x0000006c   Code   RO         6399    i.fn_cmd_shoot_data_to_computer  can_task.o
    0x08010310   0x08010310   0x00000094   Code   RO         6400    i.fn_cmd_supercap   can_task.o
    0x080103a4   0x080103a4   0x00000100   Code   RO         6401    i.fn_ctrl_DM_motor  can_task.o
    0x080104a4   0x080104a4   0x00000094   Code   RO         7050    i.fn_fric_state     shoot_task.o
    0x08010538   0x08010538   0x000000e0   Code   RO         6942    i.fn_level_power_limit  power_control.o
    0x08010618   0x08010618   0x0000001a   Code   RO         7119    i.fn_low_filter     filter.o
    0x08010632   0x08010632   0x00000002   PAD
    0x08010634   0x08010634   0x0000004c   Code   RO         5635    i.fn_rc_work_state_test  detect_task.o
    0x08010680   0x08010680   0x0000001c   Code   RO         7148    i.fn_scope_judgment  math_lib.o
    0x0801069c   0x0801069c   0x000000ac   Code   RO         7051    i.fn_shoot_init     shoot_task.o
    0x08010748   0x08010748   0x00000194   Code   RO         7052    i.fn_shoot_motor3508_init  shoot_task.o
    0x080108dc   0x080108dc   0x000000b4   Code   RO         5636    i.fn_trigger_motor_block  detect_task.o
    0x08010990   0x08010990   0x00000034   Code   RO         6599    i.get_CRC16_check_sum  crc8_crc16.o
    0x080109c4   0x080109c4   0x00000024   Code   RO         6600    i.get_CRC8_check_sum  crc8_crc16.o
    0x080109e8   0x080109e8   0x00000054   Code   RO         6402    i.get_autoaim_measure  can_task.o
    0x08010a3c   0x08010a3c   0x00000068   Code   RO         6403    i.get_cap_data      can_task.o
    0x08010aa4   0x08010aa4   0x0000001c   Code   RO         5908    i.get_chassis_power_and_buffer  referee_task.o
    0x08010ac0   0x08010ac0   0x000000a4   Code   RO         6404    i.get_dm_motor_data  can_task.o
    0x08010b64   0x08010b64   0x0000008c   Code   RO         6405    i.get_mi_motor_data  can_task.o
    0x08010bf0   0x08010bf0   0x0000002e   Code   RO         6406    i.get_motor_measure  can_task.o
    0x08010c1e   0x08010c1e   0x00000002   PAD
    0x08010c20   0x08010c20   0x000000fc   Code   RO         5909    i.get_robot_id      referee_task.o
    0x08010d1c   0x08010d1c   0x00000010   Code   RO         5910    i.get_shoot_speed   referee_task.o
    0x08010d2c   0x08010d2c   0x000001a8   Code   RO         5763    i.imu_cmd_spi_dma   ins_task.o
    0x08010ed4   0x08010ed4   0x0000009c   Code   RO         5764    i.imu_temp_control  ins_task.o
    0x08010f70   0x08010f70   0x00000028   Code   RO         6407    i.init_cybergear    can_task.o
    0x08010f98   0x08010f98   0x00000128   Code   RO         5911    i.init_referee_struct_data  referee_task.o
    0x080110c0   0x080110c0   0x00000084   Code   RO           16    i.main              main.o
    0x08011144   0x08011144   0x0000000e   Code   RO         4857    i.makeFreeRtosPriority  cmsis_os.o
    0x08011152   0x08011152   0x00000002   PAD
    0x08011154   0x08011154   0x00000128   Code   RO         6408    i.motor_mi_controlmode  can_task.o
    0x0801127c   0x0801127c   0x00000018   Code   RO         4859    i.osDelay           cmsis_os.o
    0x08011294   0x08011294   0x0000000a   Code   RO         4862    i.osKernelStart     cmsis_os.o
    0x0801129e   0x0801129e   0x0000005e   Code   RO         4896    i.osThreadCreate    cmsis_os.o
    0x080112fc   0x080112fc   0x00000030   Code   RO         4488    i.pcTaskGetName     tasks.o
    0x0801132c   0x0801132c   0x00000078   Code   RO         6883    i.plot6             plot.o
    0x080113a4   0x080113a4   0x000000a4   Code   RO         4489    i.prvAddCurrentTaskToDelayedList  tasks.o
    0x08011448   0x08011448   0x000000b4   Code   RO         4490    i.prvAddNewTaskToReadyList  tasks.o
    0x080114fc   0x080114fc   0x00000048   Code   RO         4491    i.prvCheckTasksWaitingTermination  tasks.o
    0x08011544   0x08011544   0x00000050   Code   RO         4492    i.prvDeleteTCB      tasks.o
    0x08011594   0x08011594   0x0000007c   Code   RO         5236    i.prvHeapInit       heap_4.o
    0x08011610   0x08011610   0x00000028   Code   RO         4493    i.prvIdleTask       tasks.o
    0x08011638   0x08011638   0x000000c2   Code   RO         4494    i.prvInitialiseNewTask  tasks.o
    0x080116fa   0x080116fa   0x00000002   PAD
    0x080116fc   0x080116fc   0x00000068   Code   RO         4495    i.prvInitialiseTaskLists  tasks.o
    0x08011764   0x08011764   0x00000068   Code   RO         5237    i.prvInsertBlockIntoFreeList  heap_4.o
    0x080117cc   0x080117cc   0x00000034   Code   RO         4496    i.prvResetNextTaskUnblockTime  tasks.o
    0x08011800   0x08011800   0x000000b0   Code   RO         4497    i.prvSearchForNameWithinSingleList  tasks.o
    0x080118b0   0x080118b0   0x00000040   Code   RO         5305    i.prvTaskExitError  port.o
    0x080118f0   0x080118f0   0x0000014c   Code   RO         5238    i.pvPortMalloc      heap_4.o
    0x08011a3c   0x08011a3c   0x0000002c   Code   RO         5306    i.pxPortInitialiseStack  port.o
    0x08011a68   0x08011a68   0x0000050c   Code   RO         5765    i.quaternion2eulers  ins_task.o
    0x08011f74   0x08011f74   0x0000022c   Code   RO         5912    i.referee_data_solve  referee_task.o
    0x080121a0   0x080121a0   0x00000074   Code   RO         5914    i.referee_send_client_graphic  referee_task.o
    0x08012214   0x08012214   0x00000074   Code   RO         5916    i.referee_send_multi_graphic  referee_task.o
    0x08012288   0x08012288   0x0000014c   Code   RO         5918    i.referee_unpack_fifo_data  referee_task.o
    0x080123d4   0x080123d4   0x00000014   Code   RO         7005    i.remote_control_init  remote_control.o
    0x080123e8   0x080123e8   0x0000013c   Code   RO         7006    i.sbus_to_rc        remote_control.o
    0x08012524   0x08012524   0x00000100   Code   RO         5920    i.send_capvol_graphic  referee_task.o
    0x08012624   0x08012624   0x00000598   Code   RO         5924    i.send_multi_dynamic_graphic  referee_task.o
    0x08012bbc   0x08012bbc   0x000004b8   Code   RO         5925    i.send_multi_static_graphic  referee_task.o
    0x08013074   0x08013074   0x00000018   Code   RO         6409    i.set_mode_cybergear  can_task.o
    0x0801308c   0x0801308c   0x0000006e   Code   RO         7600    i.sqrt              m_wm.l(sqrt.o)
    0x080130fa   0x080130fa   0x00000002   PAD
    0x080130fc   0x080130fc   0x00000028   Code   RO         6410    i.start_cybergear   can_task.o
    0x08013124   0x08013124   0x00000054   Code   RO         5387    i.tim1              buzzer_task.o
    0x08013178   0x08013178   0x00000054   Code   RO         5388    i.tim2              buzzer_task.o
    0x080131cc   0x080131cc   0x00000054   Code   RO         5389    i.tim3              buzzer_task.o
    0x08013220   0x08013220   0x00000030   Code   RO         6411    i.uint16_to_float   can_task.o
    0x08013250   0x08013250   0x00000034   Code   RO         7149    i.uint_to_float     math_lib.o
    0x08013284   0x08013284   0x00000074   Code   RO         4501    i.ulTaskNotifyTake  tasks.o
    0x080132f8   0x080132f8   0x00000138   Code   RO         7350    i.usart6_init       bsp_usart.o
    0x08013430   0x08013430   0x000000a8   Code   RO         7351    i.usart6_tx_dma_enable  bsp_usart.o
    0x080134d8   0x080134d8   0x00000028   Code   RO         4102    i.uxListRemove      list.o
    0x08013500   0x08013500   0x00000018   Code   RO          296    i.vApplicationGetIdleTaskMemory  freertos.o
    0x08013518   0x08013518   0x0000001a   Code   RO         4103    i.vListInitialise   list.o
    0x08013532   0x08013532   0x00000006   Code   RO         4104    i.vListInitialiseItem  list.o
    0x08013538   0x08013538   0x00000034   Code   RO         4105    i.vListInsert       list.o
    0x0801356c   0x0801356c   0x00000018   Code   RO         4106    i.vListInsertEnd    list.o
    0x08013584   0x08013584   0x00000054   Code   RO         5308    i.vPortEnterCritical  port.o
    0x080135d8   0x080135d8   0x0000003c   Code   RO         5309    i.vPortExitCritical  port.o
    0x08013614   0x08013614   0x000000a4   Code   RO         5239    i.vPortFree         heap_4.o
    0x080136b8   0x080136b8   0x00000028   Code   RO         5310    i.vPortSetupTimerInterrupt  port.o
    0x080136e0   0x080136e0   0x00000078   Code   RO         5311    i.vPortValidateInterruptPriority  port.o
    0x08013758   0x08013758   0x0000005c   Code   RO         4509    i.vTaskDelay        tasks.o
    0x080137b4   0x080137b4   0x000000f0   Code   RO         4514    i.vTaskNotifyGiveFromISR  tasks.o
    0x080138a4   0x080138a4   0x000000b0   Code   RO         4522    i.vTaskStartScheduler  tasks.o
    0x08013954   0x08013954   0x00000010   Code   RO         4524    i.vTaskSuspendAll   tasks.o
    0x08013964   0x08013964   0x0000008c   Code   RO         4525    i.vTaskSwitchContext  tasks.o
    0x080139f0   0x080139f0   0x00000040   Code   RO         6601    i.verify_CRC16_check_sum  crc8_crc16.o
    0x08013a30   0x08013a30   0x0000002e   Code   RO         6602    i.verify_CRC8_check_sum  crc8_crc16.o
    0x08013a5e   0x08013a5e   0x00000002   PAD
    0x08013a60   0x08013a60   0x00000168   Code   RO         5312    i.xPortStartScheduler  port.o
    0x08013bc8   0x08013bc8   0x00000064   Code   RO         4529    i.xTaskCreate       tasks.o
    0x08013c2c   0x08013c2c   0x000000ba   Code   RO         4530    i.xTaskCreateStatic  tasks.o
    0x08013ce6   0x08013ce6   0x00000002   PAD
    0x08013ce8   0x08013ce8   0x000000a4   Code   RO         4534    i.xTaskGetHandle    tasks.o
    0x08013d8c   0x08013d8c   0x00000020   Code   RO         4535    i.xTaskGetSchedulerState  tasks.o
    0x08013dac   0x08013dac   0x00000148   Code   RO         4538    i.xTaskIncrementTick  tasks.o
    0x08013ef4   0x08013ef4   0x00000104   Code   RO         4544    i.xTaskResumeAll    tasks.o
    0x08013ff8   0x08013ff8   0x00000018   Code   RO         7474    x$fpl$basic         fz_wm.l(basic.o)
    0x08014010   0x08014010   0x00000062   Code   RO         7476    x$fpl$d2f           fz_wm.l(d2f.o)
    0x08014072   0x08014072   0x00000002   PAD
    0x08014074   0x08014074   0x00000150   Code   RO         7478    x$fpl$dadd          fz_wm.l(daddsub_clz.o)
    0x080141c4   0x080141c4   0x00000018   Code   RO         7693    x$fpl$dcmpinf       fz_wm.l(dcmpi.o)
    0x080141dc   0x080141dc   0x000002b0   Code   RO         7485    x$fpl$ddiv          fz_wm.l(ddiv.o)
    0x0801448c   0x0801448c   0x00000078   Code   RO         7695    x$fpl$deqf          fz_wm.l(deqf.o)
    0x08014504   0x08014504   0x0000005e   Code   RO         7814    x$fpl$dfix          fz_wm.l(dfix.o)
    0x08014562   0x08014562   0x00000002   PAD
    0x08014564   0x08014564   0x0000005a   Code   RO         7488    x$fpl$dfixu         fz_wm.l(dfixu.o)
    0x080145be   0x080145be   0x0000002e   Code   RO         7493    x$fpl$dflt          fz_wm.l(dflt_clz.o)
    0x080145ec   0x080145ec   0x00000026   Code   RO         7492    x$fpl$dfltu         fz_wm.l(dflt_clz.o)
    0x08014612   0x08014612   0x00000002   PAD
    0x08014614   0x08014614   0x00000078   Code   RO         7498    x$fpl$dleqf         fz_wm.l(dleqf.o)
    0x0801468c   0x0801468c   0x00000154   Code   RO         7500    x$fpl$dmul          fz_wm.l(dmul.o)
    0x080147e0   0x080147e0   0x0000009c   Code   RO         7697    x$fpl$dnaninf       fz_wm.l(dnaninf.o)
    0x0801487c   0x0801487c   0x0000000c   Code   RO         7699    x$fpl$dretinf       fz_wm.l(dretinf.o)
    0x08014888   0x08014888   0x0000006c   Code   RO         7502    x$fpl$drleqf        fz_wm.l(drleqf.o)
    0x080148f4   0x080148f4   0x00000016   Code   RO         7479    x$fpl$drsb          fz_wm.l(daddsub_clz.o)
    0x0801490a   0x0801490a   0x00000002   PAD
    0x0801490c   0x0801490c   0x00000198   Code   RO         7701    x$fpl$dsqrt         fz_wm.l(dsqrt_umaal.o)
    0x08014aa4   0x08014aa4   0x000001d4   Code   RO         7480    x$fpl$dsub          fz_wm.l(daddsub_clz.o)
    0x08014c78   0x08014c78   0x00000056   Code   RO         7504    x$fpl$f2d           fz_wm.l(f2d.o)
    0x08014cce   0x08014cce   0x0000008c   Code   RO         7703    x$fpl$fnaninf       fz_wm.l(fnaninf.o)
    0x08014d5a   0x08014d5a   0x0000000a   Code   RO         7818    x$fpl$fpinit        fz_wm.l(fpinit.o)
    0x08014d64   0x08014d64   0x0000000a   Code   RO         7705    x$fpl$fretinf       fz_wm.l(fretinf.o)
    0x08014d6e   0x08014d6e   0x00000000   Code   RO         7707    x$fpl$usenofp       fz_wm.l(usenofp.o)
    0x08014d6e   0x08014d6e   0x00000002   PAD
    0x08014d70   0x08014d70   0x00000134   Data   RO          298    .constdata          freertos.o
    0x08014ea4   0x08014ea4   0x00000008   Data   RO         1604    .constdata          stm32f4xx_hal_dma.o
    0x08014eac   0x08014eac   0x00000018   Data   RO         3966    .constdata          system_stm32f4xx.o
    0x08014ec4   0x08014ec4   0x0000003c   Data   RO         5548    .constdata          chassis_task.o
    0x08014f00   0x08014f00   0x00000090   Data   RO         5698    .constdata          gimbal_task.o
    0x08014f90   0x08014f90   0x00000012   Data   RO         6187    .constdata          bmi088driver.o
    0x08014fa2   0x08014fa2   0x00000302   Data   RO         6603    .constdata          crc8_crc16.o
    0x080152a4   0x080152a4   0x00000048   Data   RO         7054    .constdata          shoot_task.o
    0x080152ec   0x080152ec   0x00000004   PAD
    0x080152f0   0x080152f0   0x00000050   Data   RO         7509    .constdata          m_wm.l(acos.o)
    0x08015340   0x08015340   0x00000098   Data   RO         7711    .constdata          m_wm.l(atan.o)
    0x080153d8   0x080153d8   0x00000030   Data   RO         7723    .constdata          m_wm.l(cos_i.o)
    0x08015408   0x08015408   0x00000008   Data   RO         7757    .constdata          m_wm.l(qnan.o)
    0x08015410   0x08015410   0x000000c8   Data   RO         7760    .constdata          m_wm.l(rred.o)
    0x080154d8   0x080154d8   0x00000020   Data   RO         7764    .constdata          m_wm.l(rredf.o)
    0x080154f8   0x080154f8   0x00000028   Data   RO         7767    .constdata          m_wm.l(sin_i.o)
    0x08015520   0x08015520   0x00000098   Data   RO          299    .conststring        freertos.o
    0x080155b8   0x080155b8   0x00000020   Data   RO         7904    Region$$Table       anon$$obj.o


    Execution Region RW_IRAM1 (Exec base: 0x20000000, Load base: 0x080155d8, Size: 0x00008210, Max: 0x0001c000, ABSOLUTE, COMPRESSED[0x0000007c])

    Exec Addr    Load Addr    Size         Type   Attr      Idx    E Section Name        Object

    0x20000000   COMPRESSED   0x0000002c   Data   RW          300    .data               freertos.o
    0x2000002c   COMPRESSED   0x00000004   Data   RW          399    .data               can.o
    0x20000030   COMPRESSED   0x00000009   Data   RW         2054    .data               stm32f4xx_hal.o
    0x20000039   COMPRESSED   0x00000003   PAD
    0x2000003c   COMPRESSED   0x00000004   Data   RW         3967    .data               system_stm32f4xx.o
    0x20000040   COMPRESSED   0x0000003c   Data   RW         4547    .data               tasks.o
    0x2000007c   COMPRESSED   0x00000020   Data   RW         5245    .data               heap_4.o
    0x2000009c   COMPRESSED   0x0000000c   Data   RW         5313    .data               port.o
    0x200000a8   COMPRESSED   0x00000001   Data   RW         5392    .data               buzzer_task.o
    0x200000a9   COMPRESSED   0x00000003   PAD
    0x200000ac   COMPRESSED   0x00000020   Data   RW         5468    .data               calibrate_task.o
    0x200000cc   COMPRESSED   0x00000016   Data   RW         5549    .data               chassis_task.o
    0x200000e2   COMPRESSED   0x0000000e   Data   RW         5637    .data               detect_task.o
    0x200000f0   COMPRESSED   0x00000012   Data   RW         5699    .data               gimbal_task.o
    0x20000102   COMPRESSED   0x00000002   PAD
    0x20000104   COMPRESSED   0x00000058   Data   RW         5767    .data               ins_task.o
    0x2000015c   COMPRESSED   0x00000006   Data   RW         5857    .data               led_task.o
    0x20000162   COMPRESSED   0x00000002   PAD
    0x20000164   COMPRESSED   0x0000006a   Data   RW         5932    .data               referee_task.o
    0x200001ce   COMPRESSED   0x00000002   PAD
    0x200001d0   COMPRESSED   0x00000037   Data   RW         6091    .data               supercap_task.o
    0x20000207   COMPRESSED   0x00000001   PAD
    0x20000208   COMPRESSED   0x0000002c   Data   RW         6188    .data               bmi088driver.o
    0x20000234   COMPRESSED   0x0000000e   Data   RW         6413    .data               can_task.o
    0x20000242   COMPRESSED   0x00000002   Data   RW         6604    .data               crc8_crc16.o
    0x20000244   COMPRESSED   0x00000030   Data   RW         6943    .data               power_control.o
    0x20000274   COMPRESSED   0x00000004   Data   RW         7008    .data               remote_control.o
    0x20000278   COMPRESSED   0x00000016   Data   RW         7055    .data               shoot_task.o
    0x2000028e   COMPRESSED   0x00000002   PAD
    0x20000290        -       0x00000254   Zero   RW          297    .bss                freertos.o
    0x200004e4        -       0x00000050   Zero   RW          398    .bss                can.o
    0x20000534        -       0x00000118   Zero   RW          470    .bss                spi.o
    0x2000064c        -       0x000000d8   Zero   RW          517    .bss                tim.o
    0x20000724        -       0x000001f8   Zero   RW          590    .bss                usart.o
    0x2000091c        -       0x00000048   Zero   RW          815    .bss                stm32f4xx_hal_timebase_tim.o
    0x20000964        -       0x000000f0   Zero   RW         4546    .bss                tasks.o
    0x20000a54        -       0x000050b4   Zero   RW         5244    .bss                heap_4.o
    0x20005b08        -       0x00000074   Zero   RW         5547    .bss                chassis_task.o
    0x20005b7c        -       0x00000224   Zero   RW         5697    .bss                gimbal_task.o
    0x20005da0        -       0x000000bc   Zero   RW         5766    .bss                ins_task.o
    0x20005e5c        -       0x00000dbc   Zero   RW         5931    .bss                referee_task.o
    0x20006c18        -       0x00000058   Zero   RW         6090    .bss                supercap_task.o
    0x20006c70        -       0x00000ebc   Zero   RW         6412    .bss                can_task.o
    0x20007b2c        -       0x0000002b   Zero   RW         6884    .bss                plot.o
    0x20007b57   COMPRESSED   0x00000001   PAD
    0x20007b58        -       0x00000014   Zero   RW         7007    .bss                remote_control.o
    0x20007b6c        -       0x0000001c   Zero   RW         7053    .bss                shoot_task.o
    0x20007b88        -       0x00000024   Zero   RW         7352    .bss                bsp_usart.o
    0x20007bac        -       0x00000060   Zero   RW         7773    .bss                c_w.l(libspace.o)
    0x20007c0c   COMPRESSED   0x00000004   PAD
    0x20007c10        -       0x00000200   Zero   RW            2    HEAP                startup_stm32f407xx.o
    0x20007e10        -       0x00000400   Zero   RW            1    STACK               startup_stm32f407xx.o


    Execution Region RW_IRAM2 (Exec base: 0x2001c000, Load base: 0x08015654, Size: 0x00000000, Max: 0x00004000, ABSOLUTE)

    **** No section assigned to this execution region ****


==============================================================================

Image component sizes


      Code (inc. data)   RO Data    RW Data    ZI Data      Debug   Object Name

      2338         40         18         44          0      10495   bmi088driver.o
       216         28          0          0          0       4652   bmi088middleware.o
        92          8          0          0          0        558   bsp_can.o
     10428        170          0          0          0       5602   bsp_spi.o
       636         52          0          0         36       2414   bsp_usart.o
       406         52          0          1          0       4048   buzzer_task.o
       558        108          0         32          0       2658   calibrate_task.o
       492         44          0          4         80       2382   can.o
      4118        356          0         14       3772      26087   can_task.o
      6824        530         60         22        116       8088   chassis_task.o
       142          0          0          0          0      22759   cmsis_os.o
       282         20        770          2          0       4930   crc8_crc16.o
       792         98          0         14          0       4231   detect_task.o
       152          6          0          0          0        814   dma.o
         0          0          0          0          0      16552   event_groups.o
       258          0          0          0          0      10055   fifo.o
        26          0          0          0          0        856   filter.o
       354         62        460         44        596       3430   freertos.o
      4068        388        144         18        548       8216   gimbal_task.o
       404         22          0          0          0       1147   gpio.o
       724         74          0         32      20660       7335   heap_4.o
      6164        364          0         88        188      13713   ins_task.o
       380         58          0          6          0       2808   led_task.o
       148          0          0          0          0       3490   list.o
       342         28          0          0          0     746044   main.o
      1698         50          0          0          0       7795   math_lib.o
       970         32          0          0          0       4633   pid.o
       120          8          0          0         43       1401   plot.o
      1014         92          0         12          0      11889   port.o
      1676        116          0         48          0      10335   power_control.o
      5112        436          0        106       3516      23448   referee_task.o
       628         40          0          4         20       5788   remote_control.o
      3056        280         72         22         28       7826   shoot_task.o
       416         38          0          0        280       1883   spi.o
        64         26        392          0       1536        832   startup_stm32f407xx.o
       136         24          0          9          0       8646   stm32f4xx_hal.o
      2148          6          0          0          0      14155   stm32f4xx_hal_can.o
       304         30          0          0          0      34093   stm32f4xx_hal_cortex.o
      1246         16          8          0          0       5287   stm32f4xx_hal_dma.o
       540         50          0          0          0       2695   stm32f4xx_hal_gpio.o
        84          6          0          0          0        838   stm32f4xx_hal_msp.o
      1888         94          0          0          0       6177   stm32f4xx_hal_rcc.o
      1136         14          0          0          0       4593   stm32f4xx_hal_spi.o
      2364        142          0          0          0      15766   stm32f4xx_hal_tim.o
       184         30          0          0          0       2481   stm32f4xx_hal_tim_ex.o
       180         20          0          0         72       1431   stm32f4xx_hal_timebase_tim.o
      2264         14          0          0          0      11404   stm32f4xx_hal_uart.o
       180         48          0          0          0       8130   stm32f4xx_it.o
         0          0          0          0          0        384   stream_buffer.o
       448         70          0         55         88       4332   supercap_task.o
        20          6         24          4          0       1091   system_stm32f4xx.o
      2960        340          0         60        240      25611   tasks.o
       712         38          0          0          0       2031   telescope_task.o
       836         76          0          0        216       4386   tim.o
       876         86          0          0        504       5145   usart.o

    ----------------------------------------------------------------------
     73656       4736       1984        656      32540    1147870   Object Totals
         0          0         32          0          0          0   (incl. Generated)
        52          0          4         15          1          0   (incl. Padding)

    ----------------------------------------------------------------------

      Code (inc. data)   RO Data    RW Data    ZI Data      Debug   Library Member Name

        90          0          0          0          0          0   __dczerorl2.o
         8          0          0          0          0         68   __main.o
         0          0          0          0          0          0   __rtentry.o
        12          0          0          0          0          0   __rtentry2.o
         6          0          0          0          0          0   __rtentry4.o
        52          8          0          0          0          0   __scatter.o
        28          0          0          0          0          0   __scatter_zi.o
        22          0          0          0          0        100   _rserrno.o
        16          0          0          0          0         68   aeabi_memset.o
        18          0          0          0          0         80   exit.o
         6          0          0          0          0        152   heapauxi.o
         2          0          0          0          0          0   libinit.o
         6          0          0          0          0          0   libinit2.o
         2          0          0          0          0          0   libshutdown.o
         2          0          0          0          0          0   libshutdown2.o
         8          4          0          0         96         68   libspace.o
       238          0          0          0          0        100   lludivv7m.o
         8          4          0          0          0         68   rt_errno_addr_intlibspace.o
        68          0          0          0          0         68   rt_memclr.o
        78          0          0          0          0         80   rt_memclr_w.o
       138          0          0          0          0         68   rt_memcpy_v6.o
       100          0          0          0          0         80   rt_memcpy_w.o
         2          0          0          0          0          0   rtexit.o
        10          0          0          0          0          0   rtexit2.o
        62          0          0          0          0         76   strlen.o
        74          0          0          0          0         80   sys_stackheap_outer.o
         2          0          0          0          0         68   use_no_semi.o
         2          0          0          0          0         68   use_no_semi_2.o
        24          0          0          0          0        164   basic.o
        98          4          0          0          0        140   d2f.o
       826         16          0          0          0        492   daddsub_clz.o
        24          0          0          0          0        116   dcmpi.o
       688        140          0          0          0        256   ddiv.o
       120          4          0          0          0        140   deqf.o
        94          4          0          0          0        140   dfix.o
        90          4          0          0          0        140   dfixu.o
        84          0          0          0          0        232   dflt_clz.o
       120          4          0          0          0        140   dleqf.o
       340         12          0          0          0        152   dmul.o
       156          4          0          0          0        140   dnaninf.o
        12          0          0          0          0        116   dretinf.o
       108          0          0          0          0        128   drleqf.o
       408         56          0          0          0        168   dsqrt_umaal.o
        86          4          0          0          0        132   f2d.o
       140          4          0          0          0        132   fnaninf.o
        10          0          0          0          0        116   fpinit.o
        10          0          0          0          0        116   fretinf.o
         0          0          0          0          0          0   usenofp.o
       856        118         80          0          0        288   acos.o
       744        106        152          0          0        352   atan.o
       512         64          0          0          0        208   atan2.o
       684         90          0          0          0        208   atan2f.o
       200         20          0          0          0        164   cos.o
       368         46         48          0          0        200   cos_i.o
       336         56          0          0          0        136   cosf.o
       104         16          0          0          0        496   dunder.o
        44          0          0          0          0        248   fabs.o
        48          0          0          0          0        124   fpclassify.o
        38          0          0          0          0        116   fpclassifyf.o
        44         12          0          0          0        464   funder.o
       248          0          0          0          0        152   poly.o
         0          0          8          0          0          0   qnan.o
      1080        142        200          0          0        188   rred.o
       340         24         32          0          0        160   rredf.o
       200         20          0          0          0        164   sin.o
       304         24         40          0          0        208   sin_i.o
       400         56          0          0          0        212   sinf.o
       232          0          0          0          0        296   sqrt.o

    ----------------------------------------------------------------------
     11312       1070        560          0        100       8836   Library Totals
        32          4          0          0          4          0   (incl. Padding)

    ----------------------------------------------------------------------

      Code (inc. data)   RO Data    RW Data    ZI Data      Debug   Library Name

      1060         16          0          0         96       1292   c_w.l
      3438        256          0          0          0       3160   fz_wm.l
      6782        794        560          0          0       4384   m_wm.l

    ----------------------------------------------------------------------
     11312       1070        560          0        100       8836   Library Totals

    ----------------------------------------------------------------------

==============================================================================


      Code (inc. data)   RO Data    RW Data    ZI Data      Debug   

     84968       5806       2544        656      32640    1119482   Grand Totals
     84968       5806       2544        124      32640    1119482   ELF Image Totals (compressed)
     84968       5806       2544        124          0          0   ROM Totals

==============================================================================

    Total RO  Size (Code + RO Data)                87512 (  85.46kB)
    Total RW  Size (RW Data + ZI Data)             33296 (  32.52kB)
    Total ROM Size (Code + RO Data + RW Data)      87636 (  85.58kB)

==============================================================================

