Component: ARM Compiler 5.06 update 7 (build 960) Tool: armlink [4d3601]

==============================================================================

Section Cross References

    startup_stm32f407xx.o(STACK) refers (Special) to heapauxi.o(.text) for __use_two_region_memory
    startup_stm32f407xx.o(HEAP) refers (Special) to heapauxi.o(.text) for __use_two_region_memory
    startup_stm32f407xx.o(RESET) refers (Special) to heapauxi.o(.text) for __use_two_region_memory
    startup_stm32f407xx.o(RESET) refers to startup_stm32f407xx.o(STACK) for __initial_sp
    startup_stm32f407xx.o(RESET) refers to startup_stm32f407xx.o(.text) for Reset_Handler
    startup_stm32f407xx.o(RESET) refers to stm32f4xx_it.o(i.NMI_Handler) for NMI_Handler
    startup_stm32f407xx.o(RESET) refers to stm32f4xx_it.o(i.HardFault_Handler) for HardFault_Handler
    startup_stm32f407xx.o(RESET) refers to stm32f4xx_it.o(i.MemManage_Handler) for MemManage_Handler
    startup_stm32f407xx.o(RESET) refers to stm32f4xx_it.o(i.BusFault_Handler) for BusFault_Handler
    startup_stm32f407xx.o(RESET) refers to stm32f4xx_it.o(i.UsageFault_Handler) for UsageFault_Handler
    startup_stm32f407xx.o(RESET) refers to port.o(.emb_text) for SVC_Handler
    startup_stm32f407xx.o(RESET) refers to stm32f4xx_it.o(i.DebugMon_Handler) for DebugMon_Handler
    startup_stm32f407xx.o(RESET) refers to port.o(i.SysTick_Handler) for SysTick_Handler
    startup_stm32f407xx.o(RESET) refers to stm32f4xx_it.o(i.EXTI0_IRQHandler) for EXTI0_IRQHandler
    startup_stm32f407xx.o(RESET) refers to stm32f4xx_it.o(i.EXTI4_IRQHandler) for EXTI4_IRQHandler
    startup_stm32f407xx.o(RESET) refers to stm32f4xx_it.o(i.DMA1_Stream1_IRQHandler) for DMA1_Stream1_IRQHandler
    startup_stm32f407xx.o(RESET) refers to stm32f4xx_it.o(i.CAN1_RX0_IRQHandler) for CAN1_RX0_IRQHandler
    startup_stm32f407xx.o(RESET) refers to stm32f4xx_it.o(i.EXTI9_5_IRQHandler) for EXTI9_5_IRQHandler
    startup_stm32f407xx.o(RESET) refers to stm32f4xx_it.o(i.TIM3_IRQHandler) for TIM3_IRQHandler
    startup_stm32f407xx.o(RESET) refers to stm32f4xx_it.o(i.USART1_IRQHandler) for USART1_IRQHandler
    startup_stm32f407xx.o(RESET) refers to remote_control.o(i.USART3_IRQHandler) for USART3_IRQHandler
    startup_stm32f407xx.o(RESET) refers to stm32f4xx_it.o(i.DMA2_Stream1_IRQHandler) for DMA2_Stream1_IRQHandler
    startup_stm32f407xx.o(RESET) refers to ins_task.o(i.DMA2_Stream2_IRQHandler) for DMA2_Stream2_IRQHandler
    startup_stm32f407xx.o(RESET) refers to stm32f4xx_it.o(i.DMA2_Stream3_IRQHandler) for DMA2_Stream3_IRQHandler
    startup_stm32f407xx.o(RESET) refers to stm32f4xx_it.o(i.CAN2_RX0_IRQHandler) for CAN2_RX0_IRQHandler
    startup_stm32f407xx.o(RESET) refers to stm32f4xx_it.o(i.DMA2_Stream6_IRQHandler) for DMA2_Stream6_IRQHandler
    startup_stm32f407xx.o(RESET) refers to referee_task.o(i.USART6_IRQHandler) for USART6_IRQHandler
    startup_stm32f407xx.o(.text) refers (Special) to heapauxi.o(.text) for __use_two_region_memory
    startup_stm32f407xx.o(.text) refers to system_stm32f4xx.o(i.SystemInit) for SystemInit
    startup_stm32f407xx.o(.text) refers to __main.o(!!!main) for __main
    startup_stm32f407xx.o(.text) refers to startup_stm32f407xx.o(HEAP) for Heap_Mem
    startup_stm32f407xx.o(.text) refers to startup_stm32f407xx.o(STACK) for Stack_Mem
    main.o(i.HAL_TIM_PeriodElapsedCallback) refers to stm32f4xx_hal.o(i.HAL_IncTick) for HAL_IncTick
    main.o(i.SystemClock_Config) refers to rt_memclr_w.o(.text) for __aeabi_memclr4
    main.o(i.SystemClock_Config) refers to stm32f4xx_hal_rcc.o(i.HAL_RCC_OscConfig) for HAL_RCC_OscConfig
    main.o(i.SystemClock_Config) refers to main.o(i.Error_Handler) for Error_Handler
    main.o(i.SystemClock_Config) refers to stm32f4xx_hal_rcc.o(i.HAL_RCC_ClockConfig) for HAL_RCC_ClockConfig
    main.o(i.main) refers to stm32f4xx_hal.o(i.HAL_Init) for HAL_Init
    main.o(i.main) refers to main.o(i.SystemClock_Config) for SystemClock_Config
    main.o(i.main) refers to stm32f4xx_hal.o(i.HAL_Delay) for HAL_Delay
    main.o(i.main) refers to gpio.o(i.MX_GPIO_Init) for MX_GPIO_Init
    main.o(i.main) refers to dma.o(i.MX_DMA_Init) for MX_DMA_Init
    main.o(i.main) refers to can.o(i.MX_CAN1_Init) for MX_CAN1_Init
    main.o(i.main) refers to can.o(i.MX_CAN2_Init) for MX_CAN2_Init
    main.o(i.main) refers to spi.o(i.MX_SPI1_Init) for MX_SPI1_Init
    main.o(i.main) refers to usart.o(i.MX_USART1_UART_Init) for MX_USART1_UART_Init
    main.o(i.main) refers to usart.o(i.MX_USART3_UART_Init) for MX_USART3_UART_Init
    main.o(i.main) refers to usart.o(i.MX_USART6_UART_Init) for MX_USART6_UART_Init
    main.o(i.main) refers to tim.o(i.MX_TIM5_Init) for MX_TIM5_Init
    main.o(i.main) refers to tim.o(i.MX_TIM4_Init) for MX_TIM4_Init
    main.o(i.main) refers to tim.o(i.MX_TIM10_Init) for MX_TIM10_Init
    main.o(i.main) refers to tim.o(i.MX_TIM1_Init) for MX_TIM1_Init
    main.o(i.main) refers to rtc.o(i.MX_RTC_Init) for MX_RTC_Init
[...]
    _dneg                                    0x0800f4cd   Thumb Code     6  basic.o(x$fpl$basic)
    __aeabi_fneg                             0x0800f4d3   Thumb Code     0  basic.o(x$fpl$basic)
    _fneg                                    0x0800f4d3   Thumb Code     6  basic.o(x$fpl$basic)
    _dabs                                    0x0800f4d9   Thumb Code     6  basic.o(x$fpl$basic)
    _fabs                                    0x0800f4df   Thumb Code     6  basic.o(x$fpl$basic)
    __aeabi_d2f                              0x0800f4e5   Thumb Code     0  d2f.o(x$fpl$d2f)
    _d2f                                     0x0800f4e5   Thumb Code    98  d2f.o(x$fpl$d2f)
    __aeabi_dadd                             0x0800f549   Thumb Code     0  daddsub_clz.o(x$fpl$dadd)
    _dadd                                    0x0800f549   Thumb Code   332  daddsub_clz.o(x$fpl$dadd)
    __fpl_dcmp_Inf                           0x0800f699   Thumb Code    24  dcmpi.o(x$fpl$dcmpinf)
    __aeabi_ddiv                             0x0800f6b1   Thumb Code     0  ddiv.o(x$fpl$ddiv)
    _ddiv                                    0x0800f6b1   Thumb Code   552  ddiv.o(x$fpl$ddiv)
    __aeabi_cdcmpeq                          0x0800f961   Thumb Code     0  deqf.o(x$fpl$deqf)
    _dcmpeq                                  0x0800f961   Thumb Code   120  deqf.o(x$fpl$deqf)
    __aeabi_d2iz                             0x0800f9d9   Thumb Code     0  dfix.o(x$fpl$dfix)
    _dfix                                    0x0800f9d9   Thumb Code    94  dfix.o(x$fpl$dfix)
    __aeabi_d2uiz                            0x0800fa39   Thumb Code     0  dfixu.o(x$fpl$dfixu)
    _dfixu                                   0x0800fa39   Thumb Code    90  dfixu.o(x$fpl$dfixu)
    __aeabi_i2d                              0x0800fa93   Thumb Code     0  dflt_clz.o(x$fpl$dflt)
    _dflt                                    0x0800fa93   Thumb Code    46  dflt_clz.o(x$fpl$dflt)
    __aeabi_ui2d                             0x0800fac1   Thumb Code     0  dflt_clz.o(x$fpl$dfltu)
    _dfltu                                   0x0800fac1   Thumb Code    38  dflt_clz.o(x$fpl$dfltu)
    __aeabi_cdcmple                          0x0800fae9   Thumb Code     0  dleqf.o(x$fpl$dleqf)
    _dcmple                                  0x0800fae9   Thumb Code   120  dleqf.o(x$fpl$dleqf)
    __fpl_dcmple_InfNaN                      0x0800fb4b   Thumb Code     0  dleqf.o(x$fpl$dleqf)
    __aeabi_dmul                             0x0800fb61   Thumb Code     0  dmul.o(x$fpl$dmul)
    _dmul                                    0x0800fb61   Thumb Code   332  dmul.o(x$fpl$dmul)
    __fpl_dnaninf                            0x0800fcb5   Thumb Code   156  dnaninf.o(x$fpl$dnaninf)
    __fpl_dretinf                            0x0800fd51   Thumb Code    12  dretinf.o(x$fpl$dretinf)
    __aeabi_cdrcmple                         0x0800fd5d   Thumb Code     0  drleqf.o(x$fpl$drleqf)
    _drcmple                                 0x0800fd5d   Thumb Code   108  drleqf.o(x$fpl$drleqf)
    __aeabi_drsub                            0x0800fdc9   Thumb Code     0  daddsub_clz.o(x$fpl$drsb)
    _drsb                                    0x0800fdc9   Thumb Code    22  daddsub_clz.o(x$fpl$drsb)
    _dsqrt                                   0x0800fde1   Thumb Code   404  dsqrt_umaal.o(x$fpl$dsqrt)
    __aeabi_dsub                             0x0800ff79   Thumb Code     0  daddsub_clz.o(x$fpl$dsub)
    _dsub                                    0x0800ff79   Thumb Code   464  daddsub_clz.o(x$fpl$dsub)
    __aeabi_f2d                              0x0801014d   Thumb Code     0  f2d.o(x$fpl$f2d)
    _f2d                                     0x0801014d   Thumb Code    86  f2d.o(x$fpl$f2d)
    __fpl_fnaninf                            0x080101a3   Thumb Code   140  fnaninf.o(x$fpl$fnaninf)
    _fp_init                                 0x0801022f   Thumb Code    10  fpinit.o(x$fpl$fpinit)
    __fplib_config_fpu_vfp                   0x08010237   Thumb Code     0  fpinit.o(x$fpl$fpinit)
    __fplib_config_pureend_doubles           0x08010237   Thumb Code     0  fpinit.o(x$fpl$fpinit)
    __fpl_fretinf                            0x08010239   Thumb Code    10  fretinf.o(x$fpl$fretinf)
    __I$use$fp                               0x08010242   Number         0  usenofp.o(x$fpl$usenofp)
    AHBPrescTable                            0x08010380   Data          16  system_stm32f4xx.o(.constdata)
    APBPrescTable                            0x08010390   Data           8  system_stm32f4xx.o(.constdata)
    CRC8_table                               0x08010476   Data         256  crc8_crc16.o(.constdata)
    wCRC_table                               0x08010576   Data         512  crc8_crc16.o(.constdata)
    __mathlib_zero                           0x080108c0   Data           8  qnan.o(.constdata)
    Region$$Table$$Base                      0x08010a70   Number         0  anon$$obj.o(Region$$Table)
    Region$$Table$$Limit                     0x08010a90   Number         0  anon$$obj.o(Region$$Table)
    defaultTaskHandle                        0x20000000   Data           4  freertos.o(.data)
    led_taskHandle                           0x20000004   Data           4  freertos.o(.data)
    buzzer_taskHandle                        0x20000008   Data           4  freertos.o(.data)
    chassis_taskHandle                       0x2000000c   Data           4  freertos.o(.data)
    supercap_taskHandle                      0x20000010   Data           4  freertos.o(.data)
    referee_taskHandle                       0x20000014   Data           4  freertos.o(.data)
    ins_taskHandle                           0x20000018   Data           4  freertos.o(.data)
    calibrate_taskHandle                     0x2000001c   Data           4  freertos.o(.data)
    detect_taskHandle                        0x20000020   Data           4  freertos.o(.data)
    gimbal_taskHandle                        0x20000024   Data           4  freertos.o(.data)
    telescope_taskHandle                     0x20000028   Data           4  freertos.o(.data)
    uwTickFreq                               0x20000030   Data           1  stm32f4xx_hal.o(.data)
    uwTickPrio                               0x20000034   Data           4  stm32f4xx_hal.o(.data)
    uwTick                                   0x20000038   Data           4  stm32f4xx_hal.o(.data)
    SystemCoreClock                          0x2000003c   Data           4  system_stm32f4xx.o(.data)
    pxCurrentTCB                             0x20000040   Data           4  tasks.o(.data)
    BuzzerCount                              0x200000a8   Data           1  buzzer_task.o(.data)
    calibrate_flag                           0x200000ac   Data           1  calibrate_task.o(.data)
    start_count                              0x200000ae   Data           2  calibrate_task.o(.data)
    calibration_count                        0x200000b0   Data           2  calibrate_task.o(.data)
    gyro_x_zero                              0x200000b4   Data           4  calibrate_task.o(.data)
    gyro_y_zero                              0x200000b8   Data           4  calibrate_task.o(.data)
    gyro_z_zero                              0x200000bc   Data           4  calibrate_task.o(.data)
    sum_x                                    0x200000c0   Data           4  calibrate_task.o(.data)
    sum_y                                    0x200000c4   Data           4  calibrate_task.o(.data)
    sum_z                                    0x200000c8   Data           4  calibrate_task.o(.data)
    cap_send_num                             0x200000cc   Data           1  chassis_task.o(.data)
    chassis_send_num                         0x200000cd   Data           1  chassis_task.o(.data)
    spin_w_flag                              0x200000ce   Data           1  chassis_task.o(.data)
    send_num                                 0x200000d0   Data           2  chassis_task.o(.data)
    chassis_mode_time                        0x200000d8   Data           2  chassis_task.o(.data)
    spin_w_count                             0x200000da   Data           2  chassis_task.o(.data)
    chassis_init_time                        0x200000dc   Data           2  chassis_task.o(.data)
    relative_Pmax                            0x200000e0   Data           4  chassis_task.o(.data)
    Reset_cont                               0x200000e4   Data           1  detect_task.o(.data)
    remote_control_data_error_flag           0x200000e5   Data           1  detect_task.o(.data)
    rollover_flag                            0x200000e6   Data           1  detect_task.o(.data)
    trigger_motor3508_block_flag             0x200000e7   Data           1  detect_task.o(.data)
    rc_receive_flag                          0x200000e8   Data           1  detect_task.o(.data)
    gimbal_init_flag                         0x200000f8   Data           1  gimbal_task.o(.data)
    shoot_mode_flag                          0x200000f9   Data           1  gimbal_task.o(.data)
    shoot_mode_sned_num                      0x200000fa   Data           2  gimbal_task.o(.data)
    q_send_num                               0x200000fc   Data           2  gimbal_task.o(.data)
    gimbal_init_over_time                    0x200000fe   Data           2  gimbal_task.o(.data)
    gimbal_init_time                         0x20000100   Data           2  gimbal_task.o(.data)
    turnover_cold_time                       0x20000102   Data           2  gimbal_task.o(.data)
    gimbal_into_zero_force_time              0x20000104   Data           2  gimbal_task.o(.data)
    gyro_update_flag                         0x20000108   Data           1  ins_task.o(.data)
    accel_update_flag                        0x20000109   Data           1  ins_task.o(.data)
    accel_temp_update_flag                   0x2000010a   Data           1  ins_task.o(.data)
    imu_start_dma_flag                       0x2000010b   Data           1  ins_task.o(.data)
    first_temperate                          0x2000010d   Data           1  ins_task.o(.data)
    accel_temp_dma_tx_buf                    0x2000010e   Data           4  ins_task.o(.data)
    twoKp                                    0x20000114   Data           4  ins_task.o(.data)
    twoKi                                    0x20000118   Data           4  ins_task.o(.data)
    integralFBx                              0x2000011c   Data           4  ins_task.o(.data)
    integralFBy                              0x20000120   Data           4  ins_task.o(.data)
    integralFBz                              0x20000124   Data           4  ins_task.o(.data)
    accel_temp_dma_rx_buf                    0x20000130   Data           4  ins_task.o(.data)
    gyro_dma_tx_buf                          0x20000134   Data           8  ins_task.o(.data)
    gyro_dma_rx_buf                          0x2000013c   Data           8  ins_task.o(.data)
    accel_dma_tx_buf                         0x20000144   Data           9  ins_task.o(.data)
    af_ImuTempPID                            0x20000150   Data          12  ins_task.o(.data)
    blue                                     0x2000015c   Data           2  led_task.o(.data)
    green                                    0x2000015e   Data           2  led_task.o(.data)
    red                                      0x20000160   Data           2  led_task.o(.data)
    capdraw                                  0x20000164   Data           1  referee_task.o(.data)
    auto_state                               0x20000165   Data           1  referee_task.o(.data)
    shoot                                    0x20000166   Data           1  referee_task.o(.data)
    ext_game_result                          0x20000167   Data           1  referee_task.o(.data)
    ext_hurt_data                            0x20000168   Data           1  referee_task.o(.data)
    ext_radar_info                           0x20000169   Data           1  referee_task.o(.data)
    MY_CLIENT_ID                             0x2000016a   Data           2  referee_task.o(.data)
    ext_air_support_data                     0x2000016e   Data           2  referee_task.o(.data)
    ext_referee_warning                      0x20000170   Data           3  referee_task.o(.data)
    ext_dart_info                            0x20000173   Data           3  referee_task.o(.data)
    MY_ROBOT_ID                              0x20000178   Data           4  referee_task.o(.data)
    ext_event_data                           0x2000017c   Data           4  referee_task.o(.data)
    ext_supply_projectile_action             0x20000180   Data           4  referee_task.o(.data)
    ext_rfid_status                          0x20000184   Data           4  referee_task.o(.data)
    ext_sentry_info                          0x20000188   Data           4  referee_task.o(.data)
    ext_dart_client_cmd                      0x2000018c   Data           5  referee_task.o(.data)
    ext_referee_receive_header               0x20000191   Data           5  referee_task.o(.data)
    ext_referee_send_header                  0x20000196   Data           5  referee_task.o(.data)
    ext_buff                                 0x2000019b   Data           6  referee_task.o(.data)
    ext_projectile_allowance                 0x200001a1   Data           6  referee_task.o(.data)
    ext_radar_mark_data                      0x200001a7   Data           6  referee_task.o(.data)
    ext_robot_interactive_header_data        0x200001ad   Data           6  referee_task.o(.data)
    ext_robot_shoot_data                     0x200001b3   Data           7  referee_task.o(.data)
    cap_en_flag                              0x200001ba   Data           1  supercap_task.o(.data)
    CAN2_Cap_flag                            0x200001bb   Data           1  supercap_task.o(.data)
    cap_FSM                                  0x200001bc   Data           1  supercap_task.o(.data)
    cap_FSM_ex                               0x200001bd   Data           1  supercap_task.o(.data)
    cap_flag                                 0x200001be   Data           1  supercap_task.o(.data)
    low_vol_flag                             0x200001bf   Data           1  supercap_task.o(.data)
    cap_num                                  0x200001c0   Data           2  supercap_task.o(.data)
    cap_mode_change_cold_time                0x200001c2   Data           2  supercap_task.o(.data)
    BMI088_ACCEL_SEN                         0x200001c4   Data           4  bmi088driver.o(.data)
    BMI088_GYRO_SEN                          0x200001c8   Data           4  bmi088driver.o(.data)
    can1_flag                                0x200001f0   Data           1  can_task.o(.data)
    can2_flag                                0x200001f1   Data           1  can_task.o(.data)
    byte                                     0x200001f4   Data           4  can_task.o(.data)
    Motor_Can_ID                             0x200001f8   Data           4  can_task.o(.data)
    CRC16_INIT                               0x200001fc   Data           2  crc8_crc16.o(.data)
    speed_match_flag                         0x20000200   Data           1  power_control.o(.data)
    w_match_flag                             0x20000201   Data           1  power_control.o(.data)
    Pin                                      0x20000204   Data           4  power_control.o(.data)
    K                                        0x20000208   Data           4  power_control.o(.data)
    K_buffer                                 0x2000020c   Data           4  power_control.o(.data)
    infact_Pmax                              0x20000218   Data           4  power_control.o(.data)
    count_Pmax                               0x2000021c   Data           4  power_control.o(.data)
    filter_Pmax                              0x20000220   Data           4  power_control.o(.data)
    w_match                                  0x20000224   Data           4  power_control.o(.data)
    vx_match                                 0x20000228   Data           4  power_control.o(.data)
    vy_match                                 0x2000022c   Data           4  power_control.o(.data)
    rc_receive_num                           0x20000230   Data           2  remote_control.o(.data)
    photogate_state                          0x20000235   Data           1  shoot_task.o(.data)
    cooling_heat                             0x20000236   Data           2  shoot_task.o(.data)
    cooling_heat_limit                       0x20000238   Data           2  shoot_task.o(.data)
    shoot_cooling_time                       0x2000023c   Data           4  shoot_task.o(.data)
    hcan1                                    0x200004a0   Data          40  can.o(.bss)
    hcan2                                    0x200004c8   Data          40  can.o(.bss)
    hrtc                                     0x200004f0   Data          32  rtc.o(.bss)
    hspi1                                    0x20000510   Data          88  spi.o(.bss)
    hdma_spi1_rx                             0x20000568   Data          96  spi.o(.bss)
    hdma_spi1_tx                             0x200005c8   Data          96  spi.o(.bss)
    htim1                                    0x20000628   Data          72  tim.o(.bss)
    htim4                                    0x20000670   Data          72  tim.o(.bss)
    htim5                                    0x200006b8   Data          72  tim.o(.bss)
    htim8                                    0x20000700   Data          72  tim.o(.bss)
    htim10                                   0x20000748   Data          72  tim.o(.bss)
    huart1                                   0x20000790   Data          72  usart.o(.bss)
    huart3                                   0x200007d8   Data          72  usart.o(.bss)
    huart6                                   0x20000820   Data          72  usart.o(.bss)
    hdma_usart3_rx                           0x20000868   Data          96  usart.o(.bss)
    hdma_usart6_rx                           0x200008c8   Data          96  usart.o(.bss)
    hdma_usart6_tx                           0x20000928   Data          96  usart.o(.bss)
    htim3                                    0x20000988   Data          72  stm32f4xx_hal_timebase_tim.o(.bss)
    chassis_move_data                        0x20005b74   Data         116  chassis_task.o(.bss)
    gimbal_data                              0x20005be8   Data         548  gimbal_task.o(.bss)
    INS_gyro                                 0x20005e0c   Data          12  ins_task.o(.bss)
    INS_accel                                0x20005e18   Data          12  ins_task.o(.bss)
    INS_accel_z                              0x20005e24   Data          24  ins_task.o(.bss)
    INS_quat                                 0x20005e3c   Data          16  ins_task.o(.bss)
    INS_eulers                               0x20005e4c   Data          12  ins_task.o(.bss)
    accel_dma_rx_buf                         0x20005e58   Data           9  ins_task.o(.bss)
    imu_temp_pid                             0x20005e64   Data          64  ins_task.o(.bss)
    bmi088_real_data                         0x20005ea4   Data          36  ins_task.o(.bss)
    ext_game_status                          0x20006027   Data          11  referee_task.o(.bss)
    ext_game_robot_HP                        0x20006032   Data          32  referee_task.o(.bss)
    ext_robot_status                         0x20006052   Data          13  referee_task.o(.bss)
    ext_power_heat_data                      0x2000605f   Data          16  referee_task.o(.bss)
    ext_robot_pos                            0x2000606f   Data          12  referee_task.o(.bss)
    ext_ground_robot_position                0x2000607b   Data          40  referee_task.o(.bss)
    robot_interactive_data                   0x200060a3   Data         119  referee_task.o(.bss)
    ext_custom_robot_data                    0x2000611a   Data          30  referee_task.o(.bss)
    ext_map_command                          0x20006138   Data          16  referee_task.o(.bss)
    ext_remote_control                       0x20006148   Data          12  referee_task.o(.bss)
    referee_fifo                             0x20006154   Data          24  referee_task.o(.bss)
    referee_fifo_buf                         0x2000616c   Data        1024  referee_task.o(.bss)
    referee_unpack_obj                       0x2000656c   Data         137  referee_task.o(.bss)
    usart6_buf                               0x200065f5   Data        1024  referee_task.o(.bss)
    Personal_Data                            0x200069f5   Data         128  referee_task.o(.bss)
    cap_control                              0x20006a78   Data          68  supercap_task.o(.bss)
    chassis_state                            0x20006abc   Data          20  supercap_task.o(.bss)
    chassis_motor3508_measure                0x20006ad0   Data          40  can_task.o(.bss)
    trigger_motor3508_measure                0x20006af8   Data          10  can_task.o(.bss)
    gimbal_motor3508_measure                 0x20006b02   Data          30  can_task.o(.bss)
    gimbal_motor2006_measure                 0x20006b20   Data          20  can_task.o(.bss)
    gimbal_motormi_measure                   0x20006b34   Data         200  can_task.o(.bss)
    chassis_motor3508_data                   0x20006bfc   Data        1184  can_task.o(.bss)
    trigger_motor3508_data                   0x2000709c   Data         296  can_task.o(.bss)
    gimbal_motor3508_data                    0x200071c4   Data         888  can_task.o(.bss)
    gimbal_motor2006_data                    0x2000753c   Data         592  can_task.o(.bss)
    gimbal_motor4310_data                    0x2000778c   Data         180  can_task.o(.bss)
    gimbal_motormi_data                      0x20007840   Data         292  can_task.o(.bss)
    txMsg                                    0x20007964   Data          24  can_task.o(.bss)
    cap_data                                 0x2000797c   Data          16  can_task.o(.bss)
    autoaim_measure                          0x2000798c   Data          12  can_task.o(.bss)
    plot_frame                               0x20007998   Data          43  plot.o(.bss)
    ctl                                      0x200079c4   Data          24  remote_control.o(.bss)
    shoot_control                            0x200079dc   Data         328  shoot_task.o(.bss)
    sbus_buf                                 0x20007b24   Data          36  bsp_usart.o(.bss)
    __libspace_start                         0x20007b48   Data          96  libspace.o(.bss)
    __temporary_stack_top$libspace           0x20007ba8   Data           0  libspace.o(.bss)



==============================================================================

Memory Map of the image

  Image Entry point : 0x08000189

  Load Region LR_IROM1 (Base: 0x08000000, Size: 0x00010cdc, Max: 0x00100000, ABSOLUTE, COMPRESSED[0x00010afc])

    Execution Region ER_IROM1 (Exec base: 0x08000000, Load base: 0x08000000, Size: 0x00010a90, Max: 0x00100000, ABSOLUTE)

    Exec Addr    Load Addr    Size         Type   Attr      Idx    E Section Name        Object

    0x08000000   0x08000000   0x00000188   Data   RO            3    RESET               startup_stm32f407xx.o
    0x08000188   0x08000188   0x00000008   Code   RO         8215  * !!!main             c_w.l(__main.o)
    0x08000190   0x08000190   0x00000034   Code   RO         8651    !!!scatter          c_w.l(__scatter.o)
    0x080001c4   0x080001c4   0x0000005a   Code   RO         8649    !!dczerorl2         c_w.l(__dczerorl2.o)
    0x0800021e   0x0800021e   0x00000002   PAD
    0x08000220   0x08000220   0x0000001c   Code   RO         8653    !!handler_zi        c_w.l(__scatter_zi.o)
    0x0800023c   0x0800023c   0x00000002   Code   RO         8590    .ARM.Collect$$libinit$$00000000  c_w.l(libinit.o)
    0x0800023e   0x0800023e   0x00000004   Code   RO         8391    .ARM.Collect$$libinit$$00000001  c_w.l(libinit2.o)
    0x08000242   0x08000242   0x00000000   Code   RO         8394    .ARM.Collect$$libinit$$00000004  c_w.l(libinit2.o)
    0x08000242   0x08000242   0x00000000   Code   RO         8397    .ARM.Collect$$libinit$$0000000A  c_w.l(libinit2.o)
    0x08000242   0x08000242   0x00000000   Code   RO         8399    .ARM.Collect$$libinit$$0000000C  c_w.l(libinit2.o)
    0x08000242   0x08000242   0x00000000   Code   RO         8401    .ARM.Collect$$libinit$$0000000E  c_w.l(libinit2.o)
    0x08000242   0x08000242   0x00000000   Code   RO         8404    .ARM.Collect$$libinit$$00000011  c_w.l(libinit2.o)
    0x08000242   0x08000242   0x00000000   Code   RO         8406    .ARM.Collect$$libinit$$00000013  c_w.l(libinit2.o)
    0x08000242   0x08000242   0x00000000   Code   RO         8408    .ARM.Collect$$libinit$$00000015  c_w.l(libinit2.o)
    0x08000242   0x08000242   0x00000000   Code   RO         8410    .ARM.Collect$$libinit$$00000017  c_w.l(libinit2.o)
    0x08000242   0x08000242   0x00000000   Code   RO         8412    .ARM.Collect$$libinit$$00000019  c_w.l(libinit2.o)
    0x08000242   0x08000242   0x00000000   Code   RO         8414    .ARM.Collect$$libinit$$0000001B  c_w.l(libinit2.o)
    0x08000242   0x08000242   0x00000000   Code   RO         8416    .ARM.Collect$$libinit$$0000001D  c_w.l(libinit2.o)
    0x08000242   0x08000242   0x00000000   Code   RO         8418    .ARM.Collect$$libinit$$0000001F  c_w.l(libinit2.o)
    0x08000242   0x08000242   0x00000000   Code   RO         8420    .ARM.Collect$$libinit$$00000021  c_w.l(libinit2.o)
    0x08000242   0x08000242   0x00000000   Code   RO         8422    .ARM.Collect$$libinit$$00000023  c_w.l(libinit2.o)
    0x08000242   0x08000242   0x00000000   Code   RO         8424    .ARM.Collect$$libinit$$00000025  c_w.l(libinit2.o)
    0x08000242   0x08000242   0x00000000   Code   RO         8428    .ARM.Collect$$libinit$$0000002C  c_w.l(libinit2.o)
    0x08000242   0x08000242   0x00000000   Code   RO         8430    .ARM.Collect$$libinit$$0000002E  c_w.l(libinit2.o)
    0x08000242   0x08000242   0x00000000   Code   RO         8432    .ARM.Collect$$libinit$$00000030  c_w.l(libinit2.o)
    0x08000242   0x08000242   0x00000000   Code   RO         8434    .ARM.Collect$$libinit$$00000032  c_w.l(libinit2.o)
    0x08000242   0x08000242   0x00000002   Code   RO         8435    .ARM.Collect$$libinit$$00000033  c_w.l(libinit2.o)
    0x08000244   0x08000244   0x00000002   Code   RO         8646    .ARM.Collect$$libshutdown$$00000000  c_w.l(libshutdown.o)
    0x08000246   0x08000246   0x00000000   Code   RO         8604    .ARM.Collect$$libshutdown$$00000002  c_w.l(libshutdown2.o)
    0x08000246   0x08000246   0x00000000   Code   RO         8606    .ARM.Collect$$libshutdown$$00000004  c_w.l(libshutdown2.o)
    0x08000246   0x08000246   0x00000000   Code   RO         8608    .ARM.Collect$$libshutdown$$00000006  c_w.l(libshutdown2.o)
    0x08000246   0x08000246   0x00000000   Code   RO         8611    .ARM.Collect$$libshutdown$$00000009  c_w.l(libshutdown2.o)
    0x08000246   0x08000246   0x00000000   Code   RO         8614    .ARM.Collect$$libshutdown$$0000000C  c_w.l(libshutdown2.o)
    0x08000246   0x08000246   0x00000000   Code   RO         8616    .ARM.Collect$$libshutdown$$0000000E  c_w.l(libshutdown2.o)
    0x08000246   0x08000246   0x00000000   Code   RO         8619    .ARM.Collect$$libshutdown$$00000011  c_w.l(libshutdown2.o)
    0x08000246   0x08000246   0x00000002   Code   RO         8620    .ARM.Collect$$libshutdown$$00000012  c_w.l(libshutdown2.o)
    0x08000248   0x08000248   0x00000000   Code   RO         8357    .ARM.Collect$$rtentry$$00000000  c_w.l(__rtentry.o)
    0x08000248   0x08000248   0x00000000   Code   RO         8519    .ARM.Collect$$rtentry$$00000002  c_w.l(__rtentry2.o)
    0x08000248   0x08000248   0x00000006   Code   RO         8531    .ARM.Collect$$rtentry$$00000004  c_w.l(__rtentry4.o)
    0x0800024e   0x0800024e   0x00000000   Code   RO         8521    .ARM.Collect$$rtentry$$00000009  c_w.l(__rtentry2.o)
    0x0800024e   0x0800024e   0x00000004   Code   RO         8522    .ARM.Collect$$rtentry$$0000000A  c_w.l(__rtentry2.o)
    0x08000252   0x08000252   0x00000000   Code   RO         8524    .ARM.Collect$$rtentry$$0000000C  c_w.l(__rtentry2.o)
    0x08000252   0x08000252   0x00000008   Code   RO         8525    .ARM.Collect$$rtentry$$0000000D  c_w.l(__rtentry2.o)
    0x0800025a   0x0800025a   0x00000002   Code   RO         8591    .ARM.Collect$$rtexit$$00000000  c_w.l(rtexit.o)
    0x0800025c   0x0800025c   0x00000000   Code   RO         8622    .ARM.Collect$$rtexit$$00000002  c_w.l(rtexit2.o)
    0x0800025c   0x0800025c   0x00000004   Code   RO         8623    .ARM.Collect$$rtexit$$00000003  c_w.l(rtexit2.o)
    0x08000260   0x08000260   0x00000006   Code   RO         8624    .ARM.Collect$$rtexit$$00000004  c_w.l(rtexit2.o)
    0x08000266   0x08000266   0x00000002   PAD
    0x08000268   0x08000268   0x000000be   Code   RO         5912    .emb_text           port.o
    0x08000326   0x08000326   0x00000002   PAD
    0x08000328   0x08000328   0x00000040   Code   RO            4    .text               startup_stm32f407xx.o
    0x08000368   0x08000368   0x00000002   Code   RO         8133    .text               c_w.l(use_no_semi_2.o)
    0x0800036a   0x0800036a   0x000000ee   Code   RO         8197    .text               c_w.l(lludivv7m.o)
    0x08000458   0x08000458   0x0000003e   Code   RO         8199    .text               c_w.l(strlen.o)
    0x08000496   0x08000496   0x0000008a   Code   RO         8201    .text               c_w.l(rt_memcpy_v6.o)
    0x08000520   0x08000520   0x00000064   Code   RO         8203    .text               c_w.l(rt_memcpy_w.o)
    0x08000584   0x08000584   0x00000010   Code   RO         8207    .text               c_w.l(aeabi_memset.o)
    0x08000594   0x08000594   0x00000044   Code   RO         8209    .text               c_w.l(rt_memclr.o)
    0x080005d8   0x080005d8   0x0000004e   Code   RO         8211    .text               c_w.l(rt_memclr_w.o)
    0x08000626   0x08000626   0x00000006   Code   RO         8213    .text               c_w.l(heapauxi.o)
    0x0800062c   0x0800062c   0x00000002   Code   RO         8353    .text               c_w.l(use_no_semi.o)
    0x0800062e   0x0800062e   0x00000016   Code   RO         8387    .text               c_w.l(_rserrno.o)
    0x08000644   0x08000644   0x00000008   Code   RO         8515    .text               c_w.l(libspace.o)
    0x0800064c   0x0800064c   0x00000008   Code   RO         8538    .text               c_w.l(rt_errno_addr_intlibspace.o)
    0x08000654   0x08000654   0x0000004a   Code   RO         8565    .text               c_w.l(sys_stackheap_outer.o)
    0x0800069e   0x0800069e   0x00000012   Code   RO         8571    .text               c_w.l(exit.o)
    0x080006b0   0x080006b0   0x00000010   Code   RO         6975    i.BMI088_ACCEL_NS_H  bmi088middleware.o
    0x080006c0   0x080006c0   0x00000010   Code   RO         6976    i.BMI088_ACCEL_NS_L  bmi088middleware.o
    0x080006d0   0x080006d0   0x00000002   Code   RO         6977    i.BMI088_GPIO_init  bmi088middleware.o
    0x080006d2   0x080006d2   0x00000002   PAD
    0x080006d4   0x080006d4   0x00000010   Code   RO         6978    i.BMI088_GYRO_NS_H  bmi088middleware.o
    0x080006e4   0x080006e4   0x00000010   Code   RO         6979    i.BMI088_GYRO_NS_L  bmi088middleware.o
    0x080006f4   0x080006f4   0x00000088   Code   RO         6835    i.BMI088_accel_read_over  bmi088driver.o
    0x0800077c   0x0800077c   0x00000002   Code   RO         6980    i.BMI088_com_init   bmi088middleware.o
    0x0800077e   0x0800077e   0x00000018   Code   RO         6981    i.BMI088_delay_ms   bmi088middleware.o
    0x08000796   0x08000796   0x00000030   Code   RO         6982    i.BMI088_delay_us   bmi088middleware.o
    0x080007c6   0x080007c6   0x00000002   PAD
    0x080007c8   0x080007c8   0x00000060   Code   RO         6836    i.BMI088_gyro_read_over  bmi088driver.o
    0x08000828   0x08000828   0x0000002e   Code   RO         6837    i.BMI088_init       bmi088driver.o
    0x08000856   0x08000856   0x00000002   PAD
    0x08000858   0x08000858   0x0000015c   Code   RO         6838    i.BMI088_read       bmi088driver.o
    0x080009b4   0x080009b4   0x00000024   Code   RO         6841    i.BMI088_read_muli_reg  bmi088driver.o
    0x080009d8   0x080009d8   0x00000016   Code   RO         6842    i.BMI088_read_single_reg  bmi088driver.o
    0x080009ee   0x080009ee   0x00000002   PAD
    0x080009f0   0x080009f0   0x00000020   Code   RO         6983    i.BMI088_read_write_byte  bmi088middleware.o
    0x08000a10   0x08000a10   0x00000030   Code   RO         6843    i.BMI088_temperature_read_over  bmi088driver.o
    0x08000a40   0x08000a40   0x00000012   Code   RO         6844    i.BMI088_write_single_reg  bmi088driver.o
    0x08000a52   0x08000a52   0x00000002   Code   RO          875    i.BusFault_Handler  stm32f4xx_it.o
    0x08000a54   0x08000a54   0x00000050   Code   RO         5992    i.Buzzer_Task       buzzer_task.o
    0x08000aa4   0x08000aa4   0x0000000c   Code   RO          876    i.CAN1_RX0_IRQHandler  stm32f4xx_it.o
    0x08000ab0   0x08000ab0   0x0000000c   Code   RO          877    i.CAN2_RX0_IRQHandler  stm32f4xx_it.o
    0x08000abc   0x08000abc   0x0000001c   Code   RO         6084    i.Calibrate_Task    calibrate_task.o
    0x08000ad8   0x08000ad8   0x00000174   Code   RO         6162    i.Chassis_Task      chassis_task.o
    0x08000c4c   0x08000c4c   0x0000000c   Code   RO          878    i.DMA1_Stream1_IRQHandler  stm32f4xx_it.o
    0x08000c58   0x08000c58   0x0000000c   Code   RO          879    i.DMA2_Stream1_IRQHandler  stm32f4xx_it.o
    0x08000c64   0x08000c64   0x000004cc   Code   RO         6386    i.DMA2_Stream2_IRQHandler  ins_task.o
    0x08001130   0x08001130   0x0000000c   Code   RO          880    i.DMA2_Stream3_IRQHandler  stm32f4xx_it.o
    0x0800113c   0x0800113c   0x0000000c   Code   RO          881    i.DMA2_Stream6_IRQHandler  stm32f4xx_it.o
    0x08001148   0x08001148   0x0000002c   Code   RO         1800    i.DMA_CalcBaseAndBitshift  stm32f4xx_hal_dma.o
    0x08001174   0x08001174   0x00000078   Code   RO         1801    i.DMA_CheckFifoParam  stm32f4xx_hal_dma.o
    0x080011ec   0x080011ec   0x00000002   Code   RO          882    i.DebugMon_Handler  stm32f4xx_it.o
    0x080011ee   0x080011ee   0x00000002   PAD
    0x080011f0   0x080011f0   0x0000005c   Code   RO         6251    i.Detect_Task       detect_task.o
    0x0800124c   0x0800124c   0x00000006   Code   RO          883    i.EXTI0_IRQHandler  stm32f4xx_it.o
    0x08001252   0x08001252   0x00000006   Code   RO          884    i.EXTI4_IRQHandler  stm32f4xx_it.o
    0x08001258   0x08001258   0x00000006   Code   RO          885    i.EXTI9_5_IRQHandler  stm32f4xx_it.o
    0x0800125e   0x0800125e   0x00000004   Code   RO           13    i.Error_Handler     main.o
    0x08001262   0x08001262   0x00000002   PAD
    0x08001264   0x08001264   0x0000001c   Code   RO         7048    i.Float_to_Byte     can_task.o
    0x08001280   0x08001280   0x00000006   Code   RO         7049    i.Get_Motor_ID      can_task.o
    0x08001286   0x08001286   0x00000002   PAD
    0x08001288   0x08001288   0x00000100   Code   RO         6311    i.Gimbal_Task       gimbal_task.o
    0x08001388   0x08001388   0x00000024   Code   RO         1063    i.HAL_CAN_ActivateNotification  stm32f4xx_hal_can.o
    0x080013ac   0x080013ac   0x000000e2   Code   RO         1064    i.HAL_CAN_AddTxMessage  stm32f4xx_hal_can.o
    0x0800148e   0x0800148e   0x00000002   PAD
    0x08001490   0x08001490   0x00000110   Code   RO         1065    i.HAL_CAN_ConfigFilter  stm32f4xx_hal_can.o
    0x080015a0   0x080015a0   0x00000002   Code   RO         1068    i.HAL_CAN_ErrorCallback  stm32f4xx_hal_can.o
    0x080015a2   0x080015a2   0x00000112   Code   RO         1071    i.HAL_CAN_GetRxMessage  stm32f4xx_hal_can.o
    0x080016b4   0x080016b4   0x000001fc   Code   RO         1075    i.HAL_CAN_IRQHandler  stm32f4xx_hal_can.o
    0x080018b0   0x080018b0   0x00000152   Code   RO         1076    i.HAL_CAN_Init      stm32f4xx_hal_can.o
    0x08001a02   0x08001a02   0x00000002   PAD
    0x08001a04   0x08001a04   0x00000100   Code   RO          549    i.HAL_CAN_MspInit   can.o
    0x08001b04   0x08001b04   0x00000002   Code   RO         1083    i.HAL_CAN_RxFifo0FullCallback  stm32f4xx_hal_can.o
    0x08001b06   0x08001b06   0x00000002   PAD
    0x08001b08   0x08001b08   0x00000120   Code   RO         7050    i.HAL_CAN_RxFifo0MsgPendingCallback  can_task.o
    0x08001c28   0x08001c28   0x00000002   Code   RO         1085    i.HAL_CAN_RxFifo1FullCallback  stm32f4xx_hal_can.o
    0x08001c2a   0x08001c2a   0x00000002   Code   RO         1086    i.HAL_CAN_RxFifo1MsgPendingCallback  stm32f4xx_hal_can.o
    0x08001c2c   0x08001c2c   0x00000002   Code   RO         1087    i.HAL_CAN_SleepCallback  stm32f4xx_hal_can.o
    0x08001c2e   0x08001c2e   0x00000058   Code   RO         1088    i.HAL_CAN_Start     stm32f4xx_hal_can.o
    0x08001c86   0x08001c86   0x00000002   Code   RO         1090    i.HAL_CAN_TxMailbox0AbortCallback  stm32f4xx_hal_can.o
    0x08001c88   0x08001c88   0x00000002   Code   RO         1091    i.HAL_CAN_TxMailbox0CompleteCallback  stm32f4xx_hal_can.o
    0x08001c8a   0x08001c8a   0x00000002   Code   RO         1092    i.HAL_CAN_TxMailbox1AbortCallback  stm32f4xx_hal_can.o
    0x08001c8c   0x08001c8c   0x00000002   Code   RO         1093    i.HAL_CAN_TxMailbox1CompleteCallback  stm32f4xx_hal_can.o
    0x08001c8e   0x08001c8e   0x00000002   Code   RO         1094    i.HAL_CAN_TxMailbox2AbortCallback  stm32f4xx_hal_can.o
    0x08001c90   0x08001c90   0x00000002   Code   RO         1095    i.HAL_CAN_TxMailbox2CompleteCallback  stm32f4xx_hal_can.o
    0x08001c92   0x08001c92   0x00000002   Code   RO         1097    i.HAL_CAN_WakeUpFromRxMsgCallback  stm32f4xx_hal_can.o
    0x08001c94   0x08001c94   0x0000008e   Code   RO         1803    i.HAL_DMA_Abort     stm32f4xx_hal_dma.o
    0x08001d22   0x08001d22   0x00000024   Code   RO         1804    i.HAL_DMA_Abort_IT  stm32f4xx_hal_dma.o
    0x08001d46   0x08001d46   0x00000002   PAD
    0x08001d48   0x08001d48   0x000001d0   Code   RO         1808    i.HAL_DMA_IRQHandler  stm32f4xx_hal_dma.o
    0x08001f18   0x08001f18   0x000000d4   Code   RO         1809    i.HAL_DMA_Init      stm32f4xx_hal_dma.o
    0x08001fec   0x08001fec   0x00000024   Code   RO         2240    i.HAL_Delay         stm32f4xx_hal.o
    0x08002010   0x08002010   0x00000078   Code   RO         6387    i.HAL_GPIO_EXTI_Callback  ins_task.o
    0x08002088   0x08002088   0x00000018   Code   RO         1695    i.HAL_GPIO_EXTI_IRQHandler  stm32f4xx_hal_gpio.o
    0x080020a0   0x080020a0   0x000001d0   Code   RO         1696    i.HAL_GPIO_Init     stm32f4xx_hal_gpio.o
    0x08002270   0x08002270   0x0000000e   Code   RO         1698    i.HAL_GPIO_ReadPin  stm32f4xx_hal_gpio.o
    0x0800227e   0x0800227e   0x0000000e   Code   RO         1700    i.HAL_GPIO_WritePin  stm32f4xx_hal_gpio.o
    0x0800228c   0x0800228c   0x0000000c   Code   RO         2246    i.HAL_GetTick       stm32f4xx_hal.o
    0x08002298   0x08002298   0x00000010   Code   RO         2252    i.HAL_IncTick       stm32f4xx_hal.o
    0x080022a8   0x080022a8   0x00000034   Code   RO         2253    i.HAL_Init          stm32f4xx_hal.o
    0x080022dc   0x080022dc   0x00000098   Code   RO         1023    i.HAL_InitTick      stm32f4xx_hal_timebase_tim.o
    0x08002374   0x08002374   0x00000038   Code   RO          999    i.HAL_MspInit       stm32f4xx_hal_msp.o
    0x080023ac   0x080023ac   0x0000001a   Code   RO         2088    i.HAL_NVIC_EnableIRQ  stm32f4xx_hal_cortex.o
    0x080023c6   0x080023c6   0x00000002   PAD
    0x080023c8   0x080023c8   0x00000040   Code   RO         2094    i.HAL_NVIC_SetPriority  stm32f4xx_hal_cortex.o
    0x08002408   0x08002408   0x00000024   Code   RO         2095    i.HAL_NVIC_SetPriorityGrouping  stm32f4xx_hal_cortex.o
    0x0800242c   0x0800242c   0x00000024   Code   RO         2096    i.HAL_NVIC_SystemReset  stm32f4xx_hal_cortex.o
    0x08002450   0x08002450   0x00000148   Code   RO         1402    i.HAL_RCCEx_PeriphCLKConfig  stm32f4xx_hal_rcc_ex.o
    0x08002598   0x08002598   0x0000014c   Code   RO         1297    i.HAL_RCC_ClockConfig  stm32f4xx_hal_rcc.o
    0x080026e4   0x080026e4   0x0000003c   Code   RO         1301    i.HAL_RCC_GetClockConfig  stm32f4xx_hal_rcc.o
    0x08002720   0x08002720   0x0000000c   Code   RO         1302    i.HAL_RCC_GetHCLKFreq  stm32f4xx_hal_rcc.o
    0x0800272c   0x0800272c   0x00000020   Code   RO         1304    i.HAL_RCC_GetPCLK1Freq  stm32f4xx_hal_rcc.o
    0x0800274c   0x0800274c   0x00000020   Code   RO         1305    i.HAL_RCC_GetPCLK2Freq  stm32f4xx_hal_rcc.o
    0x0800276c   0x0800276c   0x0000006c   Code   RO         1306    i.HAL_RCC_GetSysClockFreq  stm32f4xx_hal_rcc.o
    0x080027d8   0x080027d8   0x000003c0   Code   RO         1309    i.HAL_RCC_OscConfig  stm32f4xx_hal_rcc.o
    0x08002b98   0x08002b98   0x000000a0   Code   RO         2504    i.HAL_RTC_Init      stm32f4xx_hal_rtc.o
    0x08002c38   0x08002c38   0x0000003c   Code   RO          625    i.HAL_RTC_MspInit   rtc.o
    0x08002c74   0x08002c74   0x00000034   Code   RO         2512    i.HAL_RTC_WaitForSynchro  stm32f4xx_hal_rtc.o
    0x08002ca8   0x08002ca8   0x000000be   Code   RO         2904    i.HAL_SPI_Init      stm32f4xx_hal_spi.o
    0x08002d66   0x08002d66   0x00000002   PAD
    0x08002d68   0x08002d68   0x00000110   Code   RO          667    i.HAL_SPI_MspInit   spi.o
    0x08002e78   0x08002e78   0x000001fa   Code   RO         2913    i.HAL_SPI_TransmitReceive  stm32f4xx_hal_spi.o
    0x08003072   0x08003072   0x00000002   Code   RO         3932    i.HAL_TIMEx_BreakCallback  stm32f4xx_hal_tim_ex.o
    0x08003074   0x08003074   0x00000002   Code   RO         3933    i.HAL_TIMEx_CommutCallback  stm32f4xx_hal_tim_ex.o
    0x08003076   0x08003076   0x00000054   Code   RO         3935    i.HAL_TIMEx_ConfigBreakDeadTime  stm32f4xx_hal_tim_ex.o
    0x080030ca   0x080030ca   0x00000002   PAD
    0x080030cc   0x080030cc   0x00000090   Code   RO         3951    i.HAL_TIMEx_MasterConfigSynchronization  stm32f4xx_hal_tim_ex.o
    0x0800315c   0x0800315c   0x0000004a   Code   RO         3217    i.HAL_TIM_Base_Init  stm32f4xx_hal_tim.o
    0x080031a6   0x080031a6   0x00000002   PAD
    0x080031a8   0x080031a8   0x00000080   Code   RO          709    i.HAL_TIM_Base_MspInit  tim.o
    0x08003228   0x08003228   0x0000008c   Code   RO         3222    i.HAL_TIM_Base_Start_IT  stm32f4xx_hal_tim.o
    0x080032b4   0x080032b4   0x000000e8   Code   RO         3226    i.HAL_TIM_ConfigClockSource  stm32f4xx_hal_tim.o
    0x0800339c   0x0800339c   0x00000002   Code   RO         3251    i.HAL_TIM_IC_CaptureCallback  stm32f4xx_hal_tim.o
    0x0800339e   0x0800339e   0x00000138   Code   RO         3265    i.HAL_TIM_IRQHandler  stm32f4xx_hal_tim.o
    0x080034d6   0x080034d6   0x00000002   PAD
    0x080034d8   0x080034d8   0x00000180   Code   RO          710    i.HAL_TIM_MspPostInit  tim.o
    0x08003658   0x08003658   0x00000002   Code   RO         3268    i.HAL_TIM_OC_DelayElapsedCallback  stm32f4xx_hal_tim.o
    0x0800365a   0x0800365a   0x000000d8   Code   RO         3289    i.HAL_TIM_PWM_ConfigChannel  stm32f4xx_hal_tim.o
    0x08003732   0x08003732   0x0000004a   Code   RO         3292    i.HAL_TIM_PWM_Init  stm32f4xx_hal_tim.o
    0x0800377c   0x0800377c   0x00000028   Code   RO          712    i.HAL_TIM_PWM_MspInit  tim.o
    0x080037a4   0x080037a4   0x00000002   Code   RO         3295    i.HAL_TIM_PWM_PulseFinishedCallback  stm32f4xx_hal_tim.o
    0x080037a6   0x080037a6   0x00000002   PAD
    0x080037a8   0x080037a8   0x000000dc   Code   RO         3297    i.HAL_TIM_PWM_Start  stm32f4xx_hal_tim.o
    0x08003884   0x08003884   0x00000014   Code   RO           14    i.HAL_TIM_PeriodElapsedCallback  main.o
    0x08003898   0x08003898   0x00000002   Code   RO         3308    i.HAL_TIM_TriggerCallback  stm32f4xx_hal_tim.o
    0x0800389a   0x0800389a   0x00000002   Code   RO         4211    i.HAL_UARTEx_RxEventCallback  stm32f4xx_hal_uart.o
    0x0800389c   0x0800389c   0x00000002   Code   RO         4225    i.HAL_UART_ErrorCallback  stm32f4xx_hal_uart.o
    0x0800389e   0x0800389e   0x00000002   PAD
    0x080038a0   0x080038a0   0x00000230   Code   RO         4228    i.HAL_UART_IRQHandler  stm32f4xx_hal_uart.o
    0x08003ad0   0x08003ad0   0x00000066   Code   RO         4229    i.HAL_UART_Init     stm32f4xx_hal_uart.o
    0x08003b36   0x08003b36   0x00000002   PAD
    0x08003b38   0x08003b38   0x0000020c   Code   RO          793    i.HAL_UART_MspInit  usart.o
    0x08003d44   0x08003d44   0x00000002   Code   RO         4235    i.HAL_UART_RxCpltCallback  stm32f4xx_hal_uart.o
    0x08003d46   0x08003d46   0x000000ae   Code   RO         4237    i.HAL_UART_Transmit  stm32f4xx_hal_uart.o
    0x08003df4   0x08003df4   0x00000002   Code   RO         4240    i.HAL_UART_TxCpltCallback  stm32f4xx_hal_uart.o
    0x08003df6   0x08003df6   0x00000002   Code   RO          886    i.HardFault_Handler  stm32f4xx_it.o
    0x08003df8   0x08003df8   0x000001e8   Code   RO         6388    i.Ins_Task          ins_task.o
    0x08003fe0   0x08003fe0   0x0000003c   Code   RO         6497    i.LED_Task          led_task.o
    0x0800401c   0x0800401c   0x00000044   Code   RO          550    i.MX_CAN1_Init      can.o
    0x08004060   0x08004060   0x00000048   Code   RO          551    i.MX_CAN2_Init      can.o
    0x080040a8   0x080040a8   0x0000007c   Code   RO          597    i.MX_DMA_Init       dma.o
    0x08004124   0x08004124   0x00000104   Code   RO          406    i.MX_FREERTOS_Init  freertos.o
    0x08004228   0x08004228   0x00000164   Code   RO          270    i.MX_GPIO_Init      gpio.o
    0x0800438c   0x0800438c   0x00000038   Code   RO          626    i.MX_RTC_Init       rtc.o
    0x080043c4   0x080043c4   0x00000048   Code   RO          668    i.MX_SPI1_Init      spi.o
    0x0800440c   0x0800440c   0x00000064   Code   RO          713    i.MX_TIM10_Init     tim.o
    0x08004470   0x08004470   0x000000f0   Code   RO          714    i.MX_TIM1_Init      tim.o
    0x08004560   0x08004560   0x00000070   Code   RO          715    i.MX_TIM4_Init      tim.o
    0x080045d0   0x080045d0   0x000000b8   Code   RO          716    i.MX_TIM5_Init      tim.o
    0x08004688   0x08004688   0x000000dc   Code   RO          717    i.MX_TIM8_Init      tim.o
    0x08004764   0x08004764   0x00000038   Code   RO          794    i.MX_USART1_UART_Init  usart.o
    0x0800479c   0x0800479c   0x00000040   Code   RO          795    i.MX_USART3_UART_Init  usart.o
    0x080047dc   0x080047dc   0x00000038   Code   RO          796    i.MX_USART6_UART_Init  usart.o
    0x08004814   0x08004814   0x00000002   Code   RO          887    i.MemManage_Handler  stm32f4xx_it.o
    0x08004816   0x08004816   0x00000002   Code   RO          888    i.NMI_Handler       stm32f4xx_it.o
    0x08004818   0x08004818   0x0000006c   Code   RO         8074    i.RC_Init           bsp_usart.o
    0x08004884   0x08004884   0x00000046   Code   RO         2515    i.RTC_EnterInitMode  stm32f4xx_hal_rtc.o
    0x080048ca   0x080048ca   0x0000002a   Code   RO         2516    i.RTC_ExitInitMode  stm32f4xx_hal_rtc.o
    0x080048f4   0x080048f4   0x000000b4   Code   RO         6551    i.Referee_Task      referee_task.o
    0x080049a8   0x080049a8   0x0000184c   Code   RO         8028    i.SPI1_DMA_enable   bsp_spi.o
    0x080061f4   0x080061f4   0x0000010c   Code   RO         8029    i.SPI1_DMA_init     bsp_spi.o
    0x08006300   0x08006300   0x0000007c   Code   RO         2942    i.SPI_EndRxTxTransaction  stm32f4xx_hal_spi.o
    0x0800637c   0x0800637c   0x000000bc   Code   RO         2947    i.SPI_WaitFlagStateUntilTimeout  stm32f4xx_hal_spi.o
    0x08006438   0x08006438   0x0000007c   Code   RO         7051    i.Set_Motor_Parameter  can_task.o
    0x080064b4   0x080064b4   0x00000008   Code   RO          408    i.StartDefaultTask  freertos.o
    0x080064bc   0x080064bc   0x00000028   Code   RO         6742    i.SuperCap_Task     supercap_task.o
    0x080064e4   0x080064e4   0x0000002c   Code   RO         5913    i.SysTick_Handler   port.o
    0x08006510   0x08006510   0x00000094   Code   RO           15    i.SystemClock_Config  main.o
    0x080065a4   0x080065a4   0x00000010   Code   RO         4573    i.SystemInit        system_stm32f4xx.o
    0x080065b4   0x080065b4   0x0000000c   Code   RO          889    i.TIM3_IRQHandler   stm32f4xx_it.o
    0x080065c0   0x080065c0   0x000000dc   Code   RO         3310    i.TIM_Base_SetConfig  stm32f4xx_hal_tim.o
    0x0800669c   0x0800669c   0x0000001a   Code   RO         3311    i.TIM_CCxChannelCmd  stm32f4xx_hal_tim.o
    0x080066b6   0x080066b6   0x00000014   Code   RO         3321    i.TIM_ETR_SetConfig  stm32f4xx_hal_tim.o
    0x080066ca   0x080066ca   0x00000010   Code   RO         3322    i.TIM_ITRx_SetConfig  stm32f4xx_hal_tim.o
    0x080066da   0x080066da   0x00000002   PAD
    0x080066dc   0x080066dc   0x00000068   Code   RO         3323    i.TIM_OC1_SetConfig  stm32f4xx_hal_tim.o
    0x08006744   0x08006744   0x00000074   Code   RO         3324    i.TIM_OC2_SetConfig  stm32f4xx_hal_tim.o
    0x080067b8   0x080067b8   0x00000070   Code   RO         3325    i.TIM_OC3_SetConfig  stm32f4xx_hal_tim.o
    0x08006828   0x08006828   0x00000054   Code   RO         3326    i.TIM_OC4_SetConfig  stm32f4xx_hal_tim.o
    0x0800687c   0x0800687c   0x00000022   Code   RO         3328    i.TIM_TI1_ConfigInputStage  stm32f4xx_hal_tim.o
    0x0800689e   0x0800689e   0x00000024   Code   RO         3330    i.TIM_TI2_ConfigInputStage  stm32f4xx_hal_tim.o
    0x080068c2   0x080068c2   0x00000016   Code   RO         6796    i.Telescope_Task    telescope_task.o
    0x080068d8   0x080068d8   0x00000010   Code   RO         4242    i.UART_DMAAbortOnError  stm32f4xx_hal_uart.o
    0x080068e8   0x080068e8   0x0000004e   Code   RO         4252    i.UART_EndRxTransfer  stm32f4xx_hal_uart.o
    0x08006936   0x08006936   0x0000001a   Code   RO         4253    i.UART_EndTransmit_IT  stm32f4xx_hal_uart.o
    0x08006950   0x08006950   0x000000c8   Code   RO         4255    i.UART_Receive_IT   stm32f4xx_hal_uart.o
    0x08006a18   0x08006a18   0x00000114   Code   RO         4256    i.UART_SetConfig    stm32f4xx_hal_uart.o
    0x08006b2c   0x08006b2c   0x0000005e   Code   RO         4259    i.UART_Transmit_IT  stm32f4xx_hal_uart.o
    0x08006b8a   0x08006b8a   0x00000074   Code   RO         4260    i.UART_WaitOnFlagUntilTimeout  stm32f4xx_hal_uart.o
    0x08006bfe   0x08006bfe   0x00000002   PAD
    0x08006c00   0x08006c00   0x0000000c   Code   RO          890    i.USART1_IRQHandler  stm32f4xx_it.o
    0x08006c0c   0x08006c0c   0x000000c4   Code   RO         7693    i.USART3_IRQHandler  remote_control.o
    0x08006cd0   0x08006cd0   0x000000b4   Code   RO         6552    i.USART6_IRQHandler  referee_task.o
    0x08006d84   0x08006d84   0x00000002   Code   RO          891    i.UsageFault_Handler  stm32f4xx_it.o
    0x08006d86   0x08006d86   0x00000030   Code   RO         8563    i.__ARM_fpclassify  m_wm.l(fpclassify.o)
    0x08006db6   0x08006db6   0x00000026   Code   RO         8482    i.__ARM_fpclassifyf  m_wm.l(fpclassifyf.o)
    0x08006ddc   0x08006ddc   0x00000020   Code   RO         2101    i.__NVIC_SetPriority  stm32f4xx_hal_cortex.o
    0x08006dfc   0x08006dfc   0x00000004   PAD
    0x08006e00   0x08006e00   0x00000358   Code   RO         8249    i.__hardfp_acos     m_wm.l(acos.o)
    0x08007158   0x08007158   0x000002d8   Code   RO         8451    i.__hardfp_atan     m_wm.l(atan.o)
    0x08007430   0x08007430   0x00000200   Code   RO         8263    i.__hardfp_atan2    m_wm.l(atan2.o)
    0x08007630   0x08007630   0x000002ac   Code   RO         8275    i.__hardfp_atan2f   m_wm.l(atan2f.o)
    0x080078dc   0x080078dc   0x00000004   PAD
    0x080078e0   0x080078e0   0x000000c8   Code   RO         8287    i.__hardfp_cos      m_wm.l(cos.o)
    0x080079a8   0x080079a8   0x00000150   Code   RO         8299    i.__hardfp_cosf     m_wm.l(cosf.o)
    0x08007af8   0x08007af8   0x00000014   Code   RO         8311    i.__hardfp_fabs     m_wm.l(fabs.o)
    0x08007b0c   0x08007b0c   0x00000004   PAD
    0x08007b10   0x08007b10   0x000000c8   Code   RO         8317    i.__hardfp_sin      m_wm.l(sin.o)
    0x08007bd8   0x08007bd8   0x00000190   Code   RO         8329    i.__hardfp_sinf     m_wm.l(sinf.o)
    0x08007d68   0x08007d68   0x0000007a   Code   RO         8341    i.__hardfp_sqrt     m_wm.l(sqrt.o)
    0x08007de2   0x08007de2   0x00000006   PAD
    0x08007de8   0x08007de8   0x00000438   Code   RO         8501    i.__ieee754_rem_pio2  m_wm.l(rred.o)
    0x08008220   0x08008220   0x00000170   Code   RO         8465    i.__kernel_cos      m_wm.l(cos_i.o)
    0x08008390   0x08008390   0x000000f8   Code   RO         8498    i.__kernel_poly     m_wm.l(poly.o)
    0x08008488   0x08008488   0x00000130   Code   RO         8509    i.__kernel_sin      m_wm.l(sin_i.o)
    0x080085b8   0x080085b8   0x00000014   Code   RO         8469    i.__mathlib_dbl_infnan  m_wm.l(dunder.o)
    0x080085cc   0x080085cc   0x00000014   Code   RO         8470    i.__mathlib_dbl_infnan2  m_wm.l(dunder.o)
    0x080085e0   0x080085e0   0x00000020   Code   RO         8471    i.__mathlib_dbl_invalid  m_wm.l(dunder.o)
    0x08008600   0x08008600   0x00000020   Code   RO         8474    i.__mathlib_dbl_underflow  m_wm.l(dunder.o)
    0x08008620   0x08008620   0x00000006   Code   RO         8485    i.__mathlib_flt_infnan  m_wm.l(funder.o)
    0x08008626   0x08008626   0x00000006   Code   RO         8486    i.__mathlib_flt_infnan2  m_wm.l(funder.o)
    0x0800862c   0x0800862c   0x00000010   Code   RO         8487    i.__mathlib_flt_invalid  m_wm.l(funder.o)
    0x0800863c   0x0800863c   0x00000010   Code   RO         8490    i.__mathlib_flt_underflow  m_wm.l(funder.o)
    0x0800864c   0x0800864c   0x00000154   Code   RO         8506    i.__mathlib_rredf2  m_wm.l(rredf.o)
    0x080087a0   0x080087a0   0x00000002   Code   RO          798    i._sys_exit         usart.o
    0x080087a2   0x080087a2   0x00000002   PAD
    0x080087a4   0x080087a4   0x0000002c   Code   RO         7285    i.append_CRC16_check_sum  crc8_crc16.o
    0x080087d0   0x080087d0   0x00000020   Code   RO         7286    i.append_CRC8_check_sum  crc8_crc16.o
    0x080087f0   0x080087f0   0x00000010   Code   RO         8453    i.atan              m_wm.l(atan.o)
    0x08008800   0x08008800   0x0000011c   Code   RO         6845    i.bmi088_accel_init  bmi088driver.o
    0x0800891c   0x0800891c   0x000002b0   Code   RO         6846    i.bmi088_accel_self_test  bmi088driver.o
    0x08008bcc   0x08008bcc   0x000000dc   Code   RO         6847    i.bmi088_gyro_init  bmi088driver.o
    0x08008ca8   0x08008ca8   0x000000ca   Code   RO         6848    i.bmi088_gyro_self_test  bmi088driver.o
    0x08008d72   0x08008d72   0x00000002   PAD
    0x08008d74   0x08008d74   0x00000058   Code   RO         7997    i.can_filter_init   bsp_can.o
    0x08008dcc   0x08008dcc   0x00000038   Code   RO         7736    i.f103_control_loop  shoot_task.o
    0x08008e04   0x08008e04   0x00000018   Code   RO         8313    i.fabs              m_wm.l(fabs.o)
    0x08008e1c   0x08008e1c   0x0000002e   Code   RO         7364    i.fifo_s_get        fifo.o
    0x08008e4a   0x08008e4a   0x00000016   Code   RO         7367    i.fifo_s_init       fifo.o
    0x08008e60   0x08008e60   0x00000084   Code   RO         7373    i.fifo_s_puts       fifo.o
    0x08008ee4   0x08008ee4   0x00000004   Code   RO         7375    i.fifo_s_used       fifo.o
    0x08008ee8   0x08008ee8   0x00000028   Code   RO         7849    i.float_to_uint     math_lib.o
    0x08008f10   0x08008f10   0x0000004a   Code   RO         7052    i.float_to_uint_mi  can_task.o
    0x08008f5a   0x08008f5a   0x00000002   PAD
    0x08008f5c   0x08008f5c   0x00000110   Code   RO         6389    i.fn_AHRS_init      ins_task.o
    0x0800906c   0x0800906c   0x00000010   Code   RO         5993    i.fn_BuzzerClose    buzzer_task.o
    0x0800907c   0x0800907c   0x0000002c   Code   RO         5994    i.fn_BuzzerPrompt   buzzer_task.o
    0x080090a8   0x080090a8   0x00000030   Code   RO         6085    i.fn_CalibrationInit  calibrate_task.o
    0x080090d8   0x080090d8   0x00000078   Code   RO         6086    i.fn_CalibrationStart  calibrate_task.o
    0x08009150   0x08009150   0x000000bc   Code   RO         6163    i.fn_ChassisInit    chassis_task.o
    0x0800920c   0x0800920c   0x000000e4   Code   RO         6164    i.fn_ChassisMode    chassis_task.o
    0x080092f0   0x080092f0   0x00000070   Code   RO         7053    i.fn_ChassisMotor3508Data  can_task.o
    0x08009360   0x08009360   0x000000c0   Code   RO         6165    i.fn_ChassisMotorInit  chassis_task.o
    0x08009420   0x08009420   0x00000c5c   Code   RO         6166    i.fn_ChassisMove    chassis_task.o
    0x0800a07c   0x0800a07c   0x00000048   Code   RO         7055    i.fn_DM_start_motor  can_task.o
    0x0800a0c4   0x0800a0c4   0x00000014   Code   RO         6252    i.fn_ErrorFlagInit  detect_task.o
    0x0800a0d8   0x0800a0d8   0x00000024   Code   RO         7850    i.fn_Fp32Limit      math_lib.o
    0x0800a0fc   0x0800a0fc   0x0000018c   Code   RO         6312    i.fn_GimbalInit     gimbal_task.o
    0x0800a288   0x0800a288   0x00000088   Code   RO         6313    i.fn_GimbalMode     gimbal_task.o
    0x0800a310   0x0800a310   0x00000114   Code   RO         6314    i.fn_GimbalMotorInit  gimbal_task.o
    0x0800a424   0x0800a424   0x00000050   Code   RO         7058    i.fn_GimbalMotorMidata  can_task.o
    0x0800a474   0x0800a474   0x00000684   Code   RO         6315    i.fn_GimbalMove     gimbal_task.o
    0x0800aaf8   0x0800aaf8   0x00000098   Code   RO         6087    i.fn_GyroCalibration  calibrate_task.o
    0x0800ab90   0x0800ab90   0x00000044   Code   RO         6390    i.fn_INSInit        ins_task.o
    0x0800abd4   0x0800abd4   0x0000009c   Code   RO         7949    i.fn_Iclear_PidClac  pid.o
    0x0800ac70   0x0800ac70   0x0000002c   Code   RO         7852    i.fn_InvSqrt        math_lib.o
    0x0800ac9c   0x0800ac9c   0x00000044   Code   RO         6498    i.fn_LedBlue        led_task.o
    0x0800ace0   0x0800ace0   0x00000044   Code   RO         6499    i.fn_LedGreen       led_task.o
    0x0800ad24   0x0800ad24   0x00000024   Code   RO         6500    i.fn_LedInit        led_task.o
    0x0800ad48   0x0800ad48   0x00000044   Code   RO         6501    i.fn_LedRed         led_task.o
    0x0800ad8c   0x0800ad8c   0x00000200   Code   RO         6391    i.fn_MahonyAHRSupdateIMU  ins_task.o
    0x0800af8c   0x0800af8c   0x00000038   Code   RO         6316    i.fn_MotorMode      gimbal_task.o
    0x0800afc4   0x0800afc4   0x00000086   Code   RO         7951    i.fn_PidClac        pid.o
    0x0800b04a   0x0800b04a   0x00000002   PAD
    0x0800b04c   0x0800b04c   0x000000a8   Code   RO         7952    i.fn_PidClacAngle   pid.o
    0x0800b0f4   0x0800b0f4   0x00000058   Code   RO         7953    i.fn_PidInit        pid.o
    0x0800b14c   0x0800b14c   0x00000044   Code   RO         7853    i.fn_RadFormat      math_lib.o
    0x0800b190   0x0800b190   0x00000098   Code   RO         6253    i.fn_RemoteControlDataErrorTest  detect_task.o
    0x0800b228   0x0800b228   0x0000004c   Code   RO         6254    i.fn_RolloverTest   detect_task.o
    0x0800b274   0x0800b274   0x00000134   Code   RO         7737    i.fn_ShootMotorInit  shoot_task.o
    0x0800b3a8   0x0800b3a8   0x0000016c   Code   RO         7738    i.fn_Shoot_action   shoot_task.o
    0x0800b514   0x0800b514   0x0000007c   Code   RO         7739    i.fn_Shoot_feedback_update  shoot_task.o
    0x0800b590   0x0800b590   0x000002b0   Code   RO         7740    i.fn_Shoot_set_mode  shoot_task.o
    0x0800b840   0x0800b840   0x000000f8   Code   RO         6797    i.fn_TelescopeInit  telescope_task.o
    0x0800b938   0x0800b938   0x00000078   Code   RO         6798    i.fn_TelescopeMode  telescope_task.o
    0x0800b9b0   0x0800b9b0   0x00000164   Code   RO         7059    i.fn_TriggerMotor3508Data  can_task.o
    0x0800bb14   0x0800bb14   0x00000104   Code   RO         7856    i.fn_WheelSpeedW1   math_lib.o
    0x0800bc18   0x0800bc18   0x00000108   Code   RO         7857    i.fn_WheelSpeedW2   math_lib.o
    0x0800bd20   0x0800bd20   0x00000108   Code   RO         7858    i.fn_WheelSpeedW3   math_lib.o
    0x0800be28   0x0800be28   0x00000104   Code   RO         7859    i.fn_WheelSpeedW4   math_lib.o
    0x0800bf2c   0x0800bf2c   0x000000dc   Code   RO         6743    i.fn_cap_Contorl    supercap_task.o
    0x0800c008   0x0800c008   0x0000001c   Code   RO         6744    i.fn_cap_init       supercap_task.o
    0x0800c024   0x0800c024   0x000001b8   Code   RO         7621    i.fn_chassis_power_control  power_control.o
    0x0800c1dc   0x0800c1dc   0x0000016c   Code   RO         7622    i.fn_chassis_speed_autoset  power_control.o
    0x0800c348   0x0800c348   0x00000020   Code   RO         7623    i.fn_chassis_speed_reset_speed  power_control.o
    0x0800c368   0x0800c368   0x00000020   Code   RO         7624    i.fn_chassis_speed_reset_w  power_control.o
    0x0800c388   0x0800c388   0x00000050   Code   RO         7060    i.fn_cmd_CAN1GimbalMotor1  can_task.o
    0x0800c3d8   0x0800c3d8   0x00000050   Code   RO         7062    i.fn_cmd_CAN2ChassisMotor  can_task.o
    0x0800c428   0x0800c428   0x00000058   Code   RO         7063    i.fn_cmd_CAN2TriggerMotor  can_task.o
    0x0800c480   0x0800c480   0x0000004c   Code   RO         7064    i.fn_cmd_F103       can_task.o
    0x0800c4cc   0x0800c4cc   0x00000098   Code   RO         7065    i.fn_cmd_quat_to_computer  can_task.o
    0x0800c564   0x0800c564   0x00000050   Code   RO         7066    i.fn_cmd_shoot_data_to_computer  can_task.o
    0x0800c5b4   0x0800c5b4   0x0000006c   Code   RO         7067    i.fn_cmd_supercap   can_task.o
    0x0800c620   0x0800c620   0x000000e4   Code   RO         7068    i.fn_ctrl_DM_motor  can_task.o
    0x0800c704   0x0800c704   0x00000088   Code   RO         7954    i.fn_delta_PidClac  pid.o
    0x0800c78c   0x0800c78c   0x00000008   Code   RO         7069    i.fn_get_f103_data_point  can_task.o
    0x0800c794   0x0800c794   0x00000090   Code   RO         6317    i.fn_get_pitch_zero_encode  gimbal_task.o
    0x0800c824   0x0800c824   0x00000098   Code   RO         7625    i.fn_level_power_limit  power_control.o
    0x0800c8bc   0x0800c8bc   0x0000001a   Code   RO         7831    i.fn_low_filter     filter.o
    0x0800c8d6   0x0800c8d6   0x00000002   PAD
    0x0800c8d8   0x0800c8d8   0x00000034   Code   RO         6255    i.fn_rc_work_state_test  detect_task.o
    0x0800c90c   0x0800c90c   0x0000001c   Code   RO         7860    i.fn_scope_judgment  math_lib.o
    0x0800c928   0x0800c928   0x00000038   Code   RO         7741    i.fn_shoot_bullet_control  shoot_task.o
    0x0800c960   0x0800c960   0x00000030   Code   RO         7742    i.fn_shoot_control_loop  shoot_task.o
    0x0800c990   0x0800c990   0x000000b4   Code   RO         7743    i.fn_shoot_init     shoot_task.o
    0x0800ca44   0x0800ca44   0x00000084   Code   RO         6256    i.fn_trigger_motor_block  detect_task.o
    0x0800cac8   0x0800cac8   0x00000030   Code   RO         7287    i.get_CRC16_check_sum  crc8_crc16.o
    0x0800caf8   0x0800caf8   0x0000001c   Code   RO         7288    i.get_CRC8_check_sum  crc8_crc16.o
    0x0800cb14   0x0800cb14   0x0000004c   Code   RO         7070    i.get_autoaim_measure  can_task.o
    0x0800cb60   0x0800cb60   0x00000064   Code   RO         7071    i.get_cap_data      can_task.o
    0x0800cbc4   0x0800cbc4   0x0000001c   Code   RO         6553    i.get_chassis_power_and_buffer  referee_task.o
    0x0800cbe0   0x0800cbe0   0x00000098   Code   RO         7072    i.get_dm_motor_data  can_task.o
    0x0800cc78   0x0800cc78   0x0000000a   Code   RO         7073    i.get_f103_data     can_task.o
    0x0800cc82   0x0800cc82   0x00000002   PAD
    0x0800cc84   0x0800cc84   0x0000007c   Code   RO         7074    i.get_mi_motor_data  can_task.o
    0x0800cd00   0x0800cd00   0x00000028   Code   RO         7075    i.get_motor_measure  can_task.o
    0x0800cd28   0x0800cd28   0x000000c4   Code   RO         6554    i.get_robot_id      referee_task.o
    0x0800cdec   0x0800cdec   0x00000124   Code   RO         6392    i.imu_cmd_spi_dma   ins_task.o
    0x0800cf10   0x0800cf10   0x00000080   Code   RO         6393    i.imu_temp_control  ins_task.o
    0x0800cf90   0x0800cf90   0x0000002c   Code   RO         7076    i.init_cybergear    can_task.o
    0x0800cfbc   0x0800cfbc   0x000000c8   Code   RO         6556    i.init_referee_struct_data  referee_task.o
    0x0800d084   0x0800d084   0x00000090   Code   RO           16    i.main              main.o
    0x0800d114   0x0800d114   0x0000000c   Code   RO         5466    i.makeFreeRtosPriority  cmsis_os.o
    0x0800d120   0x0800d120   0x00000120   Code   RO         7077    i.motor_mi_controlmode  can_task.o
    0x0800d240   0x0800d240   0x00000010   Code   RO         5468    i.osDelay           cmsis_os.o
    0x0800d250   0x0800d250   0x0000000a   Code   RO         5471    i.osKernelStart     cmsis_os.o
    0x0800d25a   0x0800d25a   0x00000058   Code   RO         5505    i.osThreadCreate    cmsis_os.o
    0x0800d2b2   0x0800d2b2   0x00000002   PAD
    0x0800d2b4   0x0800d2b4   0x00000024   Code   RO         5097    i.pcTaskGetName     tasks.o
    0x0800d2d8   0x0800d2d8   0x0000003c   Code   RO         7559    i.plot3             plot.o
    0x0800d314   0x0800d314   0x00000078   Code   RO         5098    i.prvAddCurrentTaskToDelayedList  tasks.o
    0x0800d38c   0x0800d38c   0x00000088   Code   RO         5099    i.prvAddNewTaskToReadyList  tasks.o
    0x0800d414   0x0800d414   0x0000003c   Code   RO         5100    i.prvCheckTasksWaitingTermination  tasks.o
    0x0800d450   0x0800d450   0x00000040   Code   RO         5101    i.prvDeleteTCB      tasks.o
    0x0800d490   0x0800d490   0x0000004c   Code   RO         5845    i.prvHeapInit       heap_4.o
    0x0800d4dc   0x0800d4dc   0x00000028   Code   RO         5102    i.prvIdleTask       tasks.o
    0x0800d504   0x0800d504   0x000000ac   Code   RO         5103    i.prvInitialiseNewTask  tasks.o
    0x0800d5b0   0x0800d5b0   0x00000058   Code   RO         5104    i.prvInitialiseTaskLists  tasks.o
    0x0800d608   0x0800d608   0x00000054   Code   RO         5846    i.prvInsertBlockIntoFreeList  heap_4.o
    0x0800d65c   0x0800d65c   0x00000024   Code   RO         5105    i.prvResetNextTaskUnblockTime  tasks.o
    0x0800d680   0x0800d680   0x00000066   Code   RO         5106    i.prvSearchForNameWithinSingleList  tasks.o
    0x0800d6e6   0x0800d6e6   0x00000002   PAD
    0x0800d6e8   0x0800d6e8   0x0000002c   Code   RO         5914    i.prvTaskExitError  port.o
    0x0800d714   0x0800d714   0x000000dc   Code   RO         5847    i.pvPortMalloc      heap_4.o
    0x0800d7f0   0x0800d7f0   0x00000024   Code   RO         5915    i.pxPortInitialiseStack  port.o
    0x0800d814   0x0800d814   0x000003c8   Code   RO         6394    i.quaternion2eulers  ins_task.o
    0x0800dbdc   0x0800dbdc   0x000001c4   Code   RO         6557    i.referee_data_solve  referee_task.o
    0x0800dda0   0x0800dda0   0x0000006c   Code   RO         6559    i.referee_send_client_graphic  referee_task.o
    0x0800de0c   0x0800de0c   0x0000006c   Code   RO         6561    i.referee_send_multi_graphic  referee_task.o
    0x0800de78   0x0800de78   0x0000012c   Code   RO         6563    i.referee_unpack_fifo_data  referee_task.o
    0x0800dfa4   0x0800dfa4   0x00000010   Code   RO         7694    i.remote_control_init  remote_control.o
    0x0800dfb4   0x0800dfb4   0x000000d8   Code   RO         7695    i.sbus_to_rc        remote_control.o
    0x0800e08c   0x0800e08c   0x000000f4   Code   RO         6565    i.send_capvol_graphic  referee_task.o
    0x0800e180   0x0800e180   0x00000380   Code   RO         6569    i.send_multi_dynamic_graphic  referee_task.o
    0x0800e500   0x0800e500   0x00000420   Code   RO         6570    i.send_multi_static_graphic  referee_task.o
    0x0800e920   0x0800e920   0x00000012   Code   RO         7078    i.set_mode_cybergear  can_task.o
    0x0800e932   0x0800e932   0x0000006e   Code   RO         8343    i.sqrt              m_wm.l(sqrt.o)
    0x0800e9a0   0x0800e9a0   0x00000028   Code   RO         7079    i.start_cybergear   can_task.o
    0x0800e9c8   0x0800e9c8   0x0000003c   Code   RO         5996    i.tim1              buzzer_task.o
    0x0800ea04   0x0800ea04   0x0000003c   Code   RO         5997    i.tim2              buzzer_task.o
    0x0800ea40   0x0800ea40   0x0000003c   Code   RO         5998    i.tim3              buzzer_task.o
    0x0800ea7c   0x0800ea7c   0x00000028   Code   RO         7080    i.uint16_to_float   can_task.o
    0x0800eaa4   0x0800eaa4   0x00000028   Code   RO         7861    i.uint_to_float     math_lib.o
    0x0800eacc   0x0800eacc   0x00000068   Code   RO         5110    i.ulTaskNotifyTake  tasks.o
    0x0800eb34   0x0800eb34   0x000000d4   Code   RO         8075    i.usart6_init       bsp_usart.o
    0x0800ec08   0x0800ec08   0x00000074   Code   RO         8076    i.usart6_tx_dma_enable  bsp_usart.o
    0x0800ec7c   0x0800ec7c   0x00000026   Code   RO         4711    i.uxListRemove      list.o
    0x0800eca2   0x0800eca2   0x00000002   PAD
    0x0800eca4   0x0800eca4   0x00000014   Code   RO          411    i.vApplicationGetIdleTaskMemory  freertos.o
    0x0800ecb8   0x0800ecb8   0x00000016   Code   RO         4712    i.vListInitialise   list.o
    0x0800ecce   0x0800ecce   0x00000006   Code   RO         4713    i.vListInitialiseItem  list.o
    0x0800ecd4   0x0800ecd4   0x00000030   Code   RO         4714    i.vListInsert       list.o
    0x0800ed04   0x0800ed04   0x00000018   Code   RO         4715    i.vListInsertEnd    list.o
    0x0800ed1c   0x0800ed1c   0x00000040   Code   RO         5917    i.vPortEnterCritical  port.o
    0x0800ed5c   0x0800ed5c   0x0000002c   Code   RO         5918    i.vPortExitCritical  port.o
    0x0800ed88   0x0800ed88   0x00000064   Code   RO         5848    i.vPortFree         heap_4.o
    0x0800edec   0x0800edec   0x00000024   Code   RO         5919    i.vPortSetupTimerInterrupt  port.o
    0x0800ee10   0x0800ee10   0x00000054   Code   RO         5920    i.vPortValidateInterruptPriority  port.o
    0x0800ee64   0x0800ee64   0x00000050   Code   RO         5118    i.vTaskDelay        tasks.o
    0x0800eeb4   0x0800eeb4   0x000000bc   Code   RO         5123    i.vTaskNotifyGiveFromISR  tasks.o
    0x0800ef70   0x0800ef70   0x00000088   Code   RO         5131    i.vTaskStartScheduler  tasks.o
    0x0800eff8   0x0800eff8   0x00000010   Code   RO         5133    i.vTaskSuspendAll   tasks.o
    0x0800f008   0x0800f008   0x00000060   Code   RO         5134    i.vTaskSwitchContext  tasks.o
    0x0800f068   0x0800f068   0x00000040   Code   RO         7289    i.verify_CRC16_check_sum  crc8_crc16.o
    0x0800f0a8   0x0800f0a8   0x0000002e   Code   RO         7290    i.verify_CRC8_check_sum  crc8_crc16.o
    0x0800f0d6   0x0800f0d6   0x00000002   PAD
    0x0800f0d8   0x0800f0d8   0x000000f4   Code   RO         5921    i.xPortStartScheduler  port.o
    0x0800f1cc   0x0800f1cc   0x00000064   Code   RO         5138    i.xTaskCreate       tasks.o
    0x0800f230   0x0800f230   0x0000005c   Code   RO         5139    i.xTaskCreateStatic  tasks.o
    0x0800f28c   0x0800f28c   0x00000088   Code   RO         5143    i.xTaskGetHandle    tasks.o
    0x0800f314   0x0800f314   0x0000001c   Code   RO         5144    i.xTaskGetSchedulerState  tasks.o
    0x0800f330   0x0800f330   0x000000d0   Code   RO         5147    i.xTaskIncrementTick  tasks.o
    0x0800f400   0x0800f400   0x000000cc   Code   RO         5153    i.xTaskResumeAll    tasks.o
    0x0800f4cc   0x0800f4cc   0x00000018   Code   RO         8217    x$fpl$basic         fz_wm.l(basic.o)
    0x0800f4e4   0x0800f4e4   0x00000062   Code   RO         8219    x$fpl$d2f           fz_wm.l(d2f.o)
    0x0800f546   0x0800f546   0x00000002   PAD
    0x0800f548   0x0800f548   0x00000150   Code   RO         8221    x$fpl$dadd          fz_wm.l(daddsub_clz.o)
    0x0800f698   0x0800f698   0x00000018   Code   RO         8436    x$fpl$dcmpinf       fz_wm.l(dcmpi.o)
    0x0800f6b0   0x0800f6b0   0x000002b0   Code   RO         8228    x$fpl$ddiv          fz_wm.l(ddiv.o)
    0x0800f960   0x0800f960   0x00000078   Code   RO         8438    x$fpl$deqf          fz_wm.l(deqf.o)
    0x0800f9d8   0x0800f9d8   0x0000005e   Code   RO         8557    x$fpl$dfix          fz_wm.l(dfix.o)
    0x0800fa36   0x0800fa36   0x00000002   PAD
    0x0800fa38   0x0800fa38   0x0000005a   Code   RO         8231    x$fpl$dfixu         fz_wm.l(dfixu.o)
    0x0800fa92   0x0800fa92   0x0000002e   Code   RO         8236    x$fpl$dflt          fz_wm.l(dflt_clz.o)
    0x0800fac0   0x0800fac0   0x00000026   Code   RO         8235    x$fpl$dfltu         fz_wm.l(dflt_clz.o)
    0x0800fae6   0x0800fae6   0x00000002   PAD
    0x0800fae8   0x0800fae8   0x00000078   Code   RO         8241    x$fpl$dleqf         fz_wm.l(dleqf.o)
    0x0800fb60   0x0800fb60   0x00000154   Code   RO         8243    x$fpl$dmul          fz_wm.l(dmul.o)
    0x0800fcb4   0x0800fcb4   0x0000009c   Code   RO         8440    x$fpl$dnaninf       fz_wm.l(dnaninf.o)
    0x0800fd50   0x0800fd50   0x0000000c   Code   RO         8442    x$fpl$dretinf       fz_wm.l(dretinf.o)
    0x0800fd5c   0x0800fd5c   0x0000006c   Code   RO         8245    x$fpl$drleqf        fz_wm.l(drleqf.o)
    0x0800fdc8   0x0800fdc8   0x00000016   Code   RO         8222    x$fpl$drsb          fz_wm.l(daddsub_clz.o)
    0x0800fdde   0x0800fdde   0x00000002   PAD
    0x0800fde0   0x0800fde0   0x00000198   Code   RO         8444    x$fpl$dsqrt         fz_wm.l(dsqrt_umaal.o)
    0x0800ff78   0x0800ff78   0x000001d4   Code   RO         8223    x$fpl$dsub          fz_wm.l(daddsub_clz.o)
    0x0801014c   0x0801014c   0x00000056   Code   RO         8247    x$fpl$f2d           fz_wm.l(f2d.o)
    0x080101a2   0x080101a2   0x0000008c   Code   RO         8446    x$fpl$fnaninf       fz_wm.l(fnaninf.o)
    0x0801022e   0x0801022e   0x0000000a   Code   RO         8561    x$fpl$fpinit        fz_wm.l(fpinit.o)
    0x08010238   0x08010238   0x0000000a   Code   RO         8448    x$fpl$fretinf       fz_wm.l(fretinf.o)
    0x08010242   0x08010242   0x00000000   Code   RO         8450    x$fpl$usenofp       fz_wm.l(usenofp.o)
    0x08010242   0x08010242   0x00000002   PAD
    0x08010244   0x08010244   0x00000134   Data   RO          413    .constdata          freertos.o
    0x08010378   0x08010378   0x00000008   Data   RO         1815    .constdata          stm32f4xx_hal_dma.o
    0x08010380   0x08010380   0x00000010   Data   RO         4574    .constdata          system_stm32f4xx.o
    0x08010390   0x08010390   0x00000008   Data   RO         4575    .constdata          system_stm32f4xx.o
    0x08010398   0x08010398   0x0000003c   Data   RO         6168    .constdata          chassis_task.o
    0x080103d4   0x080103d4   0x00000090   Data   RO         6319    .constdata          gimbal_task.o
    0x08010464   0x08010464   0x00000012   Data   RO         6853    .constdata          bmi088driver.o
    0x08010476   0x08010476   0x00000300   Data   RO         7292    .constdata          crc8_crc16.o
    0x08010776   0x08010776   0x00000002   PAD
    0x08010778   0x08010778   0x00000030   Data   RO         7745    .constdata          shoot_task.o
    0x080107a8   0x080107a8   0x00000050   Data   RO         8252    .constdata          m_wm.l(acos.o)
    0x080107f8   0x080107f8   0x00000098   Data   RO         8454    .constdata          m_wm.l(atan.o)
    0x08010890   0x08010890   0x00000030   Data   RO         8466    .constdata          m_wm.l(cos_i.o)
    0x080108c0   0x080108c0   0x00000008   Data   RO         8500    .constdata          m_wm.l(qnan.o)
    0x080108c8   0x080108c8   0x000000c8   Data   RO         8503    .constdata          m_wm.l(rred.o)
    0x08010990   0x08010990   0x00000020   Data   RO         8507    .constdata          m_wm.l(rredf.o)
    0x080109b0   0x080109b0   0x00000028   Data   RO         8510    .constdata          m_wm.l(sin_i.o)
    0x080109d8   0x080109d8   0x00000098   Data   RO          414    .conststring        freertos.o
    0x08010a70   0x08010a70   0x00000020   Data   RO         8647    Region$$Table       anon$$obj.o


    Execution Region RW_IRAM1 (Exec base: 0x20000000, Load base: 0x08010a90, Size: 0x000081a8, Max: 0x0001c000, ABSOLUTE, COMPRESSED[0x0000006c])

    Exec Addr    Load Addr    Size         Type   Attr      Idx    E Section Name        Object

    0x20000000   COMPRESSED   0x0000002c   Data   RW          415    .data               freertos.o
    0x2000002c   COMPRESSED   0x00000004   Data   RW          553    .data               can.o
    0x20000030   COMPRESSED   0x0000000c   Data   RW         2260    .data               stm32f4xx_hal.o
    0x2000003c   COMPRESSED   0x00000004   Data   RW         4576    .data               system_stm32f4xx.o
    0x20000040   COMPRESSED   0x0000003c   Data   RW         5156    .data               tasks.o
    0x2000007c   COMPRESSED   0x00000020   Data   RW         5854    .data               heap_4.o
    0x2000009c   COMPRESSED   0x0000000c   Data   RW         5922    .data               port.o
    0x200000a8   COMPRESSED   0x00000001   Data   RW         6004    .data               buzzer_task.o
    0x200000a9   COMPRESSED   0x00000003   PAD
    0x200000ac   COMPRESSED   0x00000020   Data   RW         6088    .data               calibrate_task.o
    0x200000cc   COMPRESSED   0x00000018   Data   RW         6169    .data               chassis_task.o
    0x200000e4   COMPRESSED   0x0000000e   Data   RW         6257    .data               detect_task.o
    0x200000f2   COMPRESSED   0x00000014   Data   RW         6320    .data               gimbal_task.o
    0x20000106   COMPRESSED   0x00000002   PAD
    0x20000108   COMPRESSED   0x00000054   Data   RW         6396    .data               ins_task.o
    0x2000015c   COMPRESSED   0x00000006   Data   RW         6502    .data               led_task.o
    0x20000162   COMPRESSED   0x00000002   PAD
    0x20000164   COMPRESSED   0x00000056   Data   RW         6587    .data               referee_task.o
    0x200001ba   COMPRESSED   0x0000000a   Data   RW         6746    .data               supercap_task.o
    0x200001c4   COMPRESSED   0x0000002c   Data   RW         6854    .data               bmi088driver.o
    0x200001f0   COMPRESSED   0x0000000c   Data   RW         7083    .data               can_task.o
    0x200001fc   COMPRESSED   0x00000002   Data   RW         7293    .data               crc8_crc16.o
    0x200001fe   COMPRESSED   0x00000002   PAD
    0x20000200   COMPRESSED   0x00000018   Data   RW         7626    .data               power_control.o
    0x20000218   COMPRESSED   0x00000004   Data   RW         7627    .data               power_control.o
    0x2000021c   COMPRESSED   0x00000004   Data   RW         7628    .data               power_control.o
    0x20000220   COMPRESSED   0x00000004   Data   RW         7629    .data               power_control.o
    0x20000224   COMPRESSED   0x00000004   Data   RW         7630    .data               power_control.o
    0x20000228   COMPRESSED   0x00000004   Data   RW         7631    .data               power_control.o
    0x2000022c   COMPRESSED   0x00000004   Data   RW         7632    .data               power_control.o
    0x20000230   COMPRESSED   0x00000004   Data   RW         7697    .data               remote_control.o
    0x20000234   COMPRESSED   0x00000018   Data   RW         7747    .data               shoot_task.o
    0x2000024c        -       0x00000254   Zero   RW          412    .bss                freertos.o
    0x200004a0        -       0x00000050   Zero   RW          552    .bss                can.o
    0x200004f0        -       0x00000020   Zero   RW          627    .bss                rtc.o
    0x20000510        -       0x00000118   Zero   RW          669    .bss                spi.o
    0x20000628        -       0x00000168   Zero   RW          718    .bss                tim.o
    0x20000790        -       0x000001f8   Zero   RW          801    .bss                usart.o
    0x20000988        -       0x00000048   Zero   RW         1026    .bss                stm32f4xx_hal_timebase_tim.o
    0x200009d0        -       0x000000f0   Zero   RW         5155    .bss                tasks.o
    0x20000ac0        -       0x000050b4   Zero   RW         5853    .bss                heap_4.o
    0x20005b74        -       0x00000074   Zero   RW         6167    .bss                chassis_task.o
    0x20005be8        -       0x00000224   Zero   RW         6318    .bss                gimbal_task.o
    0x20005e0c        -       0x000000bc   Zero   RW         6395    .bss                ins_task.o
    0x20005ec8        -       0x00000bad   Zero   RW         6576    .bss                referee_task.o
    0x20006a75   COMPRESSED   0x00000003   PAD
    0x20006a78        -       0x00000058   Zero   RW         6745    .bss                supercap_task.o
    0x20006ad0        -       0x00000ec8   Zero   RW         7081    .bss                can_task.o
    0x20007998        -       0x0000002b   Zero   RW         7563    .bss                plot.o
    0x200079c3   COMPRESSED   0x00000001   PAD
    0x200079c4        -       0x00000018   Zero   RW         7696    .bss                remote_control.o
    0x200079dc        -       0x00000148   Zero   RW         7744    .bss                shoot_task.o
    0x20007b24        -       0x00000024   Zero   RW         8077    .bss                bsp_usart.o
    0x20007b48        -       0x00000060   Zero   RW         8516    .bss                c_w.l(libspace.o)
    0x20007ba8        -       0x00000200   Zero   RW            2    HEAP                startup_stm32f407xx.o
    0x20007da8        -       0x00000400   Zero   RW            1    STACK               startup_stm32f407xx.o


    Execution Region RW_IRAM2 (Exec base: 0x2001c000, Load base: 0x08010afc, Size: 0x00000000, Max: 0x00004000, ABSOLUTE)

    **** No section assigned to this execution region ****


==============================================================================

Image component sizes


      Code (inc. data)   RO Data    RW Data    ZI Data      Debug   Object Name

      2144         36         18         44          0      11123   bmi088driver.o
       172         28          0          0          0       4688   bmi088middleware.o
        88          8          0          0          0        574   bsp_can.o
      6488         86          0          0          0       5406   bsp_spi.o
       436         54          0          0         36       2566   bsp_usart.o
       320         56          0          1          0       4072   buzzer_task.o
       348         32          0         32          0       2766   calibrate_task.o
       396         44          0          4         80       2554   can.o
      2972        292          0         12       3784      27356   can_task.o
      4144        422         60         24        116       8510   chassis_task.o
       126          0          0          0          0      22991   cmsis_os.o
       262         18        768          2          0       5162   crc8_crc16.o
       524         52          0         14          0       4351   detect_task.o
       124          4          0          0          0        858   dma.o
         0          0          0          0          0      16636   event_groups.o
       204          0          0          0          0       9679   fifo.o
        26          0          0          0          0        896   filter.o
       288         16        460         44        596      35094   freertos.o
      2932        302        144         20        548       9441   gimbal_task.o
       356         26          0          0          0     716319   gpio.o
       480         28          0         32      20660       7599   heap_4.o
      4076        224          0         84        188      20369   ins_task.o
       300         42          0          6          0       2972   led_task.o
       138          0          0          0          0       3614   list.o
       316         28          0          0          0     706876   main.o
      1304         50          0          0          0       8059   math_lib.o
       682         24          0          0          0       4623   pid.o
        60         10          0          0         43       1149   plot.o
       786         84          0         12          0      12037   port.o
      1020         90          0         48          0      10879   power_control.o
      3948        180          0         86       2989      23934   referee_task.o
       428         44          0          4         24       6124   remote_control.o
       116         22          0          0         32       1599   rtc.o
      1824        174         48         24        328      10355   shoot_task.o
       344         32          0          0        280       1955   spi.o
        64         26        392          0       1536        852   startup_stm32f407xx.o
       116         18          0         12          0       8782   stm32f4xx_hal.o
      1766          6          0          0          0      14847   stm32f4xx_hal_can.o
       194         24          0          0          0      33781   stm32f4xx_hal_cortex.o
      1018         14          8          0          0       5883   stm32f4xx_hal_dma.o
       516         50          0          0          0       3666   stm32f4xx_hal_gpio.o
        56          4          0          0          0        878   stm32f4xx_hal_msp.o
      1536         88          0          0          0       7065   stm32f4xx_hal_rcc.o
       328         22          0          0          0       1516   stm32f4xx_hal_rcc_ex.o
       324         10          0          0          0       3427   stm32f4xx_hal_rtc.o
      1008         14          0          0          0       4929   stm32f4xx_hal_spi.o
      2044        142          0          0          0      16694   stm32f4xx_hal_tim.o
       232         30          0          0          0       3445   stm32f4xx_hal_tim_ex.o
       152         20          0          0         72       1579   stm32f4xx_hal_timebase_tim.o
      1650         14          0          0          0      11908   stm32f4xx_hal_uart.o
       126         48          0          0          0       8142   stm32f4xx_it.o
         0          0          0          0          0        392   stream_buffer.o
       288         46          0         10         88       4492   supercap_task.o
        16          4         24          4          0       1151   system_stm32f4xx.o
      2242        156          0         60        240      26647   tasks.o
       390         40          0          0          0       2163   telescope_task.o
      1408        128          0          0        360       6524   tim.o
       702         74          0          0        504       5365   usart.o

    ----------------------------------------------------------------------
     54416       3486       1956        588      32508    1887314   Object Totals
         0          0         32          0          0          0   (incl. Generated)
        68          0          2          9          4          0   (incl. Padding)

    ----------------------------------------------------------------------

      Code (inc. data)   RO Data    RW Data    ZI Data      Debug   Library Member Name

        90          0          0          0          0          0   __dczerorl2.o
         8          0          0          0          0         68   __main.o
         0          0          0          0          0          0   __rtentry.o
        12          0          0          0          0          0   __rtentry2.o
         6          0          0          0          0          0   __rtentry4.o
        52          8          0          0          0          0   __scatter.o
        28          0          0          0          0          0   __scatter_zi.o
        22          0          0          0          0        100   _rserrno.o
        16          0          0          0          0         68   aeabi_memset.o
        18          0          0          0          0         80   exit.o
         6          0          0          0          0        152   heapauxi.o
         2          0          0          0          0          0   libinit.o
         6          0          0          0          0          0   libinit2.o
         2          0          0          0          0          0   libshutdown.o
         2          0          0          0          0          0   libshutdown2.o
         8          4          0          0         96         68   libspace.o
       238          0          0          0          0        100   lludivv7m.o
         8          4          0          0          0         68   rt_errno_addr_intlibspace.o
        68          0          0          0          0         68   rt_memclr.o
        78          0          0          0          0         80   rt_memclr_w.o
       138          0          0          0          0         68   rt_memcpy_v6.o
       100          0          0          0          0         80   rt_memcpy_w.o
         2          0          0          0          0          0   rtexit.o
        10          0          0          0          0          0   rtexit2.o
        62          0          0          0          0         76   strlen.o
        74          0          0          0          0         80   sys_stackheap_outer.o
         2          0          0          0          0         68   use_no_semi.o
         2          0          0          0          0         68   use_no_semi_2.o
        24          0          0          0          0        164   basic.o
        98          4          0          0          0        140   d2f.o
       826         16          0          0          0        492   daddsub_clz.o
        24          0          0          0          0        116   dcmpi.o
       688        140          0          0          0        256   ddiv.o
       120          4          0          0          0        140   deqf.o
        94          4          0          0          0        140   dfix.o
        90          4          0          0          0        140   dfixu.o
        84          0          0          0          0        232   dflt_clz.o
       120          4          0          0          0        140   dleqf.o
       340         12          0          0          0        152   dmul.o
       156          4          0          0          0        140   dnaninf.o
        12          0          0          0          0        116   dretinf.o
       108          0          0          0          0        128   drleqf.o
       408         56          0          0          0        168   dsqrt_umaal.o
        86          4          0          0          0        132   f2d.o
       140          4          0          0          0        132   fnaninf.o
        10          0          0          0          0        116   fpinit.o
        10          0          0          0          0        116   fretinf.o
         0          0          0          0          0          0   usenofp.o
       856        118         80          0          0        288   acos.o
       744        106        152          0          0        352   atan.o
       512         64          0          0          0        208   atan2.o
       684         90          0          0          0        208   atan2f.o
       200         20          0          0          0        164   cos.o
       368         46         48          0          0        200   cos_i.o
       336         56          0          0          0        136   cosf.o
       104         16          0          0          0        496   dunder.o
        44          0          0          0          0        248   fabs.o
        48          0          0          0          0        124   fpclassify.o
        38          0          0          0          0        116   fpclassifyf.o
        44         12          0          0          0        464   funder.o
       248          0          0          0          0        152   poly.o
         0          0          8          0          0          0   qnan.o
      1080        142        200          0          0        188   rred.o
       340         24         32          0          0        160   rredf.o
       200         20          0          0          0        164   sin.o
       304         24         40          0          0        208   sin_i.o
       400         56          0          0          0        212   sinf.o
       232          0          0          0          0        296   sqrt.o

    ----------------------------------------------------------------------
     11308       1070        560          0         96       8836   Library Totals
        28          4          0          0          0          0   (incl. Padding)

    ----------------------------------------------------------------------

      Code (inc. data)   RO Data    RW Data    ZI Data      Debug   Library Name

      1060         16          0          0         96       1292   c_w.l
      3438        256          0          0          0       3160   fz_wm.l
      6782        794        560          0          0       4384   m_wm.l

    ----------------------------------------------------------------------
     11308       1070        560          0         96       8836   Library Totals

    ----------------------------------------------------------------------

==============================================================================


      Code (inc. data)   RO Data    RW Data    ZI Data      Debug   

     65724       4556       2516        588      32604    1857826   Grand Totals
     65724       4556       2516        108      32604    1857826   ELF Image Totals (compressed)
     65724       4556       2516        108          0          0   ROM Totals

==============================================================================

    Total RO  Size (Code + RO Data)                68240 (  66.64kB)
    Total RW  Size (RW Data + ZI Data)             33192 (  32.41kB)
    Total ROM Size (Code + RO Data + RW Data)      68348 (  66.75kB)

==============================================================================

